Archive member included to satisfy reference by file (symbol)

../../nRF5_SDK_15.3/external/nrf_cc310_bl/lib/cortex-m4/hard-float/libnrf_cc310_bl_0.9.12.a(nrf_cc310_bl_ecdsa_verify_secp256r1.c.obj)
                              Output/Release_skip_CRC/Obj/beep_bootloader/cc310_bl_backend_ecdsa.o (nrf_cc310_bl_ecdsa_verify_secp256r1)
../../nRF5_SDK_15.3/external/nrf_cc310_bl/lib/cortex-m4/hard-float/libnrf_cc310_bl_0.9.12.a(nrf_cc310_bl_hash_sha256.c.obj)
                              Output/Release_skip_CRC/Obj/beep_bootloader/cc310_bl_backend_hash.o (nrf_cc310_bl_hash_sha256_init)
../../nRF5_SDK_15.3/external/nrf_cc310_bl/lib/cortex-m4/hard-float/libnrf_cc310_bl_0.9.12.a(nrf_cc310_bl_init.c.obj)
                              Output/Release_skip_CRC/Obj/beep_bootloader/cc310_bl_backend_init.o (nrf_cc310_bl_init)
../../nRF5_SDK_15.3/external/nrf_cc310_bl/lib/cortex-m4/hard-float/libnrf_cc310_bl_0.9.12.a(pka.c.obj)
                              ../../nRF5_SDK_15.3/external/nrf_cc310_bl/lib/cortex-m4/hard-float/libnrf_cc310_bl_0.9.12.a(nrf_cc310_bl_ecdsa_verify_secp256r1.c.obj) (PkaInitAndMutexLock)
../../nRF5_SDK_15.3/external/nrf_cc310_bl/lib/cortex-m4/hard-float/libnrf_cc310_bl_0.9.12.a(pka_ec_wrst_dsa_verify.c.obj)
                              ../../nRF5_SDK_15.3/external/nrf_cc310_bl/lib/cortex-m4/hard-float/libnrf_cc310_bl_0.9.12.a(nrf_cc310_bl_ecdsa_verify_secp256r1.c.obj) (PkaEcdsaVerify)
../../nRF5_SDK_15.3/external/nrf_cc310_bl/lib/cortex-m4/hard-float/libnrf_cc310_bl_0.9.12.a(ssi_pal_mem.c.obj)
                              ../../nRF5_SDK_15.3/external/nrf_cc310_bl/lib/cortex-m4/hard-float/libnrf_cc310_bl_0.9.12.a(nrf_cc310_bl_hash_sha256.c.obj) (SaSi_PalMemCopy)
../../nRF5_SDK_15.3/external/nrf_cc310_bl/lib/cortex-m4/hard-float/libnrf_cc310_bl_0.9.12.a(crys_common_conv_endian.c.obj)
                              ../../nRF5_SDK_15.3/external/nrf_cc310_bl/lib/cortex-m4/hard-float/libnrf_cc310_bl_0.9.12.a(nrf_cc310_bl_ecdsa_verify_secp256r1.c.obj) (CRYS_COMMON_ReverseMemcpy32)
../../nRF5_SDK_15.3/external/nrf_cc310_bl/lib/cortex-m4/hard-float/libnrf_cc310_bl_0.9.12.a(nrf_cc310_bl_hash.c.obj)
                              ../../nRF5_SDK_15.3/external/nrf_cc310_bl/lib/cortex-m4/hard-float/libnrf_cc310_bl_0.9.12.a(nrf_cc310_bl_hash_sha256.c.obj) (nrf_cc310_bl_hash_update_internal)
../../nRF5_SDK_15.3/external/nrf_cc310_bl/lib/cortex-m4/hard-float/libnrf_cc310_bl_0.9.12.a(pka_ec_wrst.c.obj)
                              ../../nRF5_SDK_15.3/external/nrf_cc310_bl/lib/cortex-m4/hard-float/libnrf_cc310_bl_0.9.12.a(pka_ec_wrst_dsa_verify.c.obj) (PkaSum2ScalarMullt)
../../nRF5_SDK_15.3/external/nrf_cc310_bl/lib/cortex-m4/hard-float/libnrf_cc310_bl_0.9.12.a(ssi_hal.c.obj)
                              ../../nRF5_SDK_15.3/external/nrf_cc310_bl/lib/cortex-m4/hard-float/libnrf_cc310_bl_0.9.12.a(nrf_cc310_bl_hash.c.obj) (SaSi_HalClearInterruptBit)
/mnt3/segger_embedded_studio_for_arm_5.64/lib/libc_v7em_fpv4_sp_d16_hard_t_le_eabi.a(libc2.o)
                              Output/Release_skip_CRC/Obj/beep_bootloader/nrf_bootloader_fw_activation.o (memcmp)
/mnt3/segger_embedded_studio_for_arm_5.64/lib/libc_v7em_fpv4_sp_d16_hard_t_le_eabi.a(libc2_asm.o)
                              Output/Release_skip_CRC/Obj/beep_bootloader/app_scheduler.o (memcpy)
/mnt3/segger_embedded_studio_for_arm_5.64/lib/libc_v7em_fpv4_sp_d16_hard_t_le_eabi.a(libvfprintf.o)
                              (__vfprintf_long)
/mnt3/segger_embedded_studio_for_arm_5.64/lib/libc_v7em_fpv4_sp_d16_hard_t_le_eabi.a(libvfscanf.o)
                              (__vfscanf_long)
/mnt3/segger_embedded_studio_for_arm_5.64/lib/libc_v7em_fpv4_sp_d16_hard_t_le_eabi.a(libc.o)
                              /mnt3/segger_embedded_studio_for_arm_5.64/lib/libc_v7em_fpv4_sp_d16_hard_t_le_eabi.a(libc2.o) (__heap_lock)
/mnt3/segger_embedded_studio_for_arm_5.64/lib/libc_v7em_fpv4_sp_d16_hard_t_le_eabi.a(libc_asm.o)
                              /mnt3/segger_embedded_studio_for_arm_5.64/lib/libc_v7em_fpv4_sp_d16_hard_t_le_eabi.a(libc2.o) (__aeabi_uldivmod)
/mnt3/segger_embedded_studio_for_arm_5.64/lib/libdebugio_v7em_fpv4_sp_d16_hard_t_le_eabi.a(libdebugio.o)
                              Output/Release_skip_CRC/Obj/beep_bootloader/thumb_crt0.o (debug_fopen)
/mnt3/segger_embedded_studio_for_arm_5.64/lib/libdebugio_v7em_fpv4_sp_d16_hard_t_le_eabi.a(do_nv_debug_operation.o)
                              /mnt3/segger_embedded_studio_for_arm_5.64/lib/libdebugio_v7em_fpv4_sp_d16_hard_t_le_eabi.a(libdebugio.o) (__do_nvdebug_operation)
/mnt3/segger_embedded_studio_for_arm_5.64/lib/libdebugio_v7em_fpv4_sp_d16_hard_t_le_eabi.a(mempoll_debug_operations.o)
                              (__do_debug_operation_mempoll)
/mnt3/segger_embedded_studio_for_arm_5.64/lib/libm_v7em_fpv4_sp_d16_hard_t_le_eabi.a(libm_asm.o)
                              /mnt3/segger_embedded_studio_for_arm_5.64/lib/libc_v7em_fpv4_sp_d16_hard_t_le_eabi.a(libc2.o) (__aeabi_dadd)
[...]
Memory Configuration

Name             Origin             Length             Attributes
UNPLACED_SECTIONS 0x0000000100000000 0x0000000000000000 xw
uicr_mbr_params_page 0x0000000000000ffc 0x0000000000000004 xw
uicr_bootloader_start_address 0x0000000000000ff8 0x0000000000000004 xw
mbr_params_page  0x00000000000fe000 0x0000000000001000 xw
bootloader_settings_page 0x00000000000ff000 0x0000000000001000 xw
RAM              0x0000000020000000 0x0000000000040000 xw
FLASH            0x0000000000000000 0x0000000000100000 xw
*default*        0x0000000000000000 0xffffffffffffffff

Linker script and memory map

                0x0000000000000000                __do_debug_operation = __do_debug_operation_mempoll
                0x0000000000000000                __vfprintf = __vfprintf_long
                0x0000000000000000                __vfscanf = __vfscanf_long
                0x0000000000000ffc                __uicr_mbr_params_page_segment_start__ = 0xffc
                0x0000000000001000                __uicr_mbr_params_page_segment_end__ = 0x1000
                0x0000000000000004                __uicr_mbr_params_page_segment_size__ = 0x4
                0x0000000000000ff8                __uicr_bootloader_start_address_segment_start__ = 0xff8
                0x0000000000000ffc                __uicr_bootloader_start_address_segment_end__ = 0xffc
                0x0000000000000004                __uicr_bootloader_start_address_segment_size__ = 0x4
                0x00000000000fe000                __mbr_params_page_segment_start__ = 0xfe000
                0x00000000000ff000                __mbr_params_page_segment_end__ = 0xff000
                0x0000000000001000                __mbr_params_page_segment_size__ = 0x1000
                0x00000000000ff000                __bootloader_settings_page_segment_start__ = 0xff000
                0x0000000000100000                __bootloader_settings_page_segment_end__ = 0x100000
                0x0000000000001000                __bootloader_settings_page_segment_size__ = 0x1000
                0x0000000020000000                __RAM_segment_start__ = 0x20000000
                0x0000000020040000                __RAM_segment_end__ = 0x20040000
                0x0000000000040000                __RAM_segment_size__ = 0x40000
                0x0000000000000000                __FLASH_segment_start__ = 0x0
                0x0000000000100000                __FLASH_segment_end__ = 0x100000
                0x0000000000100000                __FLASH_segment_size__ = 0x100000
                0x0000000000000000                __HEAPSIZE__ = 0x0
                0x0000000000000000                __STACKSIZE_PROCESS__ = 0x0
                0x0000000000000800                __STACKSIZE__ = 0x800
                0x0000000000000ffc                __uicr_mbr_params_page_load_start__ = 0xffc

.uicr_mbr_params_page
                0x0000000000000ffc        0x4
                0x0000000000000ffc                __uicr_mbr_params_page_start__ = .
                0x0000000000000ffc                __start_uicr_mbr_params_page = __uicr_mbr_params_page_start__
 *(.uicr_mbr_params_page .uicr_mbr_params_page.*)
 .uicr_mbr_params_page
                0x0000000000000ffc        0x4 Output/Release_skip_CRC/Obj/beep_bootloader/nrf_dfu_settings.o
                0x0000000000000ffc                m_uicr_mbr_params_page_address
                0x0000000000001000                . = ALIGN (MAX ((__uicr_mbr_params_page_start__ + 0x4), .), 0x4)
                0x0000000000001000                __uicr_mbr_params_page_end__ = (__uicr_mbr_params_page_start__ + SIZEOF (.uicr_mbr_params_page))
                0x0000000000000004                __uicr_mbr_params_page_size__ = SIZEOF (.uicr_mbr_params_page)
                0x0000000000001000                __stop_uicr_mbr_params_page = __uicr_mbr_params_page_end__
                0x0000000000001000                __uicr_mbr_params_page_load_end__ = __uicr_mbr_params_page_end__
                0x0000000000001000                __uicr_mbr_params_page_segment_used_end__ = (0xffc + SIZEOF (.uicr_mbr_params_page))
                0x0000000000000004                __uicr_mbr_params_page_segment_used_size__ = (__uicr_mbr_params_page_segment_used_end__ - __uicr_mbr_params_page_segment_start__)
                0x0000000000000001                . = ASSERT (((__uicr_mbr_params_page_start__ == __uicr_mbr_params_page_end__) || ((__uicr_mbr_params_page_end__ - __uicr_mbr_params_page_segment_start__) <= __uicr_mbr_params_page_segment_size__)), error: .uicr_mbr_params_page is too large to fit in uicr_mbr_params_page memory segment)
                0x0000000000000ff8                __uicr_bootloader_start_address_load_start__ = 0xff8

.uicr_bootloader_start_address
                0x0000000000000ff8        0x4
                0x0000000000000ff8                __uicr_bootloader_start_address_start__ = .
                0x0000000000000ff8                __start_uicr_bootloader_start_address = __uicr_bootloader_start_address_start__
 *(.uicr_bootloader_start_address .uicr_bootloader_start_address.*)
 .uicr_bootloader_start_address
                0x0000000000000ff8        0x4 Output/Release_skip_CRC/Obj/beep_bootloader/nrf_bootloader_info.o
                0x0000000000000ff8                m_uicr_bootloader_start_address
                0x0000000000000ffc                . = ALIGN (MAX ((__uicr_bootloader_start_address_start__ + 0x4), .), 0x4)
                0x0000000000000ffc                __uicr_bootloader_start_address_end__ = (__uicr_bootloader_start_address_start__ + SIZEOF (.uicr_bootloader_start_address))
                0x0000000000000004                __uicr_bootloader_start_address_size__ = SIZEOF (.uicr_bootloader_start_address)
                0x0000000000000ffc                __stop_uicr_bootloader_start_address = __uicr_bootloader_start_address_end__
                0x0000000000000ffc                __uicr_bootloader_start_address_load_end__ = __uicr_bootloader_start_address_end__
                0x0000000000000ffc                __uicr_bootloader_start_address_segment_used_end__ = (0xff8 + SIZEOF (.uicr_bootloader_start_address))
                0x0000000000000004                __uicr_bootloader_start_address_segment_used_size__ = (__uicr_bootloader_start_address_segment_used_end__ - __uicr_bootloader_start_address_segment_start__)
                0x0000000000000001                . = ASSERT (((__uicr_bootloader_start_address_start__ == __uicr_bootloader_start_address_end__) || ((__uicr_bootloader_start_address_end__ - __uicr_bootloader_start_address_segment_start__) <= __uicr_bootloader_start_address_segment_size__)), error: .uicr_bootloader_start_address is too large to fit in uicr_bootloader_start_address memory segment)
                0x00000000000fe000                __mbr_params_page_load_start__ = 0xfe000

.mbr_params_page
                0x00000000000fe000     0x1000
                0x00000000000fe000                __mbr_params_page_start__ = .
                0x00000000000fe000                __start_mbr_params_page = __mbr_params_page_start__
 *(.mbr_params_page .mbr_params_page.*)
 .mbr_params_page
                0x00000000000fe000     0x1000 Output/Release_skip_CRC/Obj/beep_bootloader/nrf_dfu_settings.o
                0x00000000000fe000                m_mbr_params_page
                0x00000000000ff000                . = ALIGN (MAX ((__mbr_params_page_start__ + 0x1000), .), 0x4)
                0x00000000000ff000                __mbr_params_page_end__ = (__mbr_params_page_start__ + SIZEOF (.mbr_params_page))
                0x0000000000001000                __mbr_params_page_size__ = SIZEOF (.mbr_params_page)
                0x00000000000ff000                __stop_mbr_params_page = __mbr_params_page_end__
                0x00000000000ff000                __mbr_params_page_load_end__ = __mbr_params_page_end__
                0x00000000000ff000                __mbr_params_page_segment_used_end__ = (0xfe000 + SIZEOF (.mbr_params_page))
                0x0000000000001000                __mbr_params_page_segment_used_size__ = (__mbr_params_page_segment_used_end__ - __mbr_params_page_segment_start__)
                0x0000000000000001                . = ASSERT (((__mbr_params_page_start__ == __mbr_params_page_end__) || ((__mbr_params_page_end__ - __mbr_params_page_segment_start__) <= __mbr_params_page_segment_size__)), error: .mbr_params_page is too large to fit in mbr_params_page memory segment)
                0x00000000000ff000                __bootloader_settings_page_load_start__ = 0xff000

.bootloader_settings_page
                0x00000000000ff000     0x1000
                0x00000000000ff000                __bootloader_settings_page_start__ = .
                0x00000000000ff000                __start_bootloader_settings_page = __bootloader_settings_page_start__
 *(.bootloader_settings_page .bootloader_settings_page.*)
 .bootloader_settings_page
                0x00000000000ff000     0x1000 Output/Release_skip_CRC/Obj/beep_bootloader/nrf_dfu_settings.o
                0x00000000000ff000                m_dfu_settings_buffer
                0x0000000000100000                . = ALIGN (MAX ((__bootloader_settings_page_start__ + 0x1000), .), 0x4)
                0x0000000000100000                __bootloader_settings_page_end__ = (__bootloader_settings_page_start__ + SIZEOF (.bootloader_settings_page))
                0x0000000000001000                __bootloader_settings_page_size__ = SIZEOF (.bootloader_settings_page)
                0x0000000000100000                __stop_bootloader_settings_page = __bootloader_settings_page_end__
                0x0000000000100000                __bootloader_settings_page_load_end__ = __bootloader_settings_page_end__
                0x0000000000100000                __bootloader_settings_page_segment_used_end__ = (0xff000 + SIZEOF (.bootloader_settings_page))
                0x0000000000001000                __bootloader_settings_page_segment_used_size__ = (__bootloader_settings_page_segment_used_end__ - __bootloader_settings_page_segment_start__)
                0x0000000000000001                . = ASSERT (((__bootloader_settings_page_start__ == __bootloader_settings_page_end__) || ((__bootloader_settings_page_end__ - __bootloader_settings_page_segment_start__) <= __bootloader_settings_page_segment_size__)), error: .bootloader_settings_page is too large to fit in bootloader_settings_page memory segment)
                0x0000000020000000                __reserved_ram_load_start__ = 0x20000000

.reserved_ram   0x0000000020000000     0x57b8
                0x0000000020000000                __reserved_ram_start__ = .
 *(.reserved_ram .reserved_ram.*)
                0x00000000200057b8                . = MAX (((__reserved_ram_start__ + 0x200057b8) - 0x20000000), .)
 *fill*         0x0000000020000000     0x57b8 
                0x00000000200057b8                __reserved_ram_end__ = (__reserved_ram_start__ + SIZEOF (.reserved_ram))
                0x00000000000057b8                __reserved_ram_size__ = SIZEOF (.reserved_ram)
                0x00000000200057b8                __reserved_ram_load_end__ = __reserved_ram_end__
                0x0000000000000001                . = ASSERT (((__reserved_ram_start__ == __reserved_ram_end__) || ((__reserved_ram_end__ - __RAM_segment_start__) <= __RAM_segment_size__)), error: .reserved_ram is too large to fit in RAM memory segment)
                0x00000000200057b8                __vectors_ram_load_start__ = 0x200057b8

.vectors_ram    0x00000000200057b8        0x0
                0x00000000200057b8                __vectors_ram_start__ = .
                0x00000000200057b8                __app_ram_start__ = __vectors_ram_start__
 *(.vectors_ram .vectors_ram.*)
                0x00000000200057b8                __vectors_ram_end__ = (__vectors_ram_start__ + SIZEOF (.vectors_ram))
                0x0000000000000000                __vectors_ram_size__ = SIZEOF (.vectors_ram)
                0x00000000200057b8                __vectors_ram_load_end__ = __vectors_ram_end__
                0x0000000000000001                . = ASSERT (((__vectors_ram_start__ == __vectors_ram_end__) || ((__vectors_ram_end__ - __RAM_segment_start__) <= __RAM_segment_size__)), error: .vectors_ram is too large to fit in RAM memory segment)
                0x0000000000000001                . = ASSERT ((__reserved_ram_end__ <= __vectors_ram_start__), error: section .reserved_ram overlaps absolute placed section .vectors_ram)
                0x00000000200057b8                __nrf_sections_run_load_start__ = ALIGN (__vectors_ram_end__, 0x4)

.nrf_sections_run
                0x00000000200057b8        0x0
                0x00000000200057b8                __nrf_sections_run_start__ = .
                0x00000000200057b8                __start_nrf_sections_run = __nrf_sections_run_start__
 *(.nrf_sections_run .nrf_sections_run.*)
                0x00000000200057b8                __nrf_sections_run_end__ = (__nrf_sections_run_start__ + SIZEOF (.nrf_sections_run))
                0x0000000000000000                __nrf_sections_run_size__ = SIZEOF (.nrf_sections_run)
                0x00000000200057b8                __nrf_sections_run_load_end__ = __nrf_sections_run_end__
                0x0000000000000001                . = ASSERT (((__nrf_sections_run_start__ == __nrf_sections_run_end__) || ((__nrf_sections_run_end__ - __RAM_segment_start__) <= __RAM_segment_size__)), error: .nrf_sections_run is too large to fit in RAM memory segment)
                0x0000000000001000                __reserved_flash_load_start__ = 0x1000

.reserved_flash
                0x0000000000001000    0xf0000
                0x0000000000001000                __reserved_flash_start__ = .
 *(.reserved_flash .reserved_flash.*)
                0x00000000000f1000                . = MAX ((((__reserved_flash_start__ + 0xf1000) - 0x0) - 0x1000), .)
 *fill*         0x0000000000001000    0xf0000 
                0x00000000000f1000                __reserved_flash_end__ = (__reserved_flash_start__ + SIZEOF (.reserved_flash))
                0x00000000000f0000                __reserved_flash_size__ = SIZEOF (.reserved_flash)
                0x00000000000f1000                __reserved_flash_load_end__ = __reserved_flash_end__
                0x0000000000000001                . = ASSERT (((__reserved_flash_start__ == __reserved_flash_end__) || ((__reserved_flash_end__ - __FLASH_segment_start__) <= __FLASH_segment_size__)), error: .reserved_flash is too large to fit in FLASH memory segment)
                0x00000000000f1000                __vectors_load_start__ = 0xf1000

.vectors        0x00000000000f1000      0x200
                0x00000000000f1000                __vectors_start__ = .
 *(.vectors .vectors.*)
 .vectors       0x00000000000f1000      0x200 Output/Release_skip_CRC/Obj/beep_bootloader/ses_startup_nrf52840.o
                0x00000000000f1000                _vectors
                0x00000000000f1200                __vectors_end__ = (__vectors_start__ + SIZEOF (.vectors))
                0x0000000000000200                __vectors_size__ = SIZEOF (.vectors)
                0x00000000000f1200                __vectors_load_end__ = __vectors_end__
                0x0000000000000001                . = ASSERT (((__vectors_start__ == __vectors_end__) || ((__vectors_end__ - __FLASH_segment_start__) <= __FLASH_segment_size__)), error: .vectors is too large to fit in FLASH memory segment)
                0x0000000000000001                . = ASSERT ((__reserved_flash_end__ <= __vectors_start__), error: section .reserved_flash overlaps absolute placed section .vectors)
                0x00000000000f1200                __init_load_start__ = ALIGN (__vectors_end__, 0x4)

.init           0x00000000000f1200      0x1bc
                0x00000000000f1200                __init_start__ = .
 *(.init .init.*)
 .init          0x00000000000f1200      0x144 Output/Release_skip_CRC/Obj/beep_bootloader/thumb_crt0.o
                0x00000000000f1200                _start
                0x00000000000f12a4                exit
 .init          0x00000000000f1344       0x18 Output/Release_skip_CRC/Obj/beep_bootloader/ses_startup_nrf52840.o
                0x00000000000f1344                NMI_Handler
                0x00000000000f1346                HardFault_Handler
                0x00000000000f1348                MemoryManagement_Handler
                0x00000000000f134a                BusFault_Handler
                0x00000000000f134c                UsageFault_Handler
                0x00000000000f1350                DebugMon_Handler
                0x00000000000f1352                PendSV_Handler
                0x00000000000f1354                SysTick_Handler
                0x00000000000f1356                TIMER2_IRQHandler
                0x00000000000f1356                RTC0_IRQHandler
                0x00000000000f1356                SWI0_EGU0_IRQHandler
                0x00000000000f1356                PWM1_IRQHandler
                0x00000000000f1356                POWER_CLOCK_IRQHandler
                0x00000000000f1356                RADIO_IRQHandler
                0x00000000000f1356                PDM_IRQHandler
                0x00000000000f1356                TEMP_IRQHandler
                0x00000000000f1356                QDEC_IRQHandler
                0x00000000000f1356                TIMER3_IRQHandler
                0x00000000000f1356                PWM3_IRQHandler
                0x00000000000f1356                FPU_IRQHandler
                0x00000000000f1356                USBD_IRQHandler
                0x00000000000f1356                SPIM0_SPIS0_TWIM0_TWIS0_SPI0_TWI0_IRQHandler
                0x00000000000f1356                UARTE0_UART0_IRQHandler
                0x00000000000f1356                TIMER4_IRQHandler
                0x00000000000f1356                I2S_IRQHandler
                0x00000000000f1356                SWI4_EGU4_IRQHandler
                0x00000000000f1356                TIMER0_IRQHandler
                0x00000000000f1356                UARTE1_IRQHandler
                0x00000000000f1356                Dummy_Handler
                0x00000000000f1356                TIMER1_IRQHandler
                0x00000000000f1356                SPIM3_IRQHandler
                0x00000000000f1356                PWM2_IRQHandler
                0x00000000000f1356                ECB_IRQHandler
                0x00000000000f1356                SPIM1_SPIS1_TWIM1_TWIS1_SPI1_TWI1_IRQHandler
                0x00000000000f1356                SAADC_IRQHandler
                0x00000000000f1356                CCM_AAR_IRQHandler
                0x00000000000f1356                SWI5_EGU5_IRQHandler
                0x00000000000f1356                RNG_IRQHandler
                0x00000000000f1356                PWM0_IRQHandler
                0x00000000000f1356                SWI3_EGU3_IRQHandler
                0x00000000000f1356                RTC1_IRQHandler
                0x00000000000f1356                SWI1_EGU1_IRQHandler
                0x00000000000f1356                SPIM2_SPIS2_SPI2_IRQHandler
                0x00000000000f1356                NFCT_IRQHandler
                0x00000000000f1356                MWU_IRQHandler
                0x00000000000f1356                QSPI_IRQHandler
                0x00000000000f1356                COMP_LPCOMP_IRQHandler
                0x00000000000f1358                nRFInitialize
 .init          0x00000000000f135c       0x60 Output/Release_skip_CRC/Obj/beep_bootloader/ses_startup_nrf_common.o
                0x00000000000f135c                Reset_Handler
                0x00000000000f1384                InitializeUserMemorySections
                0x00000000000f13bc                __init_end__ = (__init_start__ + SIZEOF (.init))
                0x00000000000001bc                __init_size__ = SIZEOF (.init)
                0x00000000000f13bc                __init_load_end__ = __init_end__
                0x0000000000000001                . = ASSERT (((__init_start__ == __init_end__) || ((__init_end__ - __FLASH_segment_start__) <= __FLASH_segment_size__)), error: .init is too large to fit in FLASH memory segment)
                0x00000000000f13bc                __init_rodata_load_start__ = ALIGN (__init_end__, 0x4)

.init_rodata    0x00000000000f13bc        0x0
                0x00000000000f13bc                __init_rodata_start__ = .
 *(.init_rodata .init_rodata.*)
                0x00000000000f13bc                __init_rodata_end__ = (__init_rodata_start__ + SIZEOF (.init_rodata))
                0x0000000000000000                __init_rodata_size__ = SIZEOF (.init_rodata)
                0x00000000000f13bc                __init_rodata_load_end__ = __init_rodata_end__
                0x0000000000000001                . = ASSERT (((__init_rodata_start__ == __init_rodata_end__) || ((__init_rodata_end__ - __FLASH_segment_start__) <= __FLASH_segment_size__)), error: .init_rodata is too large to fit in FLASH memory segment)
                0x00000000000f13bc                __text_load_start__ = ALIGN (__init_rodata_end__, 0x4)

.text           0x00000000000f13bc     0x5c84
                0x00000000000f13bc                __text_start__ = .
 *(.text .text.* .glue_7t .glue_7 .gnu.linkonce.t.* .gcc_except_table .ARM.extab* .gnu.linkonce.armextab.*)
 .glue_7        0x00000000000f13bc        0x0 linker stubs
 .glue_7t       0x00000000000f13bc        0x0 linker stubs
 .text.app_sched_init
                0x00000000000f13bc       0x48 Output/Release_skip_CRC/Obj/beep_bootloader/app_scheduler.o
                0x00000000000f13bc                app_sched_init
 .text.app_sched_event_put
                0x00000000000f1404       0xc8 Output/Release_skip_CRC/Obj/beep_bootloader/app_scheduler.o
                0x00000000000f1404                app_sched_event_put
 .text.app_sched_execute
                0x00000000000f14cc       0x5c Output/Release_skip_CRC/Obj/beep_bootloader/app_scheduler.o
                0x00000000000f14cc                app_sched_execute
 .text.app_util_critical_region_enter
                0x00000000000f1528       0x48 Output/Release_skip_CRC/Obj/beep_bootloader/app_util_platform.o
                0x00000000000f1528                app_util_critical_region_enter
 .text.app_util_critical_region_exit
                0x00000000000f1570       0x2c Output/Release_skip_CRC/Obj/beep_bootloader/app_util_platform.o
                0x00000000000f1570                app_util_critical_region_exit
 .text.crc32_compute
                0x00000000000f159c       0x38 Output/Release_skip_CRC/Obj/beep_bootloader/crc32.o
                0x00000000000f159c                crc32_compute
 .text.nrf_atfifo_init
                0x00000000000f15d4       0x26 Output/Release_skip_CRC/Obj/beep_bootloader/nrf_atfifo.o
                0x00000000000f15d4                nrf_atfifo_init
 .text.nrf_atfifo_clear
                0x00000000000f15fa       0x44 Output/Release_skip_CRC/Obj/beep_bootloader/nrf_atfifo.o
                0x00000000000f15fa                nrf_atfifo_clear
 .text.nrf_atfifo_item_alloc
                0x00000000000f163e       0x54 Output/Release_skip_CRC/Obj/beep_bootloader/nrf_atfifo.o
                0x00000000000f163e                nrf_atfifo_item_alloc
 .text.nrf_atfifo_item_put
                0x00000000000f1692       0x20 Output/Release_skip_CRC/Obj/beep_bootloader/nrf_atfifo.o
                0x00000000000f1692                nrf_atfifo_item_put
 .text.nrf_atfifo_item_get
                0x00000000000f16b2       0x56 Output/Release_skip_CRC/Obj/beep_bootloader/nrf_atfifo.o
                0x00000000000f16b2                nrf_atfifo_item_get
 .text.nrf_atfifo_item_free
                0x00000000000f1708       0x20 Output/Release_skip_CRC/Obj/beep_bootloader/nrf_atfifo.o
                0x00000000000f1708                nrf_atfifo_item_free
 .text.nrf_atomic_u32_fetch_store
                0x00000000000f1728       0x16 Output/Release_skip_CRC/Obj/beep_bootloader/nrf_atomic.o
                0x00000000000f1728                nrf_atomic_u32_fetch_store
 .text.nrf_atomic_u32_fetch_or
                0x00000000000f173e       0x18 Output/Release_skip_CRC/Obj/beep_bootloader/nrf_atomic.o
                0x00000000000f173e                nrf_atomic_u32_fetch_or
 .text.nrf_atomic_u32_and
                0x00000000000f1756       0x18 Output/Release_skip_CRC/Obj/beep_bootloader/nrf_atomic.o
                0x00000000000f1756                nrf_atomic_u32_and
 .text.nrf_atomic_flag_set_fetch
                0x00000000000f176e        0x6 Output/Release_skip_CRC/Obj/beep_bootloader/nrf_atomic.o
                0x00000000000f176e                nrf_atomic_flag_set_fetch
 .text.nrf_atomic_flag_clear
                0x00000000000f1774        0x6 Output/Release_skip_CRC/Obj/beep_bootloader/nrf_atomic.o
                0x00000000000f1774                nrf_atomic_flag_clear
 .text.nrf_balloc_init
                0x00000000000f177a       0x2e Output/Release_skip_CRC/Obj/beep_bootloader/nrf_balloc.o
                0x00000000000f177a                nrf_balloc_init
 .text.nrf_balloc_alloc
                0x00000000000f17a8       0x48 Output/Release_skip_CRC/Obj/beep_bootloader/nrf_balloc.o
                0x00000000000f17a8                nrf_balloc_alloc
 .text.nrf_balloc_free
                0x00000000000f17f0       0x34 Output/Release_skip_CRC/Obj/beep_bootloader/nrf_balloc.o
                0x00000000000f17f0                nrf_balloc_free
 .text.nrf_fstorage_init
                0x00000000000f1824        0x8 Output/Release_skip_CRC/Obj/beep_bootloader/nrf_fstorage.o
                0x00000000000f1824                nrf_fstorage_init
 .text.nrf_fstorage_write
                0x00000000000f182c        0xe Output/Release_skip_CRC/Obj/beep_bootloader/nrf_fstorage.o
                0x00000000000f182c                nrf_fstorage_write
 .text.nrf_fstorage_erase
                0x00000000000f183a        0xe Output/Release_skip_CRC/Obj/beep_bootloader/nrf_fstorage.o
                0x00000000000f183a                nrf_fstorage_erase
 .text.nrf_fstorage_is_busy
                0x00000000000f1848       0x48 Output/Release_skip_CRC/Obj/beep_bootloader/nrf_fstorage.o
                0x00000000000f1848                nrf_fstorage_is_busy
 .text.init     0x00000000000f1890        0xc Output/Release_skip_CRC/Obj/beep_bootloader/nrf_fstorage_nvmc.o
 .text.rmap     0x00000000000f189c        0x4 Output/Release_skip_CRC/Obj/beep_bootloader/nrf_fstorage_nvmc.o
 .text.wmap     0x00000000000f18a0        0x4 Output/Release_skip_CRC/Obj/beep_bootloader/nrf_fstorage_nvmc.o
 .text.is_busy  0x00000000000f18a4       0x10 Output/Release_skip_CRC/Obj/beep_bootloader/nrf_fstorage_nvmc.o
 .text.uninit   0x00000000000f18b4       0x10 Output/Release_skip_CRC/Obj/beep_bootloader/nrf_fstorage_nvmc.o
 .text.read     0x00000000000f18c4        0xe Output/Release_skip_CRC/Obj/beep_bootloader/nrf_fstorage_nvmc.o
 *fill*         0x00000000000f18d2        0x2 
 .text.write    0x00000000000f18d4       0x54 Output/Release_skip_CRC/Obj/beep_bootloader/nrf_fstorage_nvmc.o
 .text.erase    0x00000000000f1928       0x60 Output/Release_skip_CRC/Obj/beep_bootloader/nrf_fstorage_nvmc.o
 .text.sd_flash_write
                0x00000000000f1988        0x4 Output/Release_skip_CRC/Obj/beep_bootloader/nrf_fstorage_sd.o
 .text.sd_flash_page_erase
                0x00000000000f198c        0x4 Output/Release_skip_CRC/Obj/beep_bootloader/nrf_fstorage_sd.o
 .text.event_send
                0x00000000000f1990       0x50 Output/Release_skip_CRC/Obj/beep_bootloader/nrf_fstorage_sd.o
 .text.rmap     0x00000000000f19e0        0x4 Output/Release_skip_CRC/Obj/beep_bootloader/nrf_fstorage_sd.o
 .text.wmap     0x00000000000f19e4        0x4 Output/Release_skip_CRC/Obj/beep_bootloader/nrf_fstorage_sd.o
 .text.is_busy  0x00000000000f19e8       0x10 Output/Release_skip_CRC/Obj/beep_bootloader/nrf_fstorage_sd.o
 .text.nrf_fstorage_sdh_req_handler
                0x00000000000f19f8       0x14 Output/Release_skip_CRC/Obj/beep_bootloader/nrf_fstorage_sd.o
                0x00000000000f19f8                nrf_fstorage_sdh_req_handler
 .text.read     0x00000000000f1a0c        0xe Output/Release_skip_CRC/Obj/beep_bootloader/nrf_fstorage_sd.o
 *fill*         0x00000000000f1a1a        0x2 
 .text.uninit   0x00000000000f1a1c       0x20 Output/Release_skip_CRC/Obj/beep_bootloader/nrf_fstorage_sd.o
 .text.init     0x00000000000f1a3c       0x38 Output/Release_skip_CRC/Obj/beep_bootloader/nrf_fstorage_sd.o
 .text.queue_process
                0x00000000000f1a74       0x9c Output/Release_skip_CRC/Obj/beep_bootloader/nrf_fstorage_sd.o
 .text.nrf_fstorage_sys_evt_handler.part.0
                0x00000000000f1b10       0x9c Output/Release_skip_CRC/Obj/beep_bootloader/nrf_fstorage_sd.o
 .text.nrf_fstorage_sys_evt_handler
                0x00000000000f1bac        0xc Output/Release_skip_CRC/Obj/beep_bootloader/nrf_fstorage_sd.o
                0x00000000000f1bac                nrf_fstorage_sys_evt_handler
 .text.nrf_fstorage_sdh_state_handler
                0x00000000000f1bb8       0x20 Output/Release_skip_CRC/Obj/beep_bootloader/nrf_fstorage_sd.o
                0x00000000000f1bb8                nrf_fstorage_sdh_state_handler
 .text.queue_start
                0x00000000000f1bd8       0x20 Output/Release_skip_CRC/Obj/beep_bootloader/nrf_fstorage_sd.o
 .text.erase    0x00000000000f1bf8       0x50 Output/Release_skip_CRC/Obj/beep_bootloader/nrf_fstorage_sd.o
 .text.write    0x00000000000f1c48       0x4c Output/Release_skip_CRC/Obj/beep_bootloader/nrf_fstorage_sd.o
 .text.nrf_section_iter_init
                0x00000000000f1c94       0x14 Output/Release_skip_CRC/Obj/beep_bootloader/nrf_section_iter.o
                0x00000000000f1c94                nrf_section_iter_init
 .text.nrf_section_iter_next
                0x00000000000f1ca8       0x18 Output/Release_skip_CRC/Obj/beep_bootloader/nrf_section_iter.o
                0x00000000000f1ca8                nrf_section_iter_next
 .text.pb_field_iter_begin
                0x00000000000f1cc0       0x22 Output/Release_skip_CRC/Obj/beep_bootloader/pb_common.o
                0x00000000000f1cc0                pb_field_iter_begin
 .text.pb_field_iter_next
                0x00000000000f1ce2       0x80 Output/Release_skip_CRC/Obj/beep_bootloader/pb_common.o
                0x00000000000f1ce2                pb_field_iter_next
 .text.pb_field_iter_find
                0x00000000000f1d62       0x2e Output/Release_skip_CRC/Obj/beep_bootloader/pb_common.o
                0x00000000000f1d62                pb_field_iter_find
 .text.buf_read
                0x00000000000f1d90       0x1c Output/Release_skip_CRC/Obj/beep_bootloader/pb_decode.o
 .text.pb_field_set_to_default
                0x00000000000f1dac       0xae Output/Release_skip_CRC/Obj/beep_bootloader/pb_decode.o
 .text.pb_message_set_to_defaults
                0x00000000000f1e5a       0x22 Output/Release_skip_CRC/Obj/beep_bootloader/pb_decode.o
 .text.pb_readbyte
                0x00000000000f1e7c       0x1e Output/Release_skip_CRC/Obj/beep_bootloader/pb_decode.o
 .text.pb_decode_varint32
                0x00000000000f1e9a       0x5c Output/Release_skip_CRC/Obj/beep_bootloader/pb_decode.o
 *fill*         0x00000000000f1ef6        0x2 
 .text.pb_read  0x00000000000f1ef8       0x58 Output/Release_skip_CRC/Obj/beep_bootloader/pb_decode.o
                0x00000000000f1ef8                pb_read
 .text.pb_dec_string
                0x00000000000f1f50       0x3e Output/Release_skip_CRC/Obj/beep_bootloader/pb_decode.o
 .text.pb_dec_bytes
                0x00000000000f1f8e       0x40 Output/Release_skip_CRC/Obj/beep_bootloader/pb_decode.o
 *fill*         0x00000000000f1fce        0x2 
 .text.pb_istream_from_buffer
                0x00000000000f1fd0       0x14 Output/Release_skip_CRC/Obj/beep_bootloader/pb_decode.o
                0x00000000000f1fd0                pb_istream_from_buffer
 .text.pb_decode_varint
                0x00000000000f1fe4       0x5a Output/Release_skip_CRC/Obj/beep_bootloader/pb_decode.o
                0x00000000000f1fe4                pb_decode_varint
 .text.pb_dec_uvarint
                0x00000000000f203e       0x5a Output/Release_skip_CRC/Obj/beep_bootloader/pb_decode.o
 .text.pb_dec_varint
                0x00000000000f2098       0x56 Output/Release_skip_CRC/Obj/beep_bootloader/pb_decode.o
 .text.pb_decode_tag
                0x00000000000f20ee       0x3a Output/Release_skip_CRC/Obj/beep_bootloader/pb_decode.o
                0x00000000000f20ee                pb_decode_tag
 .text.pb_skip_field
                0x00000000000f2128       0x58 Output/Release_skip_CRC/Obj/beep_bootloader/pb_decode.o
                0x00000000000f2128                pb_skip_field
 .text.pb_make_string_substream
                0x00000000000f2180       0x30 Output/Release_skip_CRC/Obj/beep_bootloader/pb_decode.o
                0x00000000000f2180                pb_make_string_substream
 .text.decode_field
                0x00000000000f21b0      0x1ac Output/Release_skip_CRC/Obj/beep_bootloader/pb_decode.o
 .text.pb_decode_noinit
                0x00000000000f235c      0x1ae Output/Release_skip_CRC/Obj/beep_bootloader/pb_decode.o
                0x00000000000f235c                pb_decode_noinit
 .text.pb_decode
                0x00000000000f250a       0x20 Output/Release_skip_CRC/Obj/beep_bootloader/pb_decode.o
                0x00000000000f250a                pb_decode
 .text.pb_dec_submessage
                0x00000000000f252a       0x3a Output/Release_skip_CRC/Obj/beep_bootloader/pb_decode.o
 .text.pb_decode_svarint
                0x00000000000f2564       0x2a Output/Release_skip_CRC/Obj/beep_bootloader/pb_decode.o
                0x00000000000f2564                pb_decode_svarint
 .text.pb_dec_svarint
                0x00000000000f258e       0x58 Output/Release_skip_CRC/Obj/beep_bootloader/pb_decode.o
 .text.pb_decode_fixed32
                0x00000000000f25e6       0x18 Output/Release_skip_CRC/Obj/beep_bootloader/pb_decode.o
                0x00000000000f25e6                pb_decode_fixed32
 .text.pb_dec_fixed32
                0x00000000000f25fe        0x6 Output/Release_skip_CRC/Obj/beep_bootloader/pb_decode.o
 .text.pb_decode_fixed64
                0x00000000000f2604       0x1a Output/Release_skip_CRC/Obj/beep_bootloader/pb_decode.o
                0x00000000000f2604                pb_decode_fixed64
 .text.pb_dec_fixed64
                0x00000000000f261e        0x6 Output/Release_skip_CRC/Obj/beep_bootloader/pb_decode.o
 .text.nrf_crypto_backend_secp256r1_public_key_from_raw
                0x00000000000f2624       0x2c Output/Release_skip_CRC/Obj/beep_bootloader/cc310_bl_backend_ecc.o
                0x00000000000f2624                nrf_crypto_backend_secp256r1_public_key_from_raw
 .text.nrf_crypto_backend_secp256r1_verify
                0x00000000000f2650       0x78 Output/Release_skip_CRC/Obj/beep_bootloader/cc310_bl_backend_ecdsa.o
                0x00000000000f2650                nrf_crypto_backend_secp256r1_verify
 .text.hash_result_get
                0x00000000000f26c8       0x4c Output/Release_skip_CRC/Obj/beep_bootloader/cc310_bl_backend_hash.o
 .text.cc310_bl_backend_hash_sha256_init
                0x00000000000f2714       0x10 Output/Release_skip_CRC/Obj/beep_bootloader/cc310_bl_backend_hash.o
 .text.cc310_bl_backend_hash_sha256_finalize
                0x00000000000f2724       0x64 Output/Release_skip_CRC/Obj/beep_bootloader/cc310_bl_backend_hash.o
 .text.cc310_bl_backend_hash_sha256_update
                0x00000000000f2788       0x78 Output/Release_skip_CRC/Obj/beep_bootloader/cc310_bl_backend_hash.o
 .text.cc310_bl_backend_uninit
                0x00000000000f2800       0x10 Output/Release_skip_CRC/Obj/beep_bootloader/cc310_bl_backend_init.o
 .text.cc310_bl_backend_init
                0x00000000000f2810       0x34 Output/Release_skip_CRC/Obj/beep_bootloader/cc310_bl_backend_init.o
 .text.cc310_bl_backend_enable
                0x00000000000f2844       0x1c Output/Release_skip_CRC/Obj/beep_bootloader/cc310_bl_backend_shared.o
                0x00000000000f2844                cc310_bl_backend_enable
 .text.cc310_bl_backend_disable
                0x00000000000f2860       0x1c Output/Release_skip_CRC/Obj/beep_bootloader/cc310_bl_backend_shared.o
                0x00000000000f2860                cc310_bl_backend_disable
 .text.nrf_gpio_pin_port_decode
                0x00000000000f287c       0x18 Output/Release_skip_CRC/Obj/beep_bootloader/gpio-board.o
 .text.nrf_gpio_pin_set
                0x00000000000f2894       0x1a Output/Release_skip_CRC/Obj/beep_bootloader/gpio-board.o
 .text.nrf_gpio_pin_clear
                0x00000000000f28ae       0x1a Output/Release_skip_CRC/Obj/beep_bootloader/gpio-board.o
 .text.nrf_gpio_cfg_output_state
                0x00000000000f28c8       0x30 Output/Release_skip_CRC/Obj/beep_bootloader/gpio-board.o
 .text.nrfx_coredep_delay_us.part.0
                0x00000000000f28f8       0x10 Output/Release_skip_CRC/Obj/beep_bootloader/gpio-board.o
 .text.nrf_delay_ms.part.0
                0x00000000000f2908       0x12 Output/Release_skip_CRC/Obj/beep_bootloader/gpio-board.o
 .text.nrf_gpio_cfg_input
                0x00000000000f291a       0x1c Output/Release_skip_CRC/Obj/beep_bootloader/gpio-board.o
 .text.RFM_bitbangSPI.part.0
                0x00000000000f2936       0xaa Output/Release_skip_CRC/Obj/beep_bootloader/gpio-board.o
 .text.RFM_setMode
                0x00000000000f29e0       0x22 Output/Release_skip_CRC/Obj/beep_bootloader/gpio-board.o
                0x00000000000f29e0                RFM_setMode
 .text.RFM_bitBangWrite
                0x00000000000f2a02       0x24 Output/Release_skip_CRC/Obj/beep_bootloader/gpio-board.o
                0x00000000000f2a02                RFM_bitBangWrite
 .text.RFM_reset
                0x00000000000f2a26       0x1e Output/Release_skip_CRC/Obj/beep_bootloader/gpio-board.o
                0x00000000000f2a26                RFM_reset
 .text.RFM_LowPowerMode
                0x00000000000f2a44       0x56 Output/Release_skip_CRC/Obj/beep_bootloader/gpio-board.o
                0x00000000000f2a44                RFM_LowPowerMode
 .text.flash_ReleasePowerDown
                0x00000000000f2a9a       0x2a Output/Release_skip_CRC/Obj/beep_bootloader/gpio-board.o
                0x00000000000f2a9a                flash_ReleasePowerDown
 .text.flash_sendInstructionCode
                0x00000000000f2ac4       0x5e Output/Release_skip_CRC/Obj/beep_bootloader/gpio-board.o
                0x00000000000f2ac4                flash_sendInstructionCode
 .text.flash_deepPowerDown
                0x00000000000f2b22        0x6 Output/Release_skip_CRC/Obj/beep_bootloader/gpio-board.o
                0x00000000000f2b22                flash_deepPowerDown
 .text.GpioMcuInit
                0x00000000000f2b28      0x10c Output/Release_skip_CRC/Obj/beep_bootloader/gpio-board.o
                0x00000000000f2b28                GpioMcuInit
 .text.sd_softdevice_enable
                0x00000000000f2c34        0x4 Output/Release_skip_CRC/Obj/beep_bootloader/nrf_sdh.o
 .text.sd_softdevice_disable
                0x00000000000f2c38        0x4 Output/Release_skip_CRC/Obj/beep_bootloader/nrf_sdh.o
 .text.sdh_request_observer_notify
                0x00000000000f2c3c       0x30 Output/Release_skip_CRC/Obj/beep_bootloader/nrf_sdh.o
 .text.sdh_state_observer_notify
                0x00000000000f2c6c       0x28 Output/Release_skip_CRC/Obj/beep_bootloader/nrf_sdh.o
 .text.softdevice_evt_irq_disable
                0x00000000000f2c94       0x24 Output/Release_skip_CRC/Obj/beep_bootloader/nrf_sdh.o
 .text.softdevices_evt_irq_enable
                0x00000000000f2cb8       0x38 Output/Release_skip_CRC/Obj/beep_bootloader/nrf_sdh.o
 .text.nrf_sdh_enable_request
                0x00000000000f2cf0       0x7c Output/Release_skip_CRC/Obj/beep_bootloader/nrf_sdh.o
                0x00000000000f2cf0                nrf_sdh_enable_request
 .text.nrf_sdh_disable_request
                0x00000000000f2d6c       0x60 Output/Release_skip_CRC/Obj/beep_bootloader/nrf_sdh.o
                0x00000000000f2d6c                nrf_sdh_disable_request
 .text.nrf_sdh_request_continue
                0x00000000000f2dcc       0x20 Output/Release_skip_CRC/Obj/beep_bootloader/nrf_sdh.o
                0x00000000000f2dcc                nrf_sdh_request_continue
 .text.nrf_sdh_is_enabled
                0x00000000000f2dec        0xc Output/Release_skip_CRC/Obj/beep_bootloader/nrf_sdh.o
                0x00000000000f2dec                nrf_sdh_is_enabled
 .text.nrf_sdh_evts_poll
                0x00000000000f2df8       0x28 Output/Release_skip_CRC/Obj/beep_bootloader/nrf_sdh.o
                0x00000000000f2df8                nrf_sdh_evts_poll
 .text.SWI2_EGU2_IRQHandler
                0x00000000000f2e20        0x4 Output/Release_skip_CRC/Obj/beep_bootloader/nrf_sdh.o
                0x00000000000f2e20                SWI2_EGU2_IRQHandler
 .text.sd_ble_enable
                0x00000000000f2e24        0x4 Output/Release_skip_CRC/Obj/beep_bootloader/nrf_sdh_ble.o
 .text.sd_ble_cfg_set
                0x00000000000f2e28        0x4 Output/Release_skip_CRC/Obj/beep_bootloader/nrf_sdh_ble.o
 .text.sd_ble_evt_get
                0x00000000000f2e2c        0x4 Output/Release_skip_CRC/Obj/beep_bootloader/nrf_sdh_ble.o
 .text.nrf_sdh_ble_evts_poll.part.0
                0x00000000000f2e30       0x54 Output/Release_skip_CRC/Obj/beep_bootloader/nrf_sdh_ble.o
 .text.nrf_sdh_ble_evts_poll
                0x00000000000f2e84       0x10 Output/Release_skip_CRC/Obj/beep_bootloader/nrf_sdh_ble.o
 .text.nrf_sdh_ble_app_ram_start_get
                0x00000000000f2e94       0x14 Output/Release_skip_CRC/Obj/beep_bootloader/nrf_sdh_ble.o
                0x00000000000f2e94                nrf_sdh_ble_app_ram_start_get
 .text.nrf_sdh_ble_default_cfg_set
                0x00000000000f2ea8       0xa4 Output/Release_skip_CRC/Obj/beep_bootloader/nrf_sdh_ble.o
                0x00000000000f2ea8                nrf_sdh_ble_default_cfg_set
 .text.nrf_sdh_ble_enable
                0x00000000000f2f4c       0x14 Output/Release_skip_CRC/Obj/beep_bootloader/nrf_sdh_ble.o
                0x00000000000f2f4c                nrf_sdh_ble_enable
 .text.sd_evt_get
                0x00000000000f2f60        0x4 Output/Release_skip_CRC/Obj/beep_bootloader/nrf_sdh_soc.o
 .text.nrf_sdh_soc_evts_poll
                0x00000000000f2f64       0x40 Output/Release_skip_CRC/Obj/beep_bootloader/nrf_sdh_soc.o
 .text.wait_for_flash_ready
                0x00000000000f2fa4       0x10 Output/Release_skip_CRC/Obj/beep_bootloader/nrf_nvmc.o
 .text.nrf_nvmc_page_erase
                0x00000000000f2fb4       0x30 Output/Release_skip_CRC/Obj/beep_bootloader/nrf_nvmc.o
                0x00000000000f2fb4                nrf_nvmc_page_erase
 .text.nrf_nvmc_write_words
                0x00000000000f2fe4       0x40 Output/Release_skip_CRC/Obj/beep_bootloader/nrf_nvmc.o
                0x00000000000f2fe4                nrf_nvmc_write_words
 .text.nrf_gpiote_event_clear
                0x00000000000f3024       0x18 Output/Release_skip_CRC/Obj/beep_bootloader/nrfx_gpiote.o
 .text.nrf_gpio_pin_port_decode
                0x00000000000f303c       0x18 Output/Release_skip_CRC/Obj/beep_bootloader/nrfx_gpiote.o
 .text.nrf_gpio_cfg_sense_set
                0x00000000000f3054       0x2e Output/Release_skip_CRC/Obj/beep_bootloader/nrfx_gpiote.o
 .text.nrf_bitmask_bit_set
                0x00000000000f3082       0x14 Output/Release_skip_CRC/Obj/beep_bootloader/nrfx_gpiote.o
 *fill*         0x00000000000f3096        0x2 
 .text.channel_free
                0x00000000000f3098       0x1c Output/Release_skip_CRC/Obj/beep_bootloader/nrfx_gpiote.o
 .text.nrfx_gpiote_out_uninit
                0x00000000000f30b4       0x6c Output/Release_skip_CRC/Obj/beep_bootloader/nrfx_gpiote.o
                0x00000000000f30b4                nrfx_gpiote_out_uninit
 .text.nrfx_gpiote_in_event_disable
                0x00000000000f3120       0x44 Output/Release_skip_CRC/Obj/beep_bootloader/nrfx_gpiote.o
                0x00000000000f3120                nrfx_gpiote_in_event_disable
 .text.nrfx_gpiote_in_uninit
                0x00000000000f3164       0x74 Output/Release_skip_CRC/Obj/beep_bootloader/nrfx_gpiote.o
                0x00000000000f3164                nrfx_gpiote_in_uninit
 .text.nrfx_gpiote_uninit
                0x00000000000f31d8       0x38 Output/Release_skip_CRC/Obj/beep_bootloader/nrfx_gpiote.o
                0x00000000000f31d8                nrfx_gpiote_uninit
 .text.GPIOTE_IRQHandler
                0x00000000000f3210      0x1b4 Output/Release_skip_CRC/Obj/beep_bootloader/nrfx_gpiote.o
                0x00000000000f3210                GPIOTE_IRQHandler
 .text.nrf_crypto_internal_ecc_key_output_prepare
                0x00000000000f33c4       0x1a Output/Release_skip_CRC/Obj/beep_bootloader/nrf_crypto_ecc.o
                0x00000000000f33c4                nrf_crypto_internal_ecc_key_output_prepare
 .text.nrf_crypto_internal_ecc_key_input_check
                0x00000000000f33de       0x16 Output/Release_skip_CRC/Obj/beep_bootloader/nrf_crypto_ecc.o
                0x00000000000f33de                nrf_crypto_internal_ecc_key_input_check
 .text.nrf_crypto_internal_ecc_raw_input_check
                0x00000000000f33f4       0x14 Output/Release_skip_CRC/Obj/beep_bootloader/nrf_crypto_ecc.o
                0x00000000000f33f4                nrf_crypto_internal_ecc_raw_input_check
 .text.nrf_crypto_ecc_public_key_from_raw
                0x00000000000f3408       0x38 Output/Release_skip_CRC/Obj/beep_bootloader/nrf_crypto_ecc.o
                0x00000000000f3408                nrf_crypto_ecc_public_key_from_raw
 .text.nrf_crypto_ecdsa_verify
                0x00000000000f3440       0x58 Output/Release_skip_CRC/Obj/beep_bootloader/nrf_crypto_ecdsa.o
                0x00000000000f3440                nrf_crypto_ecdsa_verify
 .text.nrf_crypto_hash_init
                0x00000000000f3498       0x28 Output/Release_skip_CRC/Obj/beep_bootloader/nrf_crypto_hash.o
                0x00000000000f3498                nrf_crypto_hash_init
 .text.nrf_crypto_hash_update
                0x00000000000f34c0       0x34 Output/Release_skip_CRC/Obj/beep_bootloader/nrf_crypto_hash.o
                0x00000000000f34c0                nrf_crypto_hash_update
 .text.nrf_crypto_hash_finalize
                0x00000000000f34f4       0x3c Output/Release_skip_CRC/Obj/beep_bootloader/nrf_crypto_hash.o
                0x00000000000f34f4                nrf_crypto_hash_finalize
 .text.nrf_crypto_hash_calculate
                0x00000000000f3530       0x32 Output/Release_skip_CRC/Obj/beep_bootloader/nrf_crypto_hash.o
                0x00000000000f3530                nrf_crypto_hash_calculate
 *fill*         0x00000000000f3562        0x2 
 .text.nrf_crypto_init
                0x00000000000f3564       0x38 Output/Release_skip_CRC/Obj/beep_bootloader/nrf_crypto_init.o
                0x00000000000f3564                nrf_crypto_init
 .text.nrf_crypto_internal_swap_endian_in_place
                0x00000000000f359c       0x18 Output/Release_skip_CRC/Obj/beep_bootloader/nrf_crypto_shared.o
                0x00000000000f359c                nrf_crypto_internal_swap_endian_in_place
 .text.nrf_crypto_internal_swap_endian
                0x00000000000f35b4       0x16 Output/Release_skip_CRC/Obj/beep_bootloader/nrf_crypto_shared.o
                0x00000000000f35b4                nrf_crypto_internal_swap_endian
 .text.nrf_crypto_internal_double_swap_endian
                0x00000000000f35ca       0x18 Output/Release_skip_CRC/Obj/beep_bootloader/nrf_crypto_shared.o
                0x00000000000f35ca                nrf_crypto_internal_double_swap_endian
 .text.nrf_crypto_internal_double_swap_endian_in_place
                0x00000000000f35e2       0x16 Output/Release_skip_CRC/Obj/beep_bootloader/nrf_crypto_shared.o
                0x00000000000f35e2                nrf_crypto_internal_double_swap_endian_in_place
 .text.NVIC_SystemReset
                0x00000000000f35f8       0x24 Output/Release_skip_CRC/Obj/beep_bootloader/main.o
 .text.dfu_observer
                0x00000000000f361c        0x2 Output/Release_skip_CRC/Obj/beep_bootloader/main.o
 .text.app_error_fault_handler
                0x00000000000f361e        0x6 Output/Release_skip_CRC/Obj/beep_bootloader/main.o
                0x00000000000f361e                app_error_fault_handler
 .text.app_error_handler_bare
                0x00000000000f3624        0x6 Output/Release_skip_CRC/Obj/beep_bootloader/main.o
                0x00000000000f3624                app_error_handler_bare
 *fill*         0x00000000000f362a        0x2 
 .text.startup.main
                0x00000000000f362c       0x40 Output/Release_skip_CRC/Obj/beep_bootloader/main.o
                0x00000000000f362c                main
 .text.nrf_dfu_set_adv_name_handler
                0x00000000000f366c       0x20 Output/Release_skip_CRC/Obj/beep_bootloader/nrf_dfu_svci_handler.o
 .text.nrf_dfu_set_adv_name_on_sys_evt
                0x00000000000f368c       0x26 Output/Release_skip_CRC/Obj/beep_bootloader/nrf_dfu_svci_handler.o
 .text.nrf_dfu_set_adv_name_on_call
                0x00000000000f36b2       0x30 Output/Release_skip_CRC/Obj/beep_bootloader/nrf_dfu_svci_handler.o
 *fill*         0x00000000000f36e2        0x2 
 .text.nrf_svc_handler_c
                0x00000000000f36e4       0x5c Output/Release_skip_CRC/Obj/beep_bootloader/nrf_svc_handler.o
                0x00000000000f36e4                nrf_svc_handler_c
 .text.SVC_Handler
                0x00000000000f3740       0x14 Output/Release_skip_CRC/Obj/beep_bootloader/nrf_svc_handler.o
                0x00000000000f3740                SVC_Handler
 .text.sd_power_system_off
                0x00000000000f3754        0x4 Output/Release_skip_CRC/Obj/beep_bootloader/nrf_bootloader.o
 .text.sd_app_evt_wait
                0x00000000000f3758        0x4 Output/Release_skip_CRC/Obj/beep_bootloader/nrf_bootloader.o
 .text.flash_write_callback
                0x00000000000f375c        0xc Output/Release_skip_CRC/Obj/beep_bootloader/nrf_bootloader.o
 .text.do_reset
                0x00000000000f3768       0x24 Output/Release_skip_CRC/Obj/beep_bootloader/nrf_bootloader.o
 .text.crc_on_valid_app_required
                0x00000000000f378c       0x40 Output/Release_skip_CRC/Obj/beep_bootloader/nrf_bootloader.o
 .text.dfu_observer
                0x00000000000f37cc       0x4c Output/Release_skip_CRC/Obj/beep_bootloader/nrf_bootloader.o
 .text.app_is_valid
                0x00000000000f3818       0x68 Output/Release_skip_CRC/Obj/beep_bootloader/nrf_bootloader.o
 .text.inactivity_timeout
                0x00000000000f3880       0x40 Output/Release_skip_CRC/Obj/beep_bootloader/nrf_bootloader.o
 .text.nrf_dfu_init_user
                0x00000000000f38c0        0x4 Output/Release_skip_CRC/Obj/beep_bootloader/nrf_bootloader.o
                0x00000000000f38c0                nrf_dfu_init_user
 .text.nrf_bootloader_init
                0x00000000000f38c4       0xec Output/Release_skip_CRC/Obj/beep_bootloader/nrf_bootloader.o
                0x00000000000f38c4                nrf_bootloader_init
 .text.nrf_bootloader_app_start
                0x00000000000f39b0       0x24 Output/Release_skip_CRC/Obj/beep_bootloader/nrf_bootloader_app_start.o
                0x00000000000f39b0                nrf_bootloader_app_start
 .text.nrf_bootloader_flash_protect
                0x00000000000f39d4       0x80 Output/Release_skip_CRC/Obj/beep_bootloader/nrf_bootloader_app_start_final.o
                0x00000000000f39d4                nrf_bootloader_flash_protect
 .text.nrf_bootloader_app_start_final
                0x00000000000f3a54       0xa4 Output/Release_skip_CRC/Obj/beep_bootloader/nrf_bootloader_app_start_final.o
                0x00000000000f3a54                nrf_bootloader_app_start_final
 .text.timer_init
                0x00000000000f3af8       0x70 Output/Release_skip_CRC/Obj/beep_bootloader/nrf_bootloader_dfu_timers.o
 .text.timer_activate
                0x00000000000f3b68       0x68 Output/Release_skip_CRC/Obj/beep_bootloader/nrf_bootloader_dfu_timers.o
 .text.RTC2_IRQHandler
                0x00000000000f3bd0       0x88 Output/Release_skip_CRC/Obj/beep_bootloader/nrf_bootloader_dfu_timers.o
                0x00000000000f3bd0                RTC2_IRQHandler
 .text.nrf_bootloader_dfu_inactivity_timer_restart
                0x00000000000f3c58       0x38 Output/Release_skip_CRC/Obj/beep_bootloader/nrf_bootloader_dfu_timers.o
                0x00000000000f3c58                nrf_bootloader_dfu_inactivity_timer_restart
 .text.nrf_bootloader_wdt_feed_timer_start
                0x00000000000f3c90       0x24 Output/Release_skip_CRC/Obj/beep_bootloader/nrf_bootloader_dfu_timers.o
                0x00000000000f3c90                nrf_bootloader_wdt_feed_timer_start
 .text.flash_write_callback
                0x00000000000f3cb4        0xc Output/Release_skip_CRC/Obj/beep_bootloader/nrf_bootloader_fw_activation.o
 .text.image_copy.part.0.constprop.0
                0x00000000000f3cc0       0x90 Output/Release_skip_CRC/Obj/beep_bootloader/nrf_bootloader_fw_activation.o
 .text.sd_activate
                0x00000000000f3d50       0x58 Output/Release_skip_CRC/Obj/beep_bootloader/nrf_bootloader_fw_activation.o
 .text.bl_activate.isra.0
                0x00000000000f3da8       0x48 Output/Release_skip_CRC/Obj/beep_bootloader/nrf_bootloader_fw_activation.o
 .text.nrf_bootloader_fw_activate
                0x00000000000f3df0       0xac Output/Release_skip_CRC/Obj/beep_bootloader/nrf_bootloader_fw_activation.o
                0x00000000000f3df0                nrf_bootloader_fw_activate
 .text.wdt_feed
                0x00000000000f3e9c       0x34 Output/Release_skip_CRC/Obj/beep_bootloader/nrf_bootloader_wdt.o
 .text.wdt_feed_timer_handler
                0x00000000000f3ed0        0x4 Output/Release_skip_CRC/Obj/beep_bootloader/nrf_bootloader_wdt.o
 .text.WDT_IRQHandler
                0x00000000000f3ed4       0x1c Output/Release_skip_CRC/Obj/beep_bootloader/nrf_bootloader_wdt.o
                0x00000000000f3ed4                WDT_IRQHandler
 .text.nrf_bootloader_wdt_init
                0x00000000000f3ef0       0x4c Output/Release_skip_CRC/Obj/beep_bootloader/nrf_bootloader_wdt.o
                0x00000000000f3ef0                nrf_bootloader_wdt_init
 .text.nrf_bootloader_wdt_feed
                0x00000000000f3f3c       0x14 Output/Release_skip_CRC/Obj/beep_bootloader/nrf_bootloader_wdt.o
                0x00000000000f3f3c                nrf_bootloader_wdt_feed
 .text.errata_98
                0x00000000000f3f50       0x1a Output/Release_skip_CRC/Obj/beep_bootloader/system_nrf52840.o
 *fill*         0x00000000000f3f6a        0x2 
 .text.SystemInit
                0x00000000000f3f6c      0x1bc Output/Release_skip_CRC/Obj/beep_bootloader/system_nrf52840.o
                0x00000000000f3f6c                SystemInit
 .text.dfu_observer
                0x00000000000f4128       0x24 Output/Release_skip_CRC/Obj/beep_bootloader/nrf_dfu.o
 .text.nrf_dfu_init
                0x00000000000f414c       0x28 Output/Release_skip_CRC/Obj/beep_bootloader/nrf_dfu.o
                0x00000000000f414c                nrf_dfu_init
 .text.sd_ble_gap_addr_set
                0x00000000000f4174        0x4 Output/Release_skip_CRC/Obj/beep_bootloader/nrf_dfu_ble.o
 .text.sd_ble_gap_addr_get
                0x00000000000f4178        0x4 Output/Release_skip_CRC/Obj/beep_bootloader/nrf_dfu_ble.o
 .text.sd_ble_gap_adv_set_configure
                0x00000000000f417c        0x4 Output/Release_skip_CRC/Obj/beep_bootloader/nrf_dfu_ble.o
 .text.sd_ble_gap_adv_start
                0x00000000000f4180        0x4 Output/Release_skip_CRC/Obj/beep_bootloader/nrf_dfu_ble.o
 .text.sd_ble_gap_adv_stop
                0x00000000000f4184        0x4 Output/Release_skip_CRC/Obj/beep_bootloader/nrf_dfu_ble.o
 .text.sd_ble_gap_conn_param_update
                0x00000000000f4188        0x4 Output/Release_skip_CRC/Obj/beep_bootloader/nrf_dfu_ble.o
 .text.sd_ble_gap_disconnect
                0x00000000000f418c        0x4 Output/Release_skip_CRC/Obj/beep_bootloader/nrf_dfu_ble.o
 .text.sd_ble_gap_ppcp_set
                0x00000000000f4190        0x4 Output/Release_skip_CRC/Obj/beep_bootloader/nrf_dfu_ble.o
 .text.sd_ble_gap_device_name_set
                0x00000000000f4194        0x4 Output/Release_skip_CRC/Obj/beep_bootloader/nrf_dfu_ble.o
 .text.sd_ble_gap_device_name_get
                0x00000000000f4198        0x4 Output/Release_skip_CRC/Obj/beep_bootloader/nrf_dfu_ble.o
 .text.sd_ble_gap_sec_params_reply
                0x00000000000f419c        0x4 Output/Release_skip_CRC/Obj/beep_bootloader/nrf_dfu_ble.o
 .text.sd_ble_gap_sec_info_reply
                0x00000000000f41a0        0x4 Output/Release_skip_CRC/Obj/beep_bootloader/nrf_dfu_ble.o
 .text.sd_ble_gap_phy_update
                0x00000000000f41a4        0x4 Output/Release_skip_CRC/Obj/beep_bootloader/nrf_dfu_ble.o
 .text.sd_ble_gap_data_length_update
                0x00000000000f41a8        0x4 Output/Release_skip_CRC/Obj/beep_bootloader/nrf_dfu_ble.o
 .text.sd_ble_gatts_service_add
                0x00000000000f41ac        0x4 Output/Release_skip_CRC/Obj/beep_bootloader/nrf_dfu_ble.o
 .text.sd_ble_gatts_characteristic_add
                0x00000000000f41b0        0x4 Output/Release_skip_CRC/Obj/beep_bootloader/nrf_dfu_ble.o
 .text.sd_ble_gatts_value_get
                0x00000000000f41b4        0x4 Output/Release_skip_CRC/Obj/beep_bootloader/nrf_dfu_ble.o
 .text.sd_ble_gatts_hvx
                0x00000000000f41b8        0x4 Output/Release_skip_CRC/Obj/beep_bootloader/nrf_dfu_ble.o
 .text.sd_ble_gatts_rw_authorize_reply
                0x00000000000f41bc        0x4 Output/Release_skip_CRC/Obj/beep_bootloader/nrf_dfu_ble.o
 .text.sd_ble_gatts_sys_attr_set
                0x00000000000f41c0        0x4 Output/Release_skip_CRC/Obj/beep_bootloader/nrf_dfu_ble.o
 .text.sd_ble_gatts_exchange_mtu_reply
                0x00000000000f41c4        0x4 Output/Release_skip_CRC/Obj/beep_bootloader/nrf_dfu_ble.o
 .text.sd_ble_uuid_vs_add
                0x00000000000f41c8        0x4 Output/Release_skip_CRC/Obj/beep_bootloader/nrf_dfu_ble.o
 .text.sd_ble_user_mem_reply
                0x00000000000f41cc        0x4 Output/Release_skip_CRC/Obj/beep_bootloader/nrf_dfu_ble.o
 .text.sd_softdevice_vector_table_base_set
                0x00000000000f41d0        0x4 Output/Release_skip_CRC/Obj/beep_bootloader/nrf_dfu_ble.o
 .text.on_flash_write
                0x00000000000f41d4        0xc Output/Release_skip_CRC/Obj/beep_bootloader/nrf_dfu_ble.o
 .text.advertising_start
                0x00000000000f41e0       0x98 Output/Release_skip_CRC/Obj/beep_bootloader/nrf_dfu_ble.o
 .text.ble_dfu_transport_close
                0x00000000000f4278       0x6c Output/Release_skip_CRC/Obj/beep_bootloader/nrf_dfu_ble.o
                0x00000000000f4278                ble_dfu_transport_close
 .text.ble_evt_handler
                0x00000000000f42e4      0x334 Output/Release_skip_CRC/Obj/beep_bootloader/nrf_dfu_ble.o
 .text.response_send.isra.0
                0x00000000000f4618       0x40 Output/Release_skip_CRC/Obj/beep_bootloader/nrf_dfu_ble.o
 .text.ble_dfu_req_handler_callback
                0x00000000000f4658       0xfc Output/Release_skip_CRC/Obj/beep_bootloader/nrf_dfu_ble.o
 .text.ble_dfu_init
                0x00000000000f4754      0x108 Output/Release_skip_CRC/Obj/beep_bootloader/nrf_dfu_ble.o
                0x00000000000f4754                ble_dfu_init
 .text.ble_dfu_transport_init
                0x00000000000f485c       0xe8 Output/Release_skip_CRC/Obj/beep_bootloader/nrf_dfu_ble.o
                0x00000000000f485c                ble_dfu_transport_init
 .text.dfu_fstorage_evt_handler
                0x00000000000f4944        0xa Output/Release_skip_CRC/Obj/beep_bootloader/nrf_dfu_flash.o
                0x00000000000f4944                dfu_fstorage_evt_handler
 *fill*         0x00000000000f494e        0x2 
 .text.nrf_dfu_flash_init
                0x00000000000f4950       0x24 Output/Release_skip_CRC/Obj/beep_bootloader/nrf_dfu_flash.o
                0x00000000000f4950                nrf_dfu_flash_init
 .text.nrf_dfu_flash_store
                0x00000000000f4974       0x1c Output/Release_skip_CRC/Obj/beep_bootloader/nrf_dfu_flash.o
                0x00000000000f4974                nrf_dfu_flash_store
 .text.nrf_dfu_flash_erase
                0x00000000000f4990       0x10 Output/Release_skip_CRC/Obj/beep_bootloader/nrf_dfu_flash.o
                0x00000000000f4990                nrf_dfu_flash_erase
 .text.ext_error_set
                0x00000000000f49a0        0xc Output/Release_skip_CRC/Obj/beep_bootloader/nrf_dfu_handling_error.o
                0x00000000000f49a0                ext_error_set
 .text.ext_error_get
                0x00000000000f49ac       0x10 Output/Release_skip_CRC/Obj/beep_bootloader/nrf_dfu_handling_error.o
                0x00000000000f49ac                ext_error_get
 .text.sd_mbr_command
                0x00000000000f49bc        0x4 Output/Release_skip_CRC/Obj/beep_bootloader/nrf_dfu_mbr.o
 .text.nrf_dfu_mbr_copy_bl
                0x00000000000f49c0       0x22 Output/Release_skip_CRC/Obj/beep_bootloader/nrf_dfu_mbr.o
                0x00000000000f49c0                nrf_dfu_mbr_copy_bl
 .text.nrf_dfu_mbr_init_sd
                0x00000000000f49e2       0x1a Output/Release_skip_CRC/Obj/beep_bootloader/nrf_dfu_mbr.o
                0x00000000000f49e2                nrf_dfu_mbr_init_sd
 .text.nrf_dfu_mbr_irq_forward_address_set
                0x00000000000f49fc        0xe Output/Release_skip_CRC/Obj/beep_bootloader/nrf_dfu_mbr.o
                0x00000000000f49fc                nrf_dfu_mbr_irq_forward_address_set
 *fill*         0x00000000000f4a0a        0x2 
 .text.on_dfu_complete
                0x00000000000f4a0c        0xc Output/Release_skip_CRC/Obj/beep_bootloader/nrf_dfu_req_handler.o
 .text.ext_err_code_handle
                0x00000000000f4a18        0xe Output/Release_skip_CRC/Obj/beep_bootloader/nrf_dfu_req_handler.o
 *fill*         0x00000000000f4a26        0x2 
 .text.on_data_obj_execute_request_sched
                0x00000000000f4a28       0x84 Output/Release_skip_CRC/Obj/beep_bootloader/nrf_dfu_req_handler.o
 .text.nrf_dfu_req_handler_req
                0x00000000000f4aac      0x330 Output/Release_skip_CRC/Obj/beep_bootloader/nrf_dfu_req_handler.o
 .text.nrf_dfu_req_handler_on_req
                0x00000000000f4ddc       0x14 Output/Release_skip_CRC/Obj/beep_bootloader/nrf_dfu_req_handler.o
                0x00000000000f4ddc                nrf_dfu_req_handler_on_req
 .text.nrf_dfu_req_handler_init
                0x00000000000f4df0       0x48 Output/Release_skip_CRC/Obj/beep_bootloader/nrf_dfu_req_handler.o
                0x00000000000f4df0                nrf_dfu_req_handler_init
 .text.settings_write
                0x00000000000f4e38       0x50 Output/Release_skip_CRC/Obj/beep_bootloader/nrf_dfu_settings.o
 .text.nrf_dfu_settings_write
                0x00000000000f4e88       0x40 Output/Release_skip_CRC/Obj/beep_bootloader/nrf_dfu_settings.o
                0x00000000000f4e88                nrf_dfu_settings_write
 .text.settings_backup
                0x00000000000f4ec8       0x14 Output/Release_skip_CRC/Obj/beep_bootloader/nrf_dfu_settings.o
                0x00000000000f4ec8                settings_backup
 .text.nrf_dfu_settings_backup
                0x00000000000f4edc        0xc Output/Release_skip_CRC/Obj/beep_bootloader/nrf_dfu_settings.o
                0x00000000000f4edc                nrf_dfu_settings_backup
 .text.nrf_dfu_settings_write_and_backup
                0x00000000000f4ee8       0x20 Output/Release_skip_CRC/Obj/beep_bootloader/nrf_dfu_settings.o
                0x00000000000f4ee8                nrf_dfu_settings_write_and_backup
 .text.nrf_dfu_settings_init
                0x00000000000f4f08      0x130 Output/Release_skip_CRC/Obj/beep_bootloader/nrf_dfu_settings.o
                0x00000000000f4f08                nrf_dfu_settings_init
 .text.sd_flash_write
                0x00000000000f5038        0x4 Output/Release_skip_CRC/Obj/beep_bootloader/nrf_dfu_settings_svci.o
 .text.nrf_dfu_settings_adv_name_write
                0x00000000000f503c       0x38 Output/Release_skip_CRC/Obj/beep_bootloader/nrf_dfu_settings_svci.o
                0x00000000000f503c                nrf_dfu_settings_adv_name_write
 .text.nrf_dfu_settings_adv_name_copy
                0x00000000000f5074       0x20 Output/Release_skip_CRC/Obj/beep_bootloader/nrf_dfu_settings_svci.o
                0x00000000000f5074                nrf_dfu_settings_adv_name_copy
 .text.nrf_dfu_settings_adv_name_is_valid
                0x00000000000f5094       0x20 Output/Release_skip_CRC/Obj/beep_bootloader/nrf_dfu_settings_svci.o
                0x00000000000f5094                nrf_dfu_settings_adv_name_is_valid
 .text.nrf_dfu_settings_additional_erase
                0x00000000000f50b4       0x30 Output/Release_skip_CRC/Obj/beep_bootloader/nrf_dfu_settings_svci.o
                0x00000000000f50b4                nrf_dfu_settings_additional_erase
 .text.nrf_dfu_transports_init
                0x00000000000f50e4       0x30 Output/Release_skip_CRC/Obj/beep_bootloader/nrf_dfu_transport.o
                0x00000000000f50e4                nrf_dfu_transports_init
 .text.nrf_dfu_transports_close
                0x00000000000f5114       0x30 Output/Release_skip_CRC/Obj/beep_bootloader/nrf_dfu_transport.o
                0x00000000000f5114                nrf_dfu_transports_close
 .text.nrf_dfu_bank_invalidate
                0x00000000000f5144       0x14 Output/Release_skip_CRC/Obj/beep_bootloader/nrf_dfu_utils.o
                0x00000000000f5144                nrf_dfu_bank_invalidate
 .text.nrf_dfu_bank0_start_addr
                0x00000000000f5158       0x28 Output/Release_skip_CRC/Obj/beep_bootloader/nrf_dfu_utils.o
                0x00000000000f5158                nrf_dfu_bank0_start_addr
 .text.nrf_dfu_bank1_start_addr
                0x00000000000f5180       0x20 Output/Release_skip_CRC/Obj/beep_bootloader/nrf_dfu_utils.o
                0x00000000000f5180                nrf_dfu_bank1_start_addr
 .text.nrf_dfu_app_start_address
                0x00000000000f51a0        0x4 Output/Release_skip_CRC/Obj/beep_bootloader/nrf_dfu_utils.o
                0x00000000000f51a0                nrf_dfu_app_start_address
 .text.nrf_dfu_softdevice_start_address
                0x00000000000f51a4        0x6 Output/Release_skip_CRC/Obj/beep_bootloader/nrf_dfu_utils.o
                0x00000000000f51a4                nrf_dfu_softdevice_start_address
 *fill*         0x00000000000f51aa        0x2 
 .text.nrf_dfu_cache_prepare
                0x00000000000f51ac       0xa8 Output/Release_skip_CRC/Obj/beep_bootloader/nrf_dfu_utils.o
                0x00000000000f51ac                nrf_dfu_cache_prepare
 .text.update_data_size_get
                0x00000000000f5254       0x50 Output/Release_skip_CRC/Obj/beep_bootloader/nrf_dfu_validation.o
 .text.dfu_progress_reset
                0x00000000000f52a4       0x28 Output/Release_skip_CRC/Obj/beep_bootloader/nrf_dfu_validation.o
 .text.stored_init_cmd_decode
                0x00000000000f52cc       0xec Output/Release_skip_CRC/Obj/beep_bootloader/nrf_dfu_validation.o
 .text.pb_decoding_callback
                0x00000000000f53b8       0x4c Output/Release_skip_CRC/Obj/beep_bootloader/nrf_dfu_validation.o
 .text.is_major_softdevice_update
                0x00000000000f5404       0x68 Output/Release_skip_CRC/Obj/beep_bootloader/nrf_dfu_validation.o
 .text.crypto_init.part.0
                0x00000000000f546c       0x3c Output/Release_skip_CRC/Obj/beep_bootloader/nrf_dfu_validation.o
 .text.nrf_dfu_validation_signature_check
                0x00000000000f54a8       0xb0 Output/Release_skip_CRC/Obj/beep_bootloader/nrf_dfu_validation.o
 .text.nrf_dfu_validation_hash_ok
                0x00000000000f5558       0x6c Output/Release_skip_CRC/Obj/beep_bootloader/nrf_dfu_validation.o
 .text.nrf_dfu_validation_init
                0x00000000000f55c4       0x1c Output/Release_skip_CRC/Obj/beep_bootloader/nrf_dfu_validation.o
                0x00000000000f55c4                nrf_dfu_validation_init
 .text.nrf_dfu_validation_init_cmd_create
                0x00000000000f55e0       0x30 Output/Release_skip_CRC/Obj/beep_bootloader/nrf_dfu_validation.o
                0x00000000000f55e0                nrf_dfu_validation_init_cmd_create
 .text.nrf_dfu_validation_init_cmd_append
                0x00000000000f5610       0x40 Output/Release_skip_CRC/Obj/beep_bootloader/nrf_dfu_validation.o
                0x00000000000f5610                nrf_dfu_validation_init_cmd_append
 .text.nrf_dfu_validation_init_cmd_present
                0x00000000000f5650        0xc Output/Release_skip_CRC/Obj/beep_bootloader/nrf_dfu_validation.o
                0x00000000000f5650                nrf_dfu_validation_init_cmd_present
 .text.nrf_dfu_validation_prevalidate
                0x00000000000f565c       0x50 Output/Release_skip_CRC/Obj/beep_bootloader/nrf_dfu_validation.o
                0x00000000000f565c                nrf_dfu_validation_prevalidate
 .text.nrf_dfu_validation_init_cmd_execute
                0x00000000000f56ac       0x90 Output/Release_skip_CRC/Obj/beep_bootloader/nrf_dfu_validation.o
                0x00000000000f56ac                nrf_dfu_validation_init_cmd_execute
 .text.fw_hash_ok
                0x00000000000f573c        0x8 Output/Release_skip_CRC/Obj/beep_bootloader/nrf_dfu_validation.o
                0x00000000000f573c                fw_hash_ok
 .text.nrf_dfu_validation_boot_validate
                0x00000000000f5744       0x58 Output/Release_skip_CRC/Obj/beep_bootloader/nrf_dfu_validation.o
                0x00000000000f5744                nrf_dfu_validation_boot_validate
 .text.boot_validation_extract.constprop.0
                0x00000000000f579c       0x94 Output/Release_skip_CRC/Obj/beep_bootloader/nrf_dfu_validation.o
 .text.postvalidate
                0x00000000000f5830      0x19c Output/Release_skip_CRC/Obj/beep_bootloader/nrf_dfu_validation.o
                0x00000000000f5830                postvalidate
 .text.nrf_dfu_validation_activation_prepare
                0x00000000000f59cc        0x6 Output/Release_skip_CRC/Obj/beep_bootloader/nrf_dfu_validation.o
                0x00000000000f59cc                nrf_dfu_validation_activation_prepare
 *fill*         0x00000000000f59d2        0x2 
 .text.nrf_dfu_ver_validation_check
                0x00000000000f59d4       0x9c Output/Release_skip_CRC/Obj/beep_bootloader/nrf_dfu_ver_validation.o
                0x00000000000f59d4                nrf_dfu_ver_validation_check
 .text.ble_srv_is_notification_enabled
                0x00000000000f5a70        0x8 Output/Release_skip_CRC/Obj/beep_bootloader/ble_srv_common.o
                0x00000000000f5a70                ble_srv_is_notification_enabled
 .text.verify_context_ecdsa_verify_secp256r1
                0x00000000000f5a78       0x20 ../../nRF5_SDK_15.3/external/nrf_cc310_bl/lib/cortex-m4/hard-float/libnrf_cc310_bl_0.9.12.a(nrf_cc310_bl_ecdsa_verify_secp256r1.c.obj)
 .text.nrf_cc310_bl_ecdsa_verify_init_secp256r1
                0x00000000000f5a98       0x4c ../../nRF5_SDK_15.3/external/nrf_cc310_bl/lib/cortex-m4/hard-float/libnrf_cc310_bl_0.9.12.a(nrf_cc310_bl_ecdsa_verify_secp256r1.c.obj)
                0x00000000000f5a98                nrf_cc310_bl_ecdsa_verify_init_secp256r1
 .text.nrf_cc310_bl_ecdsa_verify_hash_secp256r1
                0x00000000000f5ae4      0x168 ../../nRF5_SDK_15.3/external/nrf_cc310_bl/lib/cortex-m4/hard-float/libnrf_cc310_bl_0.9.12.a(nrf_cc310_bl_ecdsa_verify_secp256r1.c.obj)
                0x00000000000f5ae4                nrf_cc310_bl_ecdsa_verify_hash_secp256r1
 .text.nrf_cc310_bl_ecdsa_verify_secp256r1
                0x00000000000f5c4c       0x26 ../../nRF5_SDK_15.3/external/nrf_cc310_bl/lib/cortex-m4/hard-float/libnrf_cc310_bl_0.9.12.a(nrf_cc310_bl_ecdsa_verify_secp256r1.c.obj)
                0x00000000000f5c4c                nrf_cc310_bl_ecdsa_verify_secp256r1
 *fill*         0x00000000000f5c72        0x2 
 .text.set_digest_in_hw_sha256
                0x00000000000f5c74       0x38 ../../nRF5_SDK_15.3/external/nrf_cc310_bl/lib/cortex-m4/hard-float/libnrf_cc310_bl_0.9.12.a(nrf_cc310_bl_hash_sha256.c.obj)
 .text.read_digest_in_hw_sha256
                0x00000000000f5cac       0x54 ../../nRF5_SDK_15.3/external/nrf_cc310_bl/lib/cortex-m4/hard-float/libnrf_cc310_bl_0.9.12.a(nrf_cc310_bl_hash_sha256.c.obj)
 .text.verify_context_hash_sha256
                0x00000000000f5d00       0x20 ../../nRF5_SDK_15.3/external/nrf_cc310_bl/lib/cortex-m4/hard-float/libnrf_cc310_bl_0.9.12.a(nrf_cc310_bl_hash_sha256.c.obj)
 .text.nrf_cc310_bl_hash_sha256_init
                0x00000000000f5d20       0x34 ../../nRF5_SDK_15.3/external/nrf_cc310_bl/lib/cortex-m4/hard-float/libnrf_cc310_bl_0.9.12.a(nrf_cc310_bl_hash_sha256.c.obj)
                0x00000000000f5d20                nrf_cc310_bl_hash_sha256_init
 .text.nrf_cc310_bl_hash_sha256_update
                0x00000000000f5d54       0xb0 ../../nRF5_SDK_15.3/external/nrf_cc310_bl/lib/cortex-m4/hard-float/libnrf_cc310_bl_0.9.12.a(nrf_cc310_bl_hash_sha256.c.obj)
                0x00000000000f5d54                nrf_cc310_bl_hash_sha256_update
 .text.nrf_cc310_bl_hash_sha256_finalize
                0x00000000000f5e04       0x60 ../../nRF5_SDK_15.3/external/nrf_cc310_bl/lib/cortex-m4/hard-float/libnrf_cc310_bl_0.9.12.a(nrf_cc310_bl_hash_sha256.c.obj)
                0x00000000000f5e04                nrf_cc310_bl_hash_sha256_finalize
 .text.nrf_cc310_bl_init
                0x00000000000f5e64       0x34 ../../nRF5_SDK_15.3/external/nrf_cc310_bl/lib/cortex-m4/hard-float/libnrf_cc310_bl_0.9.12.a(nrf_cc310_bl_init.c.obj)
                0x00000000000f5e64                nrf_cc310_bl_init
 .text.PkaSetRegsMapTab
                0x00000000000f5e98       0x48 ../../nRF5_SDK_15.3/external/nrf_cc310_bl/lib/cortex-m4/hard-float/libnrf_cc310_bl_0.9.12.a(pka.c.obj)
                0x00000000000f5e98                PkaSetRegsMapTab
 .text.PkaGetRegEffectiveSizeInBits
                0x00000000000f5ee0       0x8c ../../nRF5_SDK_15.3/external/nrf_cc310_bl/lib/cortex-m4/hard-float/libnrf_cc310_bl_0.9.12.a(pka.c.obj)
                0x00000000000f5ee0                PkaGetRegEffectiveSizeInBits
 .text.PkaGetNextMsBit
                0x00000000000f5f6c       0x74 ../../nRF5_SDK_15.3/external/nrf_cc310_bl/lib/cortex-m4/hard-float/libnrf_cc310_bl_0.9.12.a(pka.c.obj)
                0x00000000000f5f6c                PkaGetNextMsBit
 .text.PkaSetRegsSizesTab
                0x00000000000f5fe0       0x3c ../../nRF5_SDK_15.3/external/nrf_cc310_bl/lib/cortex-m4/hard-float/libnrf_cc310_bl_0.9.12.a(pka.c.obj)
                0x00000000000f5fe0                PkaSetRegsSizesTab
 .text.PkaInitPka
                0x00000000000f601c       0x74 ../../nRF5_SDK_15.3/external/nrf_cc310_bl/lib/cortex-m4/hard-float/libnrf_cc310_bl_0.9.12.a(pka.c.obj)
                0x00000000000f601c                PkaInitPka
 .text.PkaInitAndMutexLock
                0x00000000000f6090        0x8 ../../nRF5_SDK_15.3/external/nrf_cc310_bl/lib/cortex-m4/hard-float/libnrf_cc310_bl_0.9.12.a(pka.c.obj)
                0x00000000000f6090                PkaInitAndMutexLock
 .text.PkaClearBlockOfRegs
                0x00000000000f6098      0x130 ../../nRF5_SDK_15.3/external/nrf_cc310_bl/lib/cortex-m4/hard-float/libnrf_cc310_bl_0.9.12.a(pka.c.obj)
                0x00000000000f6098                PkaClearBlockOfRegs
 .text.PkaFinishAndMutexUnlock
                0x00000000000f61c8       0x24 ../../nRF5_SDK_15.3/external/nrf_cc310_bl/lib/cortex-m4/hard-float/libnrf_cc310_bl_0.9.12.a(pka.c.obj)
                0x00000000000f61c8                PkaFinishAndMutexUnlock
 .text.PkaCopyDataIntoPkaReg
                0x00000000000f61ec       0xb8 ../../nRF5_SDK_15.3/external/nrf_cc310_bl/lib/cortex-m4/hard-float/libnrf_cc310_bl_0.9.12.a(pka.c.obj)
                0x00000000000f61ec                PkaCopyDataIntoPkaReg
 .text.PkaEcdsaVerify
                0x00000000000f62a4      0x284 ../../nRF5_SDK_15.3/external/nrf_cc310_bl/lib/cortex-m4/hard-float/libnrf_cc310_bl_0.9.12.a(pka_ec_wrst_dsa_verify.c.obj)
                0x00000000000f62a4                PkaEcdsaVerify
 .text.SaSi_PalMemCopy
                0x00000000000f6528        0x4 ../../nRF5_SDK_15.3/external/nrf_cc310_bl/lib/cortex-m4/hard-float/libnrf_cc310_bl_0.9.12.a(ssi_pal_mem.c.obj)
                0x00000000000f6528                SaSi_PalMemCopy
 .text.SaSi_PalMemSet
                0x00000000000f652c        0x4 ../../nRF5_SDK_15.3/external/nrf_cc310_bl/lib/cortex-m4/hard-float/libnrf_cc310_bl_0.9.12.a(ssi_pal_mem.c.obj)
                0x00000000000f652c                SaSi_PalMemSet
 .text.SaSi_PalMemSetZero
                0x00000000000f6530        0x8 ../../nRF5_SDK_15.3/external/nrf_cc310_bl/lib/cortex-m4/hard-float/libnrf_cc310_bl_0.9.12.a(ssi_pal_mem.c.obj)
                0x00000000000f6530                SaSi_PalMemSetZero
 .text.CRYS_COMMON_ReverseMemcpy32
                0x00000000000f6538       0x1a ../../nRF5_SDK_15.3/external/nrf_cc310_bl/lib/cortex-m4/hard-float/libnrf_cc310_bl_0.9.12.a(crys_common_conv_endian.c.obj)
                0x00000000000f6538                CRYS_COMMON_ReverseMemcpy32
 *fill*         0x00000000000f6552        0x2 
 .text.nrf_cc310_bl_hash_update_internal
                0x00000000000f6554       0xf0 ../../nRF5_SDK_15.3/external/nrf_cc310_bl/lib/cortex-m4/hard-float/libnrf_cc310_bl_0.9.12.a(nrf_cc310_bl_hash.c.obj)
                0x00000000000f6554                nrf_cc310_bl_hash_update_internal
 .text.PkaDoubleMdf2Mdf
                0x00000000000f6644      0x1ac ../../nRF5_SDK_15.3/external/nrf_cc310_bl/lib/cortex-m4/hard-float/libnrf_cc310_bl_0.9.12.a(pka_ec_wrst.c.obj)
                0x00000000000f6644                PkaDoubleMdf2Mdf
 .text.PkaDoubleMdf2Jcb
                0x00000000000f67f0      0x178 ../../nRF5_SDK_15.3/external/nrf_cc310_bl/lib/cortex-m4/hard-float/libnrf_cc310_bl_0.9.12.a(pka_ec_wrst.c.obj)
                0x00000000000f67f0                PkaDoubleMdf2Jcb
 .text.PkaAddJcbAfn2Mdf
                0x00000000000f6968      0x194 ../../nRF5_SDK_15.3/external/nrf_cc310_bl/lib/cortex-m4/hard-float/libnrf_cc310_bl_0.9.12.a(pka_ec_wrst.c.obj)
                0x00000000000f6968                PkaAddJcbAfn2Mdf
 .text.PkaJcb2Afn
                0x00000000000f6afc       0xb0 ../../nRF5_SDK_15.3/external/nrf_cc310_bl/lib/cortex-m4/hard-float/libnrf_cc310_bl_0.9.12.a(pka_ec_wrst.c.obj)
                0x00000000000f6afc                PkaJcb2Afn
 .text.PkaAddAff
                0x00000000000f6bac      0x114 ../../nRF5_SDK_15.3/external/nrf_cc310_bl/lib/cortex-m4/hard-float/libnrf_cc310_bl_0.9.12.a(pka_ec_wrst.c.obj)
                0x00000000000f6bac                PkaAddAff
 .text.PkaSum2ScalarMullt
                0x00000000000f6cc0      0x1e4 ../../nRF5_SDK_15.3/external/nrf_cc310_bl/lib/cortex-m4/hard-float/libnrf_cc310_bl_0.9.12.a(pka_ec_wrst.c.obj)
                0x00000000000f6cc0                PkaSum2ScalarMullt
 .text.SaSi_HalClearInterruptBit
                0x00000000000f6ea4        0xc ../../nRF5_SDK_15.3/external/nrf_cc310_bl/lib/cortex-m4/hard-float/libnrf_cc310_bl_0.9.12.a(ssi_hal.c.obj)
                0x00000000000f6ea4                SaSi_HalClearInterruptBit
 .text.SaSi_HalMaskInterrupt
                0x00000000000f6eb0        0xc ../../nRF5_SDK_15.3/external/nrf_cc310_bl/lib/cortex-m4/hard-float/libnrf_cc310_bl_0.9.12.a(ssi_hal.c.obj)
                0x00000000000f6eb0                SaSi_HalMaskInterrupt
 .text.SaSi_HalWaitInterrupt
                0x00000000000f6ebc       0x34 ../../nRF5_SDK_15.3/external/nrf_cc310_bl/lib/cortex-m4/hard-float/libnrf_cc310_bl_0.9.12.a(ssi_hal.c.obj)
                0x00000000000f6ebc                SaSi_HalWaitInterrupt
 .text.CRYPTOCELL_IRQHandler
                0x00000000000f6ef0       0x24 ../../nRF5_SDK_15.3/external/nrf_cc310_bl/lib/cortex-m4/hard-float/libnrf_cc310_bl_0.9.12.a(ssi_hal.c.obj)
                0x00000000000f6ef0                CRYPTOCELL_IRQHandler
 .text.libc.memcmp
                0x00000000000f6f14       0x74 /mnt3/segger_embedded_studio_for_arm_5.64/lib/libc_v7em_fpv4_sp_d16_hard_t_le_eabi.a(libc2.o)
                0x00000000000f6f14                memcmp
 .text.libc.memcpy
                0x00000000000f6f88       0x52 /mnt3/segger_embedded_studio_for_arm_5.64/lib/libc_v7em_fpv4_sp_d16_hard_t_le_eabi.a(libc2_asm.o)
                0x00000000000f6f88                memcpy
                0x00000000000f6f88                __aeabi_memcpy
                0x00000000000f6f94                __aeabi_memcpy4
                0x00000000000f6f94                __aeabi_memcpy8
 .text.libc.memset
                0x00000000000f6fda       0x66 /mnt3/segger_embedded_studio_for_arm_5.64/lib/libc_v7em_fpv4_sp_d16_hard_t_le_eabi.a(libc2_asm.o)
                0x00000000000f6fda                memset
                0x00000000000f7040                __text_end__ = (__text_start__ + SIZEOF (.text))
                0x0000000000005c84                __text_size__ = SIZEOF (.text)
                0x00000000000f7040                __text_load_end__ = __text_end__

.vfp11_veneer   0x0000000100000000        0x0
 .vfp11_veneer  0x0000000100000000        0x0 linker stubs

.v4_bx          0x0000000100000000        0x0
 .v4_bx         0x0000000100000000        0x0 linker stubs

.iplt           0x0000000100000000        0x0
 .iplt          0x0000000100000000        0x0 Output/Release_skip_CRC/Obj/beep_bootloader/thumb_crt0.o
                0x0000000000000001                . = ASSERT (((__text_start__ == __text_end__) || ((__text_end__ - __FLASH_segment_start__) <= __FLASH_segment_size__)), error: .text is too large to fit in FLASH memory segment)
                0x00000000000f7040                __crypto_data_load_start__ = ALIGN (__text_end__, 0x4)

.crypto_data    0x00000000000f7040        0x8
                0x00000000000f7040                __crypto_data_start__ = .
                0x00000000000f7040                __start_crypto_data = __crypto_data_start__
 *(SORT_BY_NAME(.crypto_data*))
 .crypto_data   0x00000000000f7040        0x8 Output/Release_skip_CRC/Obj/beep_bootloader/cc310_bl_backend_init.o
                0x00000000000f7040                cc310_bl_backend
                0x00000000000f7048                __crypto_data_end__ = (__crypto_data_start__ + SIZEOF (.crypto_data))
                0x0000000000000008                __crypto_data_size__ = SIZEOF (.crypto_data)
                0x00000000000f7048                __stop_crypto_data = __crypto_data_end__
                0x00000000000f7048                __crypto_data_load_end__ = __crypto_data_end__
                0x0000000000000001                . = ASSERT (((__crypto_data_start__ == __crypto_data_end__) || ((__crypto_data_end__ - __FLASH_segment_start__) <= __FLASH_segment_size__)), error: .crypto_data is too large to fit in FLASH memory segment)
                0x00000000000f7048                __nrf_queue_load_start__ = ALIGN (__crypto_data_end__, 0x4)

.nrf_queue      0x00000000000f7048        0x0
                0x00000000000f7048                __nrf_queue_start__ = .
                0x00000000000f7048                __start_nrf_queue = __nrf_queue_start__
 *(.nrf_queue*)
                0x00000000000f7048                __nrf_queue_end__ = (__nrf_queue_start__ + SIZEOF (.nrf_queue))
                0x0000000000000000                __nrf_queue_size__ = SIZEOF (.nrf_queue)
                0x00000000000f7048                __stop_nrf_queue = __nrf_queue_end__
                0x00000000000f7048                __nrf_queue_load_end__ = __nrf_queue_end__
                0x0000000000000001                . = ASSERT (((__nrf_queue_start__ == __nrf_queue_end__) || ((__nrf_queue_end__ - __FLASH_segment_start__) <= __FLASH_segment_size__)), error: .nrf_queue is too large to fit in FLASH memory segment)
                0x00000000000f7048                __dfu_trans_load_start__ = ALIGN (__nrf_queue_end__, 0x4)

.dfu_trans      0x00000000000f7048        0x8
                0x00000000000f7048                __dfu_trans_start__ = .
                0x00000000000f7048                __start_dfu_trans = __dfu_trans_start__
 *(SORT_BY_NAME(.dfu_trans*))
 .dfu_trans     0x00000000000f7048        0x8 Output/Release_skip_CRC/Obj/beep_bootloader/nrf_dfu_ble.o
                0x00000000000f7048                ble_dfu_transport
                0x00000000000f7050                __dfu_trans_end__ = (__dfu_trans_start__ + SIZEOF (.dfu_trans))
                0x0000000000000008                __dfu_trans_size__ = SIZEOF (.dfu_trans)
                0x00000000000f7050                __stop_dfu_trans = __dfu_trans_end__
                0x00000000000f7050                __dfu_trans_load_end__ = __dfu_trans_end__
                0x0000000000000001                . = ASSERT (((__dfu_trans_start__ == __dfu_trans_end__) || ((__dfu_trans_end__ - __FLASH_segment_start__) <= __FLASH_segment_size__)), error: .dfu_trans is too large to fit in FLASH memory segment)
                0x00000000000f7050                __svc_data_load_start__ = ALIGN (__dfu_trans_end__, 0x4)

.svc_data       0x00000000000f7050        0xc
                0x00000000000f7050                __svc_data_start__ = .
                0x00000000000f7050                __start_svc_data = __svc_data_start__
 *(.svc_data*)
 .svc_data      0x00000000000f7050        0xc Output/Release_skip_CRC/Obj/beep_bootloader/nrf_dfu_svci_handler.o
                0x00000000000f7050                nrf_dfu_set_adv_name_var
                0x00000000000f705c                __svc_data_end__ = (__svc_data_start__ + SIZEOF (.svc_data))
                0x000000000000000c                __svc_data_size__ = SIZEOF (.svc_data)
                0x00000000000f705c                __stop_svc_data = __svc_data_end__
                0x00000000000f705c                __svc_data_load_end__ = __svc_data_end__
                0x0000000000000001                . = ASSERT (((__svc_data_start__ == __svc_data_end__) || ((__svc_data_end__ - __FLASH_segment_start__) <= __FLASH_segment_size__)), error: .svc_data is too large to fit in FLASH memory segment)
                0x00000000000f705c                __log_const_data_load_start__ = ALIGN (__svc_data_end__, 0x4)

.log_const_data
                0x00000000000f705c        0x0
                0x00000000000f705c                __log_const_data_start__ = .
                0x00000000000f705c                __start_log_const_data = __log_const_data_start__
 *(SORT_BY_NAME(.log_const_data*))
                0x00000000000f705c                __log_const_data_end__ = (__log_const_data_start__ + SIZEOF (.log_const_data))
                0x0000000000000000                __log_const_data_size__ = SIZEOF (.log_const_data)
                0x00000000000f705c                __stop_log_const_data = __log_const_data_end__
                0x00000000000f705c                __log_const_data_load_end__ = __log_const_data_end__
                0x0000000000000001                . = ASSERT (((__log_const_data_start__ == __log_const_data_end__) || ((__log_const_data_end__ - __FLASH_segment_start__) <= __FLASH_segment_size__)), error: .log_const_data is too large to fit in FLASH memory segment)
                0x00000000000f705c                __nrf_balloc_load_start__ = ALIGN (__log_const_data_end__, 0x4)

.nrf_balloc     0x00000000000f705c       0x14
                0x00000000000f705c                __nrf_balloc_start__ = .
                0x00000000000f705c                __start_nrf_balloc = __nrf_balloc_start__
 *(.nrf_balloc*)
 .nrf_balloc    0x00000000000f705c       0x14 Output/Release_skip_CRC/Obj/beep_bootloader/nrf_dfu_ble.o
                0x00000000000f705c                m_buffer_pool
                0x00000000000f7070                __nrf_balloc_end__ = (__nrf_balloc_start__ + SIZEOF (.nrf_balloc))
                0x0000000000000014                __nrf_balloc_size__ = SIZEOF (.nrf_balloc)
                0x00000000000f7070                __stop_nrf_balloc = __nrf_balloc_end__
                0x00000000000f7070                __nrf_balloc_load_end__ = __nrf_balloc_end__
                0x0000000000000001                . = ASSERT (((__nrf_balloc_start__ == __nrf_balloc_end__) || ((__nrf_balloc_end__ - __FLASH_segment_start__) <= __FLASH_segment_size__)), error: .nrf_balloc is too large to fit in FLASH memory segment)
                0x00000000000f7070                __sdh_ble_observers_load_start__ = ALIGN (__nrf_balloc_end__, 0x4)

.sdh_ble_observers
                0x00000000000f7070        0x8
                0x00000000000f7070                __sdh_ble_observers_start__ = .
                0x00000000000f7070                __start_sdh_ble_observers = __sdh_ble_observers_start__
 *(SORT_BY_NAME(.sdh_ble_observers*))
 .sdh_ble_observers2
                0x00000000000f7070        0x8 Output/Release_skip_CRC/Obj/beep_bootloader/nrf_dfu_ble.o
                0x00000000000f7078                __sdh_ble_observers_end__ = (__sdh_ble_observers_start__ + SIZEOF (.sdh_ble_observers))
                0x0000000000000008                __sdh_ble_observers_size__ = SIZEOF (.sdh_ble_observers)
                0x00000000000f7078                __stop_sdh_ble_observers = __sdh_ble_observers_end__
                0x00000000000f7078                __sdh_ble_observers_load_end__ = __sdh_ble_observers_end__
                0x0000000000000001                . = ASSERT (((__sdh_ble_observers_start__ == __sdh_ble_observers_end__) || ((__sdh_ble_observers_end__ - __FLASH_segment_start__) <= __FLASH_segment_size__)), error: .sdh_ble_observers is too large to fit in FLASH memory segment)
                0x00000000000f7078                __log_backends_load_start__ = ALIGN (__sdh_ble_observers_end__, 0x4)

.log_backends   0x00000000000f7078        0x0
                0x00000000000f7078                __log_backends_start__ = .
                0x00000000000f7078                __start_log_backends = __log_backends_start__
 *(SORT_BY_NAME(.log_backends*))
                0x00000000000f7078                __log_backends_end__ = (__log_backends_start__ + SIZEOF (.log_backends))
                0x0000000000000000                __log_backends_size__ = SIZEOF (.log_backends)
                0x00000000000f7078                __stop_log_backends = __log_backends_end__
                0x00000000000f7078                __log_backends_load_end__ = __log_backends_end__
                0x0000000000000001                . = ASSERT (((__log_backends_start__ == __log_backends_end__) || ((__log_backends_end__ - __FLASH_segment_start__) <= __FLASH_segment_size__)), error: .log_backends is too large to fit in FLASH memory segment)
                0x00000000000f7078                __sdh_req_observers_load_start__ = ALIGN (__log_backends_end__, 0x4)

.sdh_req_observers
                0x00000000000f7078        0x8
                0x00000000000f7078                __sdh_req_observers_start__ = .
                0x00000000000f7078                __start_sdh_req_observers = __sdh_req_observers_start__
 *(SORT_BY_NAME(.sdh_req_observers*))
 .sdh_req_observers0
                0x00000000000f7078        0x8 Output/Release_skip_CRC/Obj/beep_bootloader/nrf_fstorage_sd.o
                0x00000000000f7078                m_req_obs
                0x00000000000f7080                __sdh_req_observers_end__ = (__sdh_req_observers_start__ + SIZEOF (.sdh_req_observers))
                0x0000000000000008                __sdh_req_observers_size__ = SIZEOF (.sdh_req_observers)
                0x00000000000f7080                __stop_sdh_req_observers = __sdh_req_observers_end__
                0x00000000000f7080                __sdh_req_observers_load_end__ = __sdh_req_observers_end__
                0x0000000000000001                . = ASSERT (((__sdh_req_observers_start__ == __sdh_req_observers_end__) || ((__sdh_req_observers_end__ - __FLASH_segment_start__) <= __FLASH_segment_size__)), error: .sdh_req_observers is too large to fit in FLASH memory segment)
                0x00000000000f7080                __sdh_state_observers_load_start__ = ALIGN (__sdh_req_observers_end__, 0x4)

.sdh_state_observers
                0x00000000000f7080        0x8
                0x00000000000f7080                __sdh_state_observers_start__ = .
                0x00000000000f7080                __start_sdh_state_observers = __sdh_state_observers_start__
 *(SORT_BY_NAME(.sdh_state_observers*))
 .sdh_state_observers0
                0x00000000000f7080        0x8 Output/Release_skip_CRC/Obj/beep_bootloader/nrf_fstorage_sd.o
                0x00000000000f7088                __sdh_state_observers_end__ = (__sdh_state_observers_start__ + SIZEOF (.sdh_state_observers))
                0x0000000000000008                __sdh_state_observers_size__ = SIZEOF (.sdh_state_observers)
                0x00000000000f7088                __stop_sdh_state_observers = __sdh_state_observers_end__
                0x00000000000f7088                __sdh_state_observers_load_end__ = __sdh_state_observers_end__
                0x0000000000000001                . = ASSERT (((__sdh_state_observers_start__ == __sdh_state_observers_end__) || ((__sdh_state_observers_end__ - __FLASH_segment_start__) <= __FLASH_segment_size__)), error: .sdh_state_observers is too large to fit in FLASH memory segment)
                0x00000000000f7088                __sdh_stack_observers_load_start__ = ALIGN (__sdh_state_observers_end__, 0x4)

.sdh_stack_observers
                0x00000000000f7088       0x10
                0x00000000000f7088                __sdh_stack_observers_start__ = .
                0x00000000000f7088                __start_sdh_stack_observers = __sdh_stack_observers_start__
 *(SORT_BY_NAME(.sdh_stack_observers*))
 .sdh_stack_observers0
                0x00000000000f7088        0x8 Output/Release_skip_CRC/Obj/beep_bootloader/nrf_sdh_ble.o
 .sdh_stack_observers0
                0x00000000000f7090        0x8 Output/Release_skip_CRC/Obj/beep_bootloader/nrf_sdh_soc.o
                0x00000000000f7098                __sdh_stack_observers_end__ = (__sdh_stack_observers_start__ + SIZEOF (.sdh_stack_observers))
                0x0000000000000010                __sdh_stack_observers_size__ = SIZEOF (.sdh_stack_observers)