Archive member included to satisfy reference by file (symbol)

../../nRF5_SDK_15.3/external/nrf_cc310_bl/lib/cortex-m4/hard-float/libnrf_cc310_bl_0.9.12.a(nrf_cc310_bl_ecdsa_verify_secp256r1.c.obj)
                              Output/Release_skip_CRC/Obj/beep_bootloader/cc310_bl_backend_ecdsa.o (nrf_cc310_bl_ecdsa_verify_secp256r1)
../../nRF5_SDK_15.3/external/nrf_cc310_bl/lib/cortex-m4/hard-float/libnrf_cc310_bl_0.9.12.a(nrf_cc310_bl_hash_sha256.c.obj)
                              Output/Release_skip_CRC/Obj/beep_bootloader/cc310_bl_backend_hash.o (nrf_cc310_bl_hash_sha256_init)
../../nRF5_SDK_15.3/external/nrf_cc310_bl/lib/cortex-m4/hard-float/libnrf_cc310_bl_0.9.12.a(nrf_cc310_bl_init.c.obj)
                              Output/Release_skip_CRC/Obj/beep_bootloader/cc310_bl_backend_init.o (nrf_cc310_bl_init)
../../nRF5_SDK_15.3/external/nrf_cc310_bl/lib/cortex-m4/hard-float/libnrf_cc310_bl_0.9.12.a(pka.c.obj)
                              ../../nRF5_SDK_15.3/external/nrf_cc310_bl/lib/cortex-m4/hard-float/libnrf_cc310_bl_0.9.12.a(nrf_cc310_bl_ecdsa_verify_secp256r1.c.obj) (PkaInitAndMutexLock)
../../nRF5_SDK_15.3/external/nrf_cc310_bl/lib/cortex-m4/hard-float/libnrf_cc310_bl_0.9.12.a(pka_ec_wrst_dsa_verify.c.obj)
                              ../../nRF5_SDK_15.3/external/nrf_cc310_bl/lib/cortex-m4/hard-float/libnrf_cc310_bl_0.9.12.a(nrf_cc310_bl_ecdsa_verify_secp256r1.c.obj) (PkaEcdsaVerify)
../../nRF5_SDK_15.3/external/nrf_cc310_bl/lib/cortex-m4/hard-float/libnrf_cc310_bl_0.9.12.a(ssi_pal_mem.c.obj)
                              ../../nRF5_SDK_15.3/external/nrf_cc310_bl/lib/cortex-m4/hard-float/libnrf_cc310_bl_0.9.12.a(nrf_cc310_bl_hash_sha256.c.obj) (SaSi_PalMemCopy)
../../nRF5_SDK_15.3/external/nrf_cc310_bl/lib/cortex-m4/hard-float/libnrf_cc310_bl_0.9.12.a(crys_common_conv_endian.c.obj)
                              ../../nRF5_SDK_15.3/external/nrf_cc310_bl/lib/cortex-m4/hard-float/libnrf_cc310_bl_0.9.12.a(nrf_cc310_bl_ecdsa_verify_secp256r1.c.obj) (CRYS_COMMON_ReverseMemcpy32)
../../nRF5_SDK_15.3/external/nrf_cc310_bl/lib/cortex-m4/hard-float/libnrf_cc310_bl_0.9.12.a(nrf_cc310_bl_hash.c.obj)
                              ../../nRF5_SDK_15.3/external/nrf_cc310_bl/lib/cortex-m4/hard-float/libnrf_cc310_bl_0.9.12.a(nrf_cc310_bl_hash_sha256.c.obj) (nrf_cc310_bl_hash_update_internal)
../../nRF5_SDK_15.3/external/nrf_cc310_bl/lib/cortex-m4/hard-float/libnrf_cc310_bl_0.9.12.a(pka_ec_wrst.c.obj)
                              ../../nRF5_SDK_15.3/external/nrf_cc310_bl/lib/cortex-m4/hard-float/libnrf_cc310_bl_0.9.12.a(pka_ec_wrst_dsa_verify.c.obj) (PkaSum2ScalarMullt)
../../nRF5_SDK_15.3/external/nrf_cc310_bl/lib/cortex-m4/hard-float/libnrf_cc310_bl_0.9.12.a(ssi_hal.c.obj)
                              ../../nRF5_SDK_15.3/external/nrf_cc310_bl/lib/cortex-m4/hard-float/libnrf_cc310_bl_0.9.12.a(nrf_cc310_bl_hash.c.obj) (SaSi_HalClearInterruptBit)
/usr/share/segger_embedded_studio_for_arm_5.42a/lib/libc_v7em_fpv4_sp_d16_hard_t_le_eabi.a(libc2.o)
                              Output/Release_skip_CRC/Obj/beep_bootloader/nrf_bootloader_fw_activation.o (memcmp)
/usr/share/segger_embedded_studio_for_arm_5.42a/lib/libc_v7em_fpv4_sp_d16_hard_t_le_eabi.a(libc2_asm.o)
                              Output/Release_skip_CRC/Obj/beep_bootloader/app_scheduler.o (memcpy)
/usr/share/segger_embedded_studio_for_arm_5.42a/lib/libc_v7em_fpv4_sp_d16_hard_t_le_eabi.a(libvfprintf.o)
                              (__vfprintf_long)
/usr/share/segger_embedded_studio_for_arm_5.42a/lib/libc_v7em_fpv4_sp_d16_hard_t_le_eabi.a(libvfscanf.o)
                              (__vfscanf_long)
/usr/share/segger_embedded_studio_for_arm_5.42a/lib/libc_v7em_fpv4_sp_d16_hard_t_le_eabi.a(libc.o)
                              /usr/share/segger_embedded_studio_for_arm_5.42a/lib/libc_v7em_fpv4_sp_d16_hard_t_le_eabi.a(libc2.o) (__heap_lock)
/usr/share/segger_embedded_studio_for_arm_5.42a/lib/libc_v7em_fpv4_sp_d16_hard_t_le_eabi.a(libc_asm.o)
                              /usr/share/segger_embedded_studio_for_arm_5.42a/lib/libc_v7em_fpv4_sp_d16_hard_t_le_eabi.a(libc2.o) (__aeabi_uldivmod)
/usr/share/segger_embedded_studio_for_arm_5.42a/lib/libdebugio_v7em_fpv4_sp_d16_hard_t_le_eabi.a(libdebugio.o)
                              Output/Release_skip_CRC/Obj/beep_bootloader/thumb_crt0.o (debug_fopen)
/usr/share/segger_embedded_studio_for_arm_5.42a/lib/libdebugio_v7em_fpv4_sp_d16_hard_t_le_eabi.a(do_nv_debug_operation.o)
                              /usr/share/segger_embedded_studio_for_arm_5.42a/lib/libdebugio_v7em_fpv4_sp_d16_hard_t_le_eabi.a(libdebugio.o) (__do_nvdebug_operation)
/usr/share/segger_embedded_studio_for_arm_5.42a/lib/libdebugio_v7em_fpv4_sp_d16_hard_t_le_eabi.a(mempoll_debug_operations.o)
                              (__do_debug_operation_mempoll)
/usr/share/segger_embedded_studio_for_arm_5.42a/lib/libm_v7em_fpv4_sp_d16_hard_t_le_eabi.a(libm_asm.o)
[...]
Memory Configuration

Name             Origin             Length             Attributes
UNPLACED_SECTIONS 0x0000000100000000 0x0000000000000000 xw
uicr_mbr_params_page 0x0000000000000ffc 0x0000000000000004 xw
uicr_bootloader_start_address 0x0000000000000ff8 0x0000000000000004 xw
mbr_params_page  0x00000000000fe000 0x0000000000001000 xw
bootloader_settings_page 0x00000000000ff000 0x0000000000001000 xw
RAM              0x0000000020000000 0x0000000000040000 xw
FLASH            0x0000000000000000 0x0000000000100000 xw
*default*        0x0000000000000000 0xffffffffffffffff

Linker script and memory map

                0x0000000000000000                __do_debug_operation = __do_debug_operation_mempoll
                0x0000000000000000                __vfprintf = __vfprintf_long
                0x0000000000000000                __vfscanf = __vfscanf_long
                0x0000000000000ffc                __uicr_mbr_params_page_segment_start__ = 0xffc
                0x0000000000001000                __uicr_mbr_params_page_segment_end__ = 0x1000
                0x0000000000000004                __uicr_mbr_params_page_segment_size__ = 0x4
                0x0000000000000ff8                __uicr_bootloader_start_address_segment_start__ = 0xff8
                0x0000000000000ffc                __uicr_bootloader_start_address_segment_end__ = 0xffc
                0x0000000000000004                __uicr_bootloader_start_address_segment_size__ = 0x4
                0x00000000000fe000                __mbr_params_page_segment_start__ = 0xfe000
                0x00000000000ff000                __mbr_params_page_segment_end__ = 0xff000
                0x0000000000001000                __mbr_params_page_segment_size__ = 0x1000
                0x00000000000ff000                __bootloader_settings_page_segment_start__ = 0xff000
                0x0000000000100000                __bootloader_settings_page_segment_end__ = 0x100000
                0x0000000000001000                __bootloader_settings_page_segment_size__ = 0x1000
                0x0000000020000000                __RAM_segment_start__ = 0x20000000
                0x0000000020040000                __RAM_segment_end__ = 0x20040000
                0x0000000000040000                __RAM_segment_size__ = 0x40000
                0x0000000000000000                __FLASH_segment_start__ = 0x0
                0x0000000000100000                __FLASH_segment_end__ = 0x100000
                0x0000000000100000                __FLASH_segment_size__ = 0x100000
                0x0000000000000000                __HEAPSIZE__ = 0x0
                0x0000000000000000                __STACKSIZE_PROCESS__ = 0x0
                0x0000000000000800                __STACKSIZE__ = 0x800
                0x0000000000000ffc                __uicr_mbr_params_page_load_start__ = 0xffc

.uicr_mbr_params_page
                0x0000000000000ffc        0x4
                0x0000000000000ffc                __uicr_mbr_params_page_start__ = .
                0x0000000000000ffc                __start_uicr_mbr_params_page = __uicr_mbr_params_page_start__
 *(.uicr_mbr_params_page .uicr_mbr_params_page.*)
 .uicr_mbr_params_page
                0x0000000000000ffc        0x4 Output/Release_skip_CRC/Obj/beep_bootloader/nrf_dfu_settings.o
                0x0000000000000ffc                m_uicr_mbr_params_page_address
                0x0000000000001000                . = ALIGN (MAX ((__uicr_mbr_params_page_start__ + 0x4), .), 0x4)
                0x0000000000001000                __uicr_mbr_params_page_end__ = (__uicr_mbr_params_page_start__ + SIZEOF (.uicr_mbr_params_page))
                0x0000000000000004                __uicr_mbr_params_page_size__ = SIZEOF (.uicr_mbr_params_page)
                0x0000000000001000                __stop_uicr_mbr_params_page = __uicr_mbr_params_page_end__
                0x0000000000001000                __uicr_mbr_params_page_load_end__ = __uicr_mbr_params_page_end__
                0x0000000000001000                __uicr_mbr_params_page_segment_used_end__ = (0xffc + SIZEOF (.uicr_mbr_params_page))
                0x0000000000000004                __uicr_mbr_params_page_segment_used_size__ = (__uicr_mbr_params_page_segment_used_end__ - __uicr_mbr_params_page_segment_start__)
                0x0000000000000001                . = ASSERT (((__uicr_mbr_params_page_start__ == __uicr_mbr_params_page_end__) || ((__uicr_mbr_params_page_end__ - __uicr_mbr_params_page_segment_start__) <= __uicr_mbr_params_page_segment_size__)), error: .uicr_mbr_params_page is too large to fit in uicr_mbr_params_page memory segment)
                0x0000000000000ff8                __uicr_bootloader_start_address_load_start__ = 0xff8

.uicr_bootloader_start_address
                0x0000000000000ff8        0x4
                0x0000000000000ff8                __uicr_bootloader_start_address_start__ = .
                0x0000000000000ff8                __start_uicr_bootloader_start_address = __uicr_bootloader_start_address_start__
 *(.uicr_bootloader_start_address .uicr_bootloader_start_address.*)
 .uicr_bootloader_start_address
                0x0000000000000ff8        0x4 Output/Release_skip_CRC/Obj/beep_bootloader/nrf_bootloader_info.o
                0x0000000000000ff8                m_uicr_bootloader_start_address
                0x0000000000000ffc                . = ALIGN (MAX ((__uicr_bootloader_start_address_start__ + 0x4), .), 0x4)
                0x0000000000000ffc                __uicr_bootloader_start_address_end__ = (__uicr_bootloader_start_address_start__ + SIZEOF (.uicr_bootloader_start_address))
                0x0000000000000004                __uicr_bootloader_start_address_size__ = SIZEOF (.uicr_bootloader_start_address)
                0x0000000000000ffc                __stop_uicr_bootloader_start_address = __uicr_bootloader_start_address_end__
                0x0000000000000ffc                __uicr_bootloader_start_address_load_end__ = __uicr_bootloader_start_address_end__
                0x0000000000000ffc                __uicr_bootloader_start_address_segment_used_end__ = (0xff8 + SIZEOF (.uicr_bootloader_start_address))
                0x0000000000000004                __uicr_bootloader_start_address_segment_used_size__ = (__uicr_bootloader_start_address_segment_used_end__ - __uicr_bootloader_start_address_segment_start__)
                0x0000000000000001                . = ASSERT (((__uicr_bootloader_start_address_start__ == __uicr_bootloader_start_address_end__) || ((__uicr_bootloader_start_address_end__ - __uicr_bootloader_start_address_segment_start__) <= __uicr_bootloader_start_address_segment_size__)), error: .uicr_bootloader_start_address is too large to fit in uicr_bootloader_start_address memory segment)
                0x00000000000fe000                __mbr_params_page_load_start__ = 0xfe000

.mbr_params_page
                0x00000000000fe000     0x1000
                0x00000000000fe000                __mbr_params_page_start__ = .
                0x00000000000fe000                __start_mbr_params_page = __mbr_params_page_start__
 *(.mbr_params_page .mbr_params_page.*)
 .mbr_params_page
                0x00000000000fe000     0x1000 Output/Release_skip_CRC/Obj/beep_bootloader/nrf_dfu_settings.o
                0x00000000000fe000                m_mbr_params_page
                0x00000000000ff000                . = ALIGN (MAX ((__mbr_params_page_start__ + 0x1000), .), 0x4)
                0x00000000000ff000                __mbr_params_page_end__ = (__mbr_params_page_start__ + SIZEOF (.mbr_params_page))
                0x0000000000001000                __mbr_params_page_size__ = SIZEOF (.mbr_params_page)
                0x00000000000ff000                __stop_mbr_params_page = __mbr_params_page_end__
                0x00000000000ff000                __mbr_params_page_load_end__ = __mbr_params_page_end__
                0x00000000000ff000                __mbr_params_page_segment_used_end__ = (0xfe000 + SIZEOF (.mbr_params_page))
                0x0000000000001000                __mbr_params_page_segment_used_size__ = (__mbr_params_page_segment_used_end__ - __mbr_params_page_segment_start__)
                0x0000000000000001                . = ASSERT (((__mbr_params_page_start__ == __mbr_params_page_end__) || ((__mbr_params_page_end__ - __mbr_params_page_segment_start__) <= __mbr_params_page_segment_size__)), error: .mbr_params_page is too large to fit in mbr_params_page memory segment)
                0x00000000000ff000                __bootloader_settings_page_load_start__ = 0xff000

.bootloader_settings_page
                0x00000000000ff000     0x1000
                0x00000000000ff000                __bootloader_settings_page_start__ = .
                0x00000000000ff000                __start_bootloader_settings_page = __bootloader_settings_page_start__
 *(.bootloader_settings_page .bootloader_settings_page.*)
 .bootloader_settings_page
                0x00000000000ff000     0x1000 Output/Release_skip_CRC/Obj/beep_bootloader/nrf_dfu_settings.o
                0x00000000000ff000                m_dfu_settings_buffer
                0x0000000000100000                . = ALIGN (MAX ((__bootloader_settings_page_start__ + 0x1000), .), 0x4)
                0x0000000000100000                __bootloader_settings_page_end__ = (__bootloader_settings_page_start__ + SIZEOF (.bootloader_settings_page))
                0x0000000000001000                __bootloader_settings_page_size__ = SIZEOF (.bootloader_settings_page)
                0x0000000000100000                __stop_bootloader_settings_page = __bootloader_settings_page_end__
                0x0000000000100000                __bootloader_settings_page_load_end__ = __bootloader_settings_page_end__
                0x0000000000100000                __bootloader_settings_page_segment_used_end__ = (0xff000 + SIZEOF (.bootloader_settings_page))
                0x0000000000001000                __bootloader_settings_page_segment_used_size__ = (__bootloader_settings_page_segment_used_end__ - __bootloader_settings_page_segment_start__)
                0x0000000000000001                . = ASSERT (((__bootloader_settings_page_start__ == __bootloader_settings_page_end__) || ((__bootloader_settings_page_end__ - __bootloader_settings_page_segment_start__) <= __bootloader_settings_page_segment_size__)), error: .bootloader_settings_page is too large to fit in bootloader_settings_page memory segment)
                0x0000000020000000                __reserved_ram_load_start__ = 0x20000000

.reserved_ram   0x0000000020000000     0x57b8
                0x0000000020000000                __reserved_ram_start__ = .
 *(.reserved_ram .reserved_ram.*)
                0x00000000200057b8                . = MAX (((__reserved_ram_start__ + 0x200057b8) - 0x20000000), .)
 *fill*         0x0000000020000000     0x57b8 
                0x00000000200057b8                __reserved_ram_end__ = (__reserved_ram_start__ + SIZEOF (.reserved_ram))
                0x00000000000057b8                __reserved_ram_size__ = SIZEOF (.reserved_ram)
                0x00000000200057b8                __reserved_ram_load_end__ = __reserved_ram_end__
                0x0000000000000001                . = ASSERT (((__reserved_ram_start__ == __reserved_ram_end__) || ((__reserved_ram_end__ - __RAM_segment_start__) <= __RAM_segment_size__)), error: .reserved_ram is too large to fit in RAM memory segment)
                0x00000000200057b8                __vectors_ram_load_start__ = 0x200057b8

.vectors_ram    0x00000000200057b8        0x0
                0x00000000200057b8                __vectors_ram_start__ = .
                0x00000000200057b8                __app_ram_start__ = __vectors_ram_start__
 *(.vectors_ram .vectors_ram.*)
                0x00000000200057b8                __vectors_ram_end__ = (__vectors_ram_start__ + SIZEOF (.vectors_ram))
                0x0000000000000000                __vectors_ram_size__ = SIZEOF (.vectors_ram)
                0x00000000200057b8                __vectors_ram_load_end__ = __vectors_ram_end__
                0x0000000000000001                . = ASSERT (((__vectors_ram_start__ == __vectors_ram_end__) || ((__vectors_ram_end__ - __RAM_segment_start__) <= __RAM_segment_size__)), error: .vectors_ram is too large to fit in RAM memory segment)
                0x0000000000000001                . = ASSERT ((__reserved_ram_end__ <= __vectors_ram_start__), error: section .reserved_ram overlaps absolute placed section .vectors_ram)
                0x00000000200057b8                __nrf_sections_run_load_start__ = ALIGN (__vectors_ram_end__, 0x4)

.nrf_sections_run
                0x00000000200057b8        0x0
                0x00000000200057b8                __nrf_sections_run_start__ = .
                0x00000000200057b8                __start_nrf_sections_run = __nrf_sections_run_start__
 *(.nrf_sections_run .nrf_sections_run.*)
                0x00000000200057b8                __nrf_sections_run_end__ = (__nrf_sections_run_start__ + SIZEOF (.nrf_sections_run))
                0x0000000000000000                __nrf_sections_run_size__ = SIZEOF (.nrf_sections_run)
                0x00000000200057b8                __nrf_sections_run_load_end__ = __nrf_sections_run_end__
                0x0000000000000001                . = ASSERT (((__nrf_sections_run_start__ == __nrf_sections_run_end__) || ((__nrf_sections_run_end__ - __RAM_segment_start__) <= __RAM_segment_size__)), error: .nrf_sections_run is too large to fit in RAM memory segment)
                0x0000000000001000                __reserved_flash_load_start__ = 0x1000

.reserved_flash
                0x0000000000001000    0xf0000
                0x0000000000001000                __reserved_flash_start__ = .
 *(.reserved_flash .reserved_flash.*)
                0x00000000000f1000                . = MAX ((((__reserved_flash_start__ + 0xf1000) - 0x0) - 0x1000), .)
 *fill*         0x0000000000001000    0xf0000 
                0x00000000000f1000                __reserved_flash_end__ = (__reserved_flash_start__ + SIZEOF (.reserved_flash))
                0x00000000000f0000                __reserved_flash_size__ = SIZEOF (.reserved_flash)
                0x00000000000f1000                __reserved_flash_load_end__ = __reserved_flash_end__
                0x0000000000000001                . = ASSERT (((__reserved_flash_start__ == __reserved_flash_end__) || ((__reserved_flash_end__ - __FLASH_segment_start__) <= __FLASH_segment_size__)), error: .reserved_flash is too large to fit in FLASH memory segment)
                0x00000000000f1000                __vectors_load_start__ = 0xf1000

.vectors        0x00000000000f1000      0x200
                0x00000000000f1000                __vectors_start__ = .
 *(.vectors .vectors.*)
 .vectors       0x00000000000f1000      0x200 Output/Release_skip_CRC/Obj/beep_bootloader/ses_startup_nrf52840.o
                0x00000000000f1000                _vectors
                0x00000000000f1200                __vectors_end__ = (__vectors_start__ + SIZEOF (.vectors))
                0x0000000000000200                __vectors_size__ = SIZEOF (.vectors)
                0x00000000000f1200                __vectors_load_end__ = __vectors_end__
                0x0000000000000001                . = ASSERT (((__vectors_start__ == __vectors_end__) || ((__vectors_end__ - __FLASH_segment_start__) <= __FLASH_segment_size__)), error: .vectors is too large to fit in FLASH memory segment)
                0x0000000000000001                . = ASSERT ((__reserved_flash_end__ <= __vectors_start__), error: section .reserved_flash overlaps absolute placed section .vectors)
                0x00000000000f1200                __init_load_start__ = ALIGN (__vectors_end__, 0x4)

.init           0x00000000000f1200      0x1bc
                0x00000000000f1200                __init_start__ = .
 *(.init .init.*)
 .init          0x00000000000f1200      0x144 Output/Release_skip_CRC/Obj/beep_bootloader/thumb_crt0.o
                0x00000000000f1200                _start
                0x00000000000f12a4                exit
 .init          0x00000000000f1344       0x18 Output/Release_skip_CRC/Obj/beep_bootloader/ses_startup_nrf52840.o
                0x00000000000f1344                NMI_Handler
                0x00000000000f1346                HardFault_Handler
                0x00000000000f1348                MemoryManagement_Handler
                0x00000000000f134a                BusFault_Handler
                0x00000000000f134c                UsageFault_Handler
                0x00000000000f1350                DebugMon_Handler
                0x00000000000f1352                PendSV_Handler
                0x00000000000f1354                SysTick_Handler
                0x00000000000f1356                TIMER2_IRQHandler
                0x00000000000f1356                RTC0_IRQHandler
                0x00000000000f1356                SWI0_EGU0_IRQHandler
                0x00000000000f1356                PWM1_IRQHandler
                0x00000000000f1356                POWER_CLOCK_IRQHandler
                0x00000000000f1356                RADIO_IRQHandler
                0x00000000000f1356                PDM_IRQHandler
                0x00000000000f1356                TEMP_IRQHandler
                0x00000000000f1356                QDEC_IRQHandler
                0x00000000000f1356                TIMER3_IRQHandler
                0x00000000000f1356                PWM3_IRQHandler
                0x00000000000f1356                FPU_IRQHandler
                0x00000000000f1356                USBD_IRQHandler
                0x00000000000f1356                SPIM0_SPIS0_TWIM0_TWIS0_SPI0_TWI0_IRQHandler
                0x00000000000f1356                UARTE0_UART0_IRQHandler
                0x00000000000f1356                TIMER4_IRQHandler
                0x00000000000f1356                I2S_IRQHandler
                0x00000000000f1356                SWI4_EGU4_IRQHandler
                0x00000000000f1356                TIMER0_IRQHandler
                0x00000000000f1356                UARTE1_IRQHandler
                0x00000000000f1356                Dummy_Handler
                0x00000000000f1356                TIMER1_IRQHandler
                0x00000000000f1356                SPIM3_IRQHandler
                0x00000000000f1356                PWM2_IRQHandler
                0x00000000000f1356                ECB_IRQHandler
                0x00000000000f1356                SPIM1_SPIS1_TWIM1_TWIS1_SPI1_TWI1_IRQHandler
                0x00000000000f1356                SAADC_IRQHandler
                0x00000000000f1356                CCM_AAR_IRQHandler
                0x00000000000f1356                SWI5_EGU5_IRQHandler
                0x00000000000f1356                RNG_IRQHandler
                0x00000000000f1356                PWM0_IRQHandler
                0x00000000000f1356                SWI3_EGU3_IRQHandler
                0x00000000000f1356                RTC1_IRQHandler
                0x00000000000f1356                SWI1_EGU1_IRQHandler
                0x00000000000f1356                SPIM2_SPIS2_SPI2_IRQHandler
                0x00000000000f1356                NFCT_IRQHandler
                0x00000000000f1356                MWU_IRQHandler
                0x00000000000f1356                QSPI_IRQHandler
                0x00000000000f1356                COMP_LPCOMP_IRQHandler
                0x00000000000f1358                nRFInitialize
 .init          0x00000000000f135c       0x60 Output/Release_skip_CRC/Obj/beep_bootloader/ses_startup_nrf_common.o
                0x00000000000f135c                Reset_Handler
                0x00000000000f1384                InitializeUserMemorySections
                0x00000000000f13bc                __init_end__ = (__init_start__ + SIZEOF (.init))
                0x00000000000001bc                __init_size__ = SIZEOF (.init)
                0x00000000000f13bc                __init_load_end__ = __init_end__
                0x0000000000000001                . = ASSERT (((__init_start__ == __init_end__) || ((__init_end__ - __FLASH_segment_start__) <= __FLASH_segment_size__)), error: .init is too large to fit in FLASH memory segment)
                0x00000000000f13bc                __init_rodata_load_start__ = ALIGN (__init_end__, 0x4)

.init_rodata    0x00000000000f13bc        0x0
                0x00000000000f13bc                __init_rodata_start__ = .
 *(.init_rodata .init_rodata.*)
                0x00000000000f13bc                __init_rodata_end__ = (__init_rodata_start__ + SIZEOF (.init_rodata))
                0x0000000000000000                __init_rodata_size__ = SIZEOF (.init_rodata)
                0x00000000000f13bc                __init_rodata_load_end__ = __init_rodata_end__
                0x0000000000000001                . = ASSERT (((__init_rodata_start__ == __init_rodata_end__) || ((__init_rodata_end__ - __FLASH_segment_start__) <= __FLASH_segment_size__)), error: .init_rodata is too large to fit in FLASH memory segment)
                0x00000000000f13bc                __text_load_start__ = ALIGN (__init_rodata_end__, 0x4)

.text           0x00000000000f13bc     0x5cde
                0x00000000000f13bc                __text_start__ = .
 *(.text .text.* .glue_7t .glue_7 .gnu.linkonce.t.* .gcc_except_table .ARM.extab* .gnu.linkonce.armextab.*)
 .glue_7        0x00000000000f13bc        0x0 linker stubs
 .glue_7t       0x00000000000f13bc        0x0 linker stubs
 .text.app_sched_init
                0x00000000000f13bc       0x48 Output/Release_skip_CRC/Obj/beep_bootloader/app_scheduler.o
                0x00000000000f13bc                app_sched_init
 .text.app_sched_event_put
                0x00000000000f1404       0xd0 Output/Release_skip_CRC/Obj/beep_bootloader/app_scheduler.o
                0x00000000000f1404                app_sched_event_put
 .text.app_sched_execute
                0x00000000000f14d4       0x5c Output/Release_skip_CRC/Obj/beep_bootloader/app_scheduler.o
                0x00000000000f14d4                app_sched_execute
 .text.app_util_critical_region_enter
                0x00000000000f1530       0x48 Output/Release_skip_CRC/Obj/beep_bootloader/app_util_platform.o
                0x00000000000f1530                app_util_critical_region_enter
 .text.app_util_critical_region_exit
                0x00000000000f1578       0x2c Output/Release_skip_CRC/Obj/beep_bootloader/app_util_platform.o
                0x00000000000f1578                app_util_critical_region_exit
 .text.crc32_compute
                0x00000000000f15a4       0x38 Output/Release_skip_CRC/Obj/beep_bootloader/crc32.o
                0x00000000000f15a4                crc32_compute
 .text.nrf_atfifo_init
                0x00000000000f15dc       0x26 Output/Release_skip_CRC/Obj/beep_bootloader/nrf_atfifo.o
                0x00000000000f15dc                nrf_atfifo_init
 .text.nrf_atfifo_clear
                0x00000000000f1602       0x44 Output/Release_skip_CRC/Obj/beep_bootloader/nrf_atfifo.o
                0x00000000000f1602                nrf_atfifo_clear
 .text.nrf_atfifo_item_alloc
                0x00000000000f1646       0x54 Output/Release_skip_CRC/Obj/beep_bootloader/nrf_atfifo.o
                0x00000000000f1646                nrf_atfifo_item_alloc
 .text.nrf_atfifo_item_put
                0x00000000000f169a       0x20 Output/Release_skip_CRC/Obj/beep_bootloader/nrf_atfifo.o
                0x00000000000f169a                nrf_atfifo_item_put
 .text.nrf_atfifo_item_get
                0x00000000000f16ba       0x56 Output/Release_skip_CRC/Obj/beep_bootloader/nrf_atfifo.o
                0x00000000000f16ba                nrf_atfifo_item_get
 .text.nrf_atfifo_item_free
                0x00000000000f1710       0x20 Output/Release_skip_CRC/Obj/beep_bootloader/nrf_atfifo.o
                0x00000000000f1710                nrf_atfifo_item_free
 .text.nrf_atomic_u32_fetch_store
                0x00000000000f1730       0x16 Output/Release_skip_CRC/Obj/beep_bootloader/nrf_atomic.o
                0x00000000000f1730                nrf_atomic_u32_fetch_store
 .text.nrf_atomic_u32_fetch_or
                0x00000000000f1746       0x18 Output/Release_skip_CRC/Obj/beep_bootloader/nrf_atomic.o
                0x00000000000f1746                nrf_atomic_u32_fetch_or
 .text.nrf_atomic_u32_and
                0x00000000000f175e       0x18 Output/Release_skip_CRC/Obj/beep_bootloader/nrf_atomic.o
                0x00000000000f175e                nrf_atomic_u32_and
 .text.nrf_atomic_flag_set_fetch
                0x00000000000f1776        0x6 Output/Release_skip_CRC/Obj/beep_bootloader/nrf_atomic.o
                0x00000000000f1776                nrf_atomic_flag_set_fetch
 .text.nrf_atomic_flag_clear
                0x00000000000f177c        0x6 Output/Release_skip_CRC/Obj/beep_bootloader/nrf_atomic.o
                0x00000000000f177c                nrf_atomic_flag_clear
 .text.nrf_balloc_init
                0x00000000000f1782       0x2e Output/Release_skip_CRC/Obj/beep_bootloader/nrf_balloc.o
                0x00000000000f1782                nrf_balloc_init
 .text.nrf_balloc_alloc
                0x00000000000f17b0       0x48 Output/Release_skip_CRC/Obj/beep_bootloader/nrf_balloc.o
                0x00000000000f17b0                nrf_balloc_alloc
 .text.nrf_balloc_free
                0x00000000000f17f8       0x34 Output/Release_skip_CRC/Obj/beep_bootloader/nrf_balloc.o
                0x00000000000f17f8                nrf_balloc_free
 .text.nrf_fstorage_init
                0x00000000000f182c        0x8 Output/Release_skip_CRC/Obj/beep_bootloader/nrf_fstorage.o
                0x00000000000f182c                nrf_fstorage_init
 .text.nrf_fstorage_write
                0x00000000000f1834        0xe Output/Release_skip_CRC/Obj/beep_bootloader/nrf_fstorage.o
                0x00000000000f1834                nrf_fstorage_write
 .text.nrf_fstorage_erase
                0x00000000000f1842        0xe Output/Release_skip_CRC/Obj/beep_bootloader/nrf_fstorage.o
                0x00000000000f1842                nrf_fstorage_erase
 .text.nrf_fstorage_is_busy
                0x00000000000f1850       0x48 Output/Release_skip_CRC/Obj/beep_bootloader/nrf_fstorage.o
                0x00000000000f1850                nrf_fstorage_is_busy
 .text.init     0x00000000000f1898        0xc Output/Release_skip_CRC/Obj/beep_bootloader/nrf_fstorage_nvmc.o
 .text.rmap     0x00000000000f18a4        0x4 Output/Release_skip_CRC/Obj/beep_bootloader/nrf_fstorage_nvmc.o
 .text.wmap     0x00000000000f18a8        0x4 Output/Release_skip_CRC/Obj/beep_bootloader/nrf_fstorage_nvmc.o
 .text.is_busy  0x00000000000f18ac       0x10 Output/Release_skip_CRC/Obj/beep_bootloader/nrf_fstorage_nvmc.o
 .text.uninit   0x00000000000f18bc       0x10 Output/Release_skip_CRC/Obj/beep_bootloader/nrf_fstorage_nvmc.o
 .text.read     0x00000000000f18cc        0xe Output/Release_skip_CRC/Obj/beep_bootloader/nrf_fstorage_nvmc.o
 *fill*         0x00000000000f18da        0x2 
 .text.write    0x00000000000f18dc       0x54 Output/Release_skip_CRC/Obj/beep_bootloader/nrf_fstorage_nvmc.o
 .text.erase    0x00000000000f1930       0x60 Output/Release_skip_CRC/Obj/beep_bootloader/nrf_fstorage_nvmc.o
 .text.sd_flash_write
                0x00000000000f1990        0x4 Output/Release_skip_CRC/Obj/beep_bootloader/nrf_fstorage_sd.o
 .text.sd_flash_page_erase
                0x00000000000f1994        0x4 Output/Release_skip_CRC/Obj/beep_bootloader/nrf_fstorage_sd.o
 .text.event_send
                0x00000000000f1998       0x50 Output/Release_skip_CRC/Obj/beep_bootloader/nrf_fstorage_sd.o
 .text.rmap     0x00000000000f19e8        0x4 Output/Release_skip_CRC/Obj/beep_bootloader/nrf_fstorage_sd.o
 .text.wmap     0x00000000000f19ec        0x4 Output/Release_skip_CRC/Obj/beep_bootloader/nrf_fstorage_sd.o
 .text.is_busy  0x00000000000f19f0       0x10 Output/Release_skip_CRC/Obj/beep_bootloader/nrf_fstorage_sd.o
 .text.nrf_fstorage_sdh_req_handler
                0x00000000000f1a00       0x14 Output/Release_skip_CRC/Obj/beep_bootloader/nrf_fstorage_sd.o
                0x00000000000f1a00                nrf_fstorage_sdh_req_handler
 .text.read     0x00000000000f1a14        0xe Output/Release_skip_CRC/Obj/beep_bootloader/nrf_fstorage_sd.o
 *fill*         0x00000000000f1a22        0x2 
 .text.uninit   0x00000000000f1a24       0x20 Output/Release_skip_CRC/Obj/beep_bootloader/nrf_fstorage_sd.o
 .text.init     0x00000000000f1a44       0x38 Output/Release_skip_CRC/Obj/beep_bootloader/nrf_fstorage_sd.o
 .text.queue_process
                0x00000000000f1a7c       0x9c Output/Release_skip_CRC/Obj/beep_bootloader/nrf_fstorage_sd.o
 .text.nrf_fstorage_sys_evt_handler.part.0
                0x00000000000f1b18       0x9c Output/Release_skip_CRC/Obj/beep_bootloader/nrf_fstorage_sd.o
 .text.nrf_fstorage_sys_evt_handler
                0x00000000000f1bb4        0xc Output/Release_skip_CRC/Obj/beep_bootloader/nrf_fstorage_sd.o
                0x00000000000f1bb4                nrf_fstorage_sys_evt_handler
 .text.nrf_fstorage_sdh_state_handler
                0x00000000000f1bc0       0x20 Output/Release_skip_CRC/Obj/beep_bootloader/nrf_fstorage_sd.o
                0x00000000000f1bc0                nrf_fstorage_sdh_state_handler
 .text.queue_start
                0x00000000000f1be0       0x20 Output/Release_skip_CRC/Obj/beep_bootloader/nrf_fstorage_sd.o
 .text.erase    0x00000000000f1c00       0x4c Output/Release_skip_CRC/Obj/beep_bootloader/nrf_fstorage_sd.o
 .text.write    0x00000000000f1c4c       0x50 Output/Release_skip_CRC/Obj/beep_bootloader/nrf_fstorage_sd.o
 .text.nrf_section_iter_init
                0x00000000000f1c9c       0x14 Output/Release_skip_CRC/Obj/beep_bootloader/nrf_section_iter.o
                0x00000000000f1c9c                nrf_section_iter_init
 .text.nrf_section_iter_next
                0x00000000000f1cb0       0x18 Output/Release_skip_CRC/Obj/beep_bootloader/nrf_section_iter.o
                0x00000000000f1cb0                nrf_section_iter_next
 .text.pb_field_iter_begin
                0x00000000000f1cc8       0x22 Output/Release_skip_CRC/Obj/beep_bootloader/pb_common.o
                0x00000000000f1cc8                pb_field_iter_begin
 .text.pb_field_iter_next
                0x00000000000f1cea       0x80 Output/Release_skip_CRC/Obj/beep_bootloader/pb_common.o
                0x00000000000f1cea                pb_field_iter_next
 .text.pb_field_iter_find
                0x00000000000f1d6a       0x2e Output/Release_skip_CRC/Obj/beep_bootloader/pb_common.o
                0x00000000000f1d6a                pb_field_iter_find
 .text.buf_read
                0x00000000000f1d98       0x1c Output/Release_skip_CRC/Obj/beep_bootloader/pb_decode.o
 .text.pb_field_set_to_default
                0x00000000000f1db4       0xae Output/Release_skip_CRC/Obj/beep_bootloader/pb_decode.o
 .text.pb_message_set_to_defaults
                0x00000000000f1e62       0x22 Output/Release_skip_CRC/Obj/beep_bootloader/pb_decode.o
 .text.pb_readbyte
                0x00000000000f1e84       0x1e Output/Release_skip_CRC/Obj/beep_bootloader/pb_decode.o
 .text.pb_decode_varint32
                0x00000000000f1ea2       0x5c Output/Release_skip_CRC/Obj/beep_bootloader/pb_decode.o
 *fill*         0x00000000000f1efe        0x2 
 .text.pb_read  0x00000000000f1f00       0x58 Output/Release_skip_CRC/Obj/beep_bootloader/pb_decode.o
                0x00000000000f1f00                pb_read
 .text.pb_dec_string
                0x00000000000f1f58       0x3e Output/Release_skip_CRC/Obj/beep_bootloader/pb_decode.o
 .text.pb_dec_bytes
                0x00000000000f1f96       0x40 Output/Release_skip_CRC/Obj/beep_bootloader/pb_decode.o
 *fill*         0x00000000000f1fd6        0x2 
 .text.pb_istream_from_buffer
                0x00000000000f1fd8       0x14 Output/Release_skip_CRC/Obj/beep_bootloader/pb_decode.o
                0x00000000000f1fd8                pb_istream_from_buffer
 .text.pb_decode_varint
                0x00000000000f1fec       0x5a Output/Release_skip_CRC/Obj/beep_bootloader/pb_decode.o
                0x00000000000f1fec                pb_decode_varint
 .text.pb_dec_uvarint
                0x00000000000f2046       0x5a Output/Release_skip_CRC/Obj/beep_bootloader/pb_decode.o
 .text.pb_dec_varint
                0x00000000000f20a0       0x56 Output/Release_skip_CRC/Obj/beep_bootloader/pb_decode.o
 .text.pb_decode_tag
                0x00000000000f20f6       0x3a Output/Release_skip_CRC/Obj/beep_bootloader/pb_decode.o
                0x00000000000f20f6                pb_decode_tag
 .text.pb_skip_field
                0x00000000000f2130       0x58 Output/Release_skip_CRC/Obj/beep_bootloader/pb_decode.o
                0x00000000000f2130                pb_skip_field
 .text.pb_make_string_substream
                0x00000000000f2188       0x30 Output/Release_skip_CRC/Obj/beep_bootloader/pb_decode.o
                0x00000000000f2188                pb_make_string_substream
 .text.decode_field
                0x00000000000f21b8      0x1ac Output/Release_skip_CRC/Obj/beep_bootloader/pb_decode.o
 .text.pb_decode_noinit
                0x00000000000f2364      0x1ae Output/Release_skip_CRC/Obj/beep_bootloader/pb_decode.o
                0x00000000000f2364                pb_decode_noinit
 .text.pb_decode
                0x00000000000f2512       0x20 Output/Release_skip_CRC/Obj/beep_bootloader/pb_decode.o
                0x00000000000f2512                pb_decode
 .text.pb_dec_submessage
                0x00000000000f2532       0x3a Output/Release_skip_CRC/Obj/beep_bootloader/pb_decode.o
 .text.pb_decode_svarint
                0x00000000000f256c       0x2a Output/Release_skip_CRC/Obj/beep_bootloader/pb_decode.o
                0x00000000000f256c                pb_decode_svarint
 .text.pb_dec_svarint
                0x00000000000f2596       0x58 Output/Release_skip_CRC/Obj/beep_bootloader/pb_decode.o
 .text.pb_decode_fixed32
                0x00000000000f25ee       0x18 Output/Release_skip_CRC/Obj/beep_bootloader/pb_decode.o
                0x00000000000f25ee                pb_decode_fixed32
 .text.pb_dec_fixed32
                0x00000000000f2606        0x6 Output/Release_skip_CRC/Obj/beep_bootloader/pb_decode.o
 .text.pb_decode_fixed64
                0x00000000000f260c       0x1a Output/Release_skip_CRC/Obj/beep_bootloader/pb_decode.o
                0x00000000000f260c                pb_decode_fixed64
 .text.pb_dec_fixed64
                0x00000000000f2626        0x6 Output/Release_skip_CRC/Obj/beep_bootloader/pb_decode.o
 .text.nrf_crypto_backend_secp256r1_public_key_from_raw
                0x00000000000f262c       0x1e Output/Release_skip_CRC/Obj/beep_bootloader/cc310_bl_backend_ecc.o
                0x00000000000f262c                nrf_crypto_backend_secp256r1_public_key_from_raw
 *fill*         0x00000000000f264a        0x2 
 .text.nrf_crypto_backend_secp256r1_verify
                0x00000000000f264c       0x78 Output/Release_skip_CRC/Obj/beep_bootloader/cc310_bl_backend_ecdsa.o
                0x00000000000f264c                nrf_crypto_backend_secp256r1_verify
 .text.hash_result_get
                0x00000000000f26c4       0x4c Output/Release_skip_CRC/Obj/beep_bootloader/cc310_bl_backend_hash.o
 .text.cc310_bl_backend_hash_sha256_init
                0x00000000000f2710       0x10 Output/Release_skip_CRC/Obj/beep_bootloader/cc310_bl_backend_hash.o
 .text.cc310_bl_backend_hash_sha256_finalize
                0x00000000000f2720       0x64 Output/Release_skip_CRC/Obj/beep_bootloader/cc310_bl_backend_hash.o
 .text.cc310_bl_backend_hash_sha256_update
                0x00000000000f2784       0x78 Output/Release_skip_CRC/Obj/beep_bootloader/cc310_bl_backend_hash.o
 .text.cc310_bl_backend_uninit
                0x00000000000f27fc       0x10 Output/Release_skip_CRC/Obj/beep_bootloader/cc310_bl_backend_init.o
 .text.cc310_bl_backend_init
                0x00000000000f280c       0x34 Output/Release_skip_CRC/Obj/beep_bootloader/cc310_bl_backend_init.o
 .text.cc310_bl_backend_enable
                0x00000000000f2840       0x1c Output/Release_skip_CRC/Obj/beep_bootloader/cc310_bl_backend_shared.o
                0x00000000000f2840                cc310_bl_backend_enable
 .text.cc310_bl_backend_disable
                0x00000000000f285c       0x1c Output/Release_skip_CRC/Obj/beep_bootloader/cc310_bl_backend_shared.o
                0x00000000000f285c                cc310_bl_backend_disable
 .text.nrf_gpio_pin_port_decode
                0x00000000000f2878       0x18 Output/Release_skip_CRC/Obj/beep_bootloader/gpio-board.o
 .text.nrf_gpio_pin_set
                0x00000000000f2890       0x1a Output/Release_skip_CRC/Obj/beep_bootloader/gpio-board.o
 .text.nrf_gpio_pin_clear
                0x00000000000f28aa       0x1a Output/Release_skip_CRC/Obj/beep_bootloader/gpio-board.o
 .text.nrf_gpio_cfg_output_state
                0x00000000000f28c4       0x30 Output/Release_skip_CRC/Obj/beep_bootloader/gpio-board.o
 .text.nrfx_coredep_delay_us.part.0
                0x00000000000f28f4       0x10 Output/Release_skip_CRC/Obj/beep_bootloader/gpio-board.o
 .text.nrf_delay_ms.part.0
                0x00000000000f2904       0x12 Output/Release_skip_CRC/Obj/beep_bootloader/gpio-board.o
 .text.nrf_gpio_cfg_input
                0x00000000000f2916       0x1c Output/Release_skip_CRC/Obj/beep_bootloader/gpio-board.o
 .text.RFM_bitbangSPI.part.0
                0x00000000000f2932       0xaa Output/Release_skip_CRC/Obj/beep_bootloader/gpio-board.o
 .text.RFM_setMode
                0x00000000000f29dc       0x22 Output/Release_skip_CRC/Obj/beep_bootloader/gpio-board.o
                0x00000000000f29dc                RFM_setMode
 .text.RFM_bitBangWrite
                0x00000000000f29fe       0x24 Output/Release_skip_CRC/Obj/beep_bootloader/gpio-board.o
                0x00000000000f29fe                RFM_bitBangWrite
 .text.RFM_reset
                0x00000000000f2a22       0x1e Output/Release_skip_CRC/Obj/beep_bootloader/gpio-board.o
                0x00000000000f2a22                RFM_reset
 .text.RFM_LowPowerMode
                0x00000000000f2a40       0x56 Output/Release_skip_CRC/Obj/beep_bootloader/gpio-board.o
                0x00000000000f2a40                RFM_LowPowerMode
 .text.flash_ReleasePowerDown
                0x00000000000f2a96       0x2a Output/Release_skip_CRC/Obj/beep_bootloader/gpio-board.o
                0x00000000000f2a96                flash_ReleasePowerDown
 .text.flash_sendInstructionCode
                0x00000000000f2ac0       0x5e Output/Release_skip_CRC/Obj/beep_bootloader/gpio-board.o
                0x00000000000f2ac0                flash_sendInstructionCode
 .text.flash_deepPowerDown
                0x00000000000f2b1e        0x6 Output/Release_skip_CRC/Obj/beep_bootloader/gpio-board.o
                0x00000000000f2b1e                flash_deepPowerDown
 .text.GpioMcuInit
                0x00000000000f2b24      0x10c Output/Release_skip_CRC/Obj/beep_bootloader/gpio-board.o
                0x00000000000f2b24                GpioMcuInit
 .text.sd_softdevice_enable
                0x00000000000f2c30        0x4 Output/Release_skip_CRC/Obj/beep_bootloader/nrf_sdh.o
 .text.sd_softdevice_disable
                0x00000000000f2c34        0x4 Output/Release_skip_CRC/Obj/beep_bootloader/nrf_sdh.o
 .text.sdh_request_observer_notify
                0x00000000000f2c38       0x30 Output/Release_skip_CRC/Obj/beep_bootloader/nrf_sdh.o
 .text.sdh_state_observer_notify
                0x00000000000f2c68       0x28 Output/Release_skip_CRC/Obj/beep_bootloader/nrf_sdh.o
 .text.softdevice_evt_irq_disable
                0x00000000000f2c90       0x24 Output/Release_skip_CRC/Obj/beep_bootloader/nrf_sdh.o
 .text.softdevices_evt_irq_enable
                0x00000000000f2cb4       0x38 Output/Release_skip_CRC/Obj/beep_bootloader/nrf_sdh.o
 .text.nrf_sdh_enable_request
                0x00000000000f2cec       0x7c Output/Release_skip_CRC/Obj/beep_bootloader/nrf_sdh.o
                0x00000000000f2cec                nrf_sdh_enable_request
 .text.nrf_sdh_disable_request
                0x00000000000f2d68       0x60 Output/Release_skip_CRC/Obj/beep_bootloader/nrf_sdh.o
                0x00000000000f2d68                nrf_sdh_disable_request
 .text.nrf_sdh_request_continue
                0x00000000000f2dc8       0x20 Output/Release_skip_CRC/Obj/beep_bootloader/nrf_sdh.o
                0x00000000000f2dc8                nrf_sdh_request_continue
 .text.nrf_sdh_is_enabled
                0x00000000000f2de8        0xc Output/Release_skip_CRC/Obj/beep_bootloader/nrf_sdh.o
                0x00000000000f2de8                nrf_sdh_is_enabled
 .text.nrf_sdh_evts_poll
                0x00000000000f2df4       0x28 Output/Release_skip_CRC/Obj/beep_bootloader/nrf_sdh.o
                0x00000000000f2df4                nrf_sdh_evts_poll
 .text.SWI2_EGU2_IRQHandler
                0x00000000000f2e1c        0x4 Output/Release_skip_CRC/Obj/beep_bootloader/nrf_sdh.o
                0x00000000000f2e1c                SWI2_EGU2_IRQHandler
 .text.sd_ble_enable
                0x00000000000f2e20        0x4 Output/Release_skip_CRC/Obj/beep_bootloader/nrf_sdh_ble.o
 .text.sd_ble_cfg_set
                0x00000000000f2e24        0x4 Output/Release_skip_CRC/Obj/beep_bootloader/nrf_sdh_ble.o
 .text.sd_ble_evt_get
                0x00000000000f2e28        0x4 Output/Release_skip_CRC/Obj/beep_bootloader/nrf_sdh_ble.o
 .text.nrf_sdh_ble_evts_poll.part.0
                0x00000000000f2e2c       0x54 Output/Release_skip_CRC/Obj/beep_bootloader/nrf_sdh_ble.o
 .text.nrf_sdh_ble_evts_poll
                0x00000000000f2e80       0x10 Output/Release_skip_CRC/Obj/beep_bootloader/nrf_sdh_ble.o
 .text.nrf_sdh_ble_app_ram_start_get
                0x00000000000f2e90       0x14 Output/Release_skip_CRC/Obj/beep_bootloader/nrf_sdh_ble.o
                0x00000000000f2e90                nrf_sdh_ble_app_ram_start_get
 .text.nrf_sdh_ble_default_cfg_set
                0x00000000000f2ea4       0xd0 Output/Release_skip_CRC/Obj/beep_bootloader/nrf_sdh_ble.o
                0x00000000000f2ea4                nrf_sdh_ble_default_cfg_set
 .text.nrf_sdh_ble_enable
                0x00000000000f2f74       0x14 Output/Release_skip_CRC/Obj/beep_bootloader/nrf_sdh_ble.o
                0x00000000000f2f74                nrf_sdh_ble_enable
 .text.sd_evt_get
                0x00000000000f2f88        0x4 Output/Release_skip_CRC/Obj/beep_bootloader/nrf_sdh_soc.o
 .text.nrf_sdh_soc_evts_poll
                0x00000000000f2f8c       0x40 Output/Release_skip_CRC/Obj/beep_bootloader/nrf_sdh_soc.o
 .text.wait_for_flash_ready
                0x00000000000f2fcc       0x10 Output/Release_skip_CRC/Obj/beep_bootloader/nrf_nvmc.o
 .text.nrf_nvmc_page_erase
                0x00000000000f2fdc       0x30 Output/Release_skip_CRC/Obj/beep_bootloader/nrf_nvmc.o
                0x00000000000f2fdc                nrf_nvmc_page_erase
 .text.nrf_nvmc_write_words
                0x00000000000f300c       0x40 Output/Release_skip_CRC/Obj/beep_bootloader/nrf_nvmc.o
                0x00000000000f300c                nrf_nvmc_write_words
 .text.nrf_gpiote_event_clear
                0x00000000000f304c       0x18 Output/Release_skip_CRC/Obj/beep_bootloader/nrfx_gpiote.o
 .text.nrf_gpio_pin_port_decode
                0x00000000000f3064       0x18 Output/Release_skip_CRC/Obj/beep_bootloader/nrfx_gpiote.o
 .text.nrf_gpio_cfg_sense_set
                0x00000000000f307c       0x2e Output/Release_skip_CRC/Obj/beep_bootloader/nrfx_gpiote.o
 .text.nrf_bitmask_bit_set
                0x00000000000f30aa       0x14 Output/Release_skip_CRC/Obj/beep_bootloader/nrfx_gpiote.o
 *fill*         0x00000000000f30be        0x2 
 .text.channel_free
                0x00000000000f30c0       0x1c Output/Release_skip_CRC/Obj/beep_bootloader/nrfx_gpiote.o
 .text.nrfx_gpiote_out_uninit
                0x00000000000f30dc       0x6c Output/Release_skip_CRC/Obj/beep_bootloader/nrfx_gpiote.o
                0x00000000000f30dc                nrfx_gpiote_out_uninit
 .text.nrfx_gpiote_in_event_disable
                0x00000000000f3148       0x44 Output/Release_skip_CRC/Obj/beep_bootloader/nrfx_gpiote.o
                0x00000000000f3148                nrfx_gpiote_in_event_disable
 .text.nrfx_gpiote_in_uninit
                0x00000000000f318c       0x74 Output/Release_skip_CRC/Obj/beep_bootloader/nrfx_gpiote.o
                0x00000000000f318c                nrfx_gpiote_in_uninit
 .text.nrfx_gpiote_uninit
                0x00000000000f3200       0x38 Output/Release_skip_CRC/Obj/beep_bootloader/nrfx_gpiote.o
                0x00000000000f3200                nrfx_gpiote_uninit
 .text.GPIOTE_IRQHandler
                0x00000000000f3238      0x1b0 Output/Release_skip_CRC/Obj/beep_bootloader/nrfx_gpiote.o
                0x00000000000f3238                GPIOTE_IRQHandler
 .text.nrf_crypto_internal_ecc_key_output_prepare
                0x00000000000f33e8       0x1a Output/Release_skip_CRC/Obj/beep_bootloader/nrf_crypto_ecc.o
                0x00000000000f33e8                nrf_crypto_internal_ecc_key_output_prepare
 .text.nrf_crypto_internal_ecc_key_input_check
                0x00000000000f3402       0x16 Output/Release_skip_CRC/Obj/beep_bootloader/nrf_crypto_ecc.o
                0x00000000000f3402                nrf_crypto_internal_ecc_key_input_check
 .text.nrf_crypto_internal_ecc_raw_input_check
                0x00000000000f3418       0x14 Output/Release_skip_CRC/Obj/beep_bootloader/nrf_crypto_ecc.o
                0x00000000000f3418                nrf_crypto_internal_ecc_raw_input_check
 .text.nrf_crypto_ecc_public_key_from_raw
                0x00000000000f342c       0x38 Output/Release_skip_CRC/Obj/beep_bootloader/nrf_crypto_ecc.o
                0x00000000000f342c                nrf_crypto_ecc_public_key_from_raw
 .text.nrf_crypto_ecdsa_verify
                0x00000000000f3464       0x58 Output/Release_skip_CRC/Obj/beep_bootloader/nrf_crypto_ecdsa.o
                0x00000000000f3464                nrf_crypto_ecdsa_verify
 .text.nrf_crypto_hash_init
                0x00000000000f34bc       0x28 Output/Release_skip_CRC/Obj/beep_bootloader/nrf_crypto_hash.o
                0x00000000000f34bc                nrf_crypto_hash_init
 .text.nrf_crypto_hash_update
                0x00000000000f34e4       0x34 Output/Release_skip_CRC/Obj/beep_bootloader/nrf_crypto_hash.o
                0x00000000000f34e4                nrf_crypto_hash_update
 .text.nrf_crypto_hash_finalize
                0x00000000000f3518       0x3c Output/Release_skip_CRC/Obj/beep_bootloader/nrf_crypto_hash.o
                0x00000000000f3518                nrf_crypto_hash_finalize
 .text.nrf_crypto_hash_calculate
                0x00000000000f3554       0x32 Output/Release_skip_CRC/Obj/beep_bootloader/nrf_crypto_hash.o
                0x00000000000f3554                nrf_crypto_hash_calculate
 *fill*         0x00000000000f3586        0x2 
 .text.nrf_crypto_init
                0x00000000000f3588       0x38 Output/Release_skip_CRC/Obj/beep_bootloader/nrf_crypto_init.o
                0x00000000000f3588                nrf_crypto_init
 .text.nrf_crypto_internal_swap_endian_in_place
                0x00000000000f35c0       0x18 Output/Release_skip_CRC/Obj/beep_bootloader/nrf_crypto_shared.o
                0x00000000000f35c0                nrf_crypto_internal_swap_endian_in_place
 .text.nrf_crypto_internal_swap_endian
                0x00000000000f35d8       0x16 Output/Release_skip_CRC/Obj/beep_bootloader/nrf_crypto_shared.o
                0x00000000000f35d8                nrf_crypto_internal_swap_endian
 .text.nrf_crypto_internal_double_swap_endian
                0x00000000000f35ee       0x18 Output/Release_skip_CRC/Obj/beep_bootloader/nrf_crypto_shared.o
                0x00000000000f35ee                nrf_crypto_internal_double_swap_endian
 .text.nrf_crypto_internal_double_swap_endian_in_place
                0x00000000000f3606       0x16 Output/Release_skip_CRC/Obj/beep_bootloader/nrf_crypto_shared.o
                0x00000000000f3606                nrf_crypto_internal_double_swap_endian_in_place
 .text.NVIC_SystemReset
                0x00000000000f361c       0x24 Output/Release_skip_CRC/Obj/beep_bootloader/main.o
 .text.dfu_observer
                0x00000000000f3640        0x2 Output/Release_skip_CRC/Obj/beep_bootloader/main.o
 .text.app_error_fault_handler
                0x00000000000f3642        0x6 Output/Release_skip_CRC/Obj/beep_bootloader/main.o
                0x00000000000f3642                app_error_fault_handler
 .text.app_error_handler_bare
                0x00000000000f3648        0x6 Output/Release_skip_CRC/Obj/beep_bootloader/main.o
                0x00000000000f3648                app_error_handler_bare
 *fill*         0x00000000000f364e        0x2 
 .text.startup.main
                0x00000000000f3650       0x40 Output/Release_skip_CRC/Obj/beep_bootloader/main.o
                0x00000000000f3650                main
 .text.nrf_dfu_set_adv_name_handler
                0x00000000000f3690       0x20 Output/Release_skip_CRC/Obj/beep_bootloader/nrf_dfu_svci_handler.o
 .text.nrf_dfu_set_adv_name_on_sys_evt
                0x00000000000f36b0       0x26 Output/Release_skip_CRC/Obj/beep_bootloader/nrf_dfu_svci_handler.o
 .text.nrf_dfu_set_adv_name_on_call
                0x00000000000f36d6       0x30 Output/Release_skip_CRC/Obj/beep_bootloader/nrf_dfu_svci_handler.o
 *fill*         0x00000000000f3706        0x2 
 .text.nrf_svc_handler_c
                0x00000000000f3708       0x5c Output/Release_skip_CRC/Obj/beep_bootloader/nrf_svc_handler.o
                0x00000000000f3708                nrf_svc_handler_c
 .text.SVC_Handler
                0x00000000000f3764       0x14 Output/Release_skip_CRC/Obj/beep_bootloader/nrf_svc_handler.o
                0x00000000000f3764                SVC_Handler
 .text.sd_power_system_off
                0x00000000000f3778        0x4 Output/Release_skip_CRC/Obj/beep_bootloader/nrf_bootloader.o
 .text.sd_app_evt_wait
                0x00000000000f377c        0x4 Output/Release_skip_CRC/Obj/beep_bootloader/nrf_bootloader.o
 .text.flash_write_callback
                0x00000000000f3780        0xc Output/Release_skip_CRC/Obj/beep_bootloader/nrf_bootloader.o
 .text.do_reset
                0x00000000000f378c       0x24 Output/Release_skip_CRC/Obj/beep_bootloader/nrf_bootloader.o
 .text.crc_on_valid_app_required
                0x00000000000f37b0       0x40 Output/Release_skip_CRC/Obj/beep_bootloader/nrf_bootloader.o
 .text.dfu_observer
                0x00000000000f37f0       0x4c Output/Release_skip_CRC/Obj/beep_bootloader/nrf_bootloader.o
 .text.app_is_valid
                0x00000000000f383c       0x68 Output/Release_skip_CRC/Obj/beep_bootloader/nrf_bootloader.o
 .text.inactivity_timeout
                0x00000000000f38a4       0x40 Output/Release_skip_CRC/Obj/beep_bootloader/nrf_bootloader.o
 .text.nrf_dfu_init_user
                0x00000000000f38e4        0x4 Output/Release_skip_CRC/Obj/beep_bootloader/nrf_bootloader.o
                0x00000000000f38e4                nrf_dfu_init_user
 .text.nrf_bootloader_init
                0x00000000000f38e8       0xec Output/Release_skip_CRC/Obj/beep_bootloader/nrf_bootloader.o
                0x00000000000f38e8                nrf_bootloader_init
 .text.nrf_bootloader_app_start
                0x00000000000f39d4       0x24 Output/Release_skip_CRC/Obj/beep_bootloader/nrf_bootloader_app_start.o
                0x00000000000f39d4                nrf_bootloader_app_start
 .text.nrf_bootloader_flash_protect
                0x00000000000f39f8       0x80 Output/Release_skip_CRC/Obj/beep_bootloader/nrf_bootloader_app_start_final.o
                0x00000000000f39f8                nrf_bootloader_flash_protect
 .text.nrf_bootloader_app_start_final
                0x00000000000f3a78       0x90 Output/Release_skip_CRC/Obj/beep_bootloader/nrf_bootloader_app_start_final.o
                0x00000000000f3a78                nrf_bootloader_app_start_final
 .text.timer_init
                0x00000000000f3b08       0x70 Output/Release_skip_CRC/Obj/beep_bootloader/nrf_bootloader_dfu_timers.o
 .text.timer_activate
                0x00000000000f3b78       0x68 Output/Release_skip_CRC/Obj/beep_bootloader/nrf_bootloader_dfu_timers.o
 .text.RTC2_IRQHandler
                0x00000000000f3be0       0x88 Output/Release_skip_CRC/Obj/beep_bootloader/nrf_bootloader_dfu_timers.o
                0x00000000000f3be0                RTC2_IRQHandler
 .text.nrf_bootloader_dfu_inactivity_timer_restart
                0x00000000000f3c68       0x38 Output/Release_skip_CRC/Obj/beep_bootloader/nrf_bootloader_dfu_timers.o
                0x00000000000f3c68                nrf_bootloader_dfu_inactivity_timer_restart
 .text.nrf_bootloader_wdt_feed_timer_start
                0x00000000000f3ca0       0x24 Output/Release_skip_CRC/Obj/beep_bootloader/nrf_bootloader_dfu_timers.o
                0x00000000000f3ca0                nrf_bootloader_wdt_feed_timer_start
 .text.flash_write_callback
                0x00000000000f3cc4        0xc Output/Release_skip_CRC/Obj/beep_bootloader/nrf_bootloader_fw_activation.o
 .text.image_copy.part.0.constprop.0
                0x00000000000f3cd0       0x90 Output/Release_skip_CRC/Obj/beep_bootloader/nrf_bootloader_fw_activation.o
 .text.sd_activate
                0x00000000000f3d60       0x58 Output/Release_skip_CRC/Obj/beep_bootloader/nrf_bootloader_fw_activation.o
 .text.bl_activate.isra.0
                0x00000000000f3db8       0x48 Output/Release_skip_CRC/Obj/beep_bootloader/nrf_bootloader_fw_activation.o
 .text.nrf_bootloader_fw_activate
                0x00000000000f3e00       0xac Output/Release_skip_CRC/Obj/beep_bootloader/nrf_bootloader_fw_activation.o
                0x00000000000f3e00                nrf_bootloader_fw_activate
 .text.wdt_feed
                0x00000000000f3eac       0x34 Output/Release_skip_CRC/Obj/beep_bootloader/nrf_bootloader_wdt.o
 .text.wdt_feed_timer_handler
                0x00000000000f3ee0        0x4 Output/Release_skip_CRC/Obj/beep_bootloader/nrf_bootloader_wdt.o
 .text.WDT_IRQHandler
                0x00000000000f3ee4       0x1c Output/Release_skip_CRC/Obj/beep_bootloader/nrf_bootloader_wdt.o
                0x00000000000f3ee4                WDT_IRQHandler
 .text.nrf_bootloader_wdt_init
                0x00000000000f3f00       0x4c Output/Release_skip_CRC/Obj/beep_bootloader/nrf_bootloader_wdt.o
                0x00000000000f3f00                nrf_bootloader_wdt_init
 .text.nrf_bootloader_wdt_feed
                0x00000000000f3f4c       0x14 Output/Release_skip_CRC/Obj/beep_bootloader/nrf_bootloader_wdt.o
                0x00000000000f3f4c                nrf_bootloader_wdt_feed
 .text.errata_98
                0x00000000000f3f60       0x1a Output/Release_skip_CRC/Obj/beep_bootloader/system_nrf52840.o
 *fill*         0x00000000000f3f7a        0x2 
 .text.SystemInit
                0x00000000000f3f7c      0x1bc Output/Release_skip_CRC/Obj/beep_bootloader/system_nrf52840.o
                0x00000000000f3f7c                SystemInit
 .text.dfu_observer
                0x00000000000f4138       0x24 Output/Release_skip_CRC/Obj/beep_bootloader/nrf_dfu.o
 .text.nrf_dfu_init
                0x00000000000f415c       0x28 Output/Release_skip_CRC/Obj/beep_bootloader/nrf_dfu.o
                0x00000000000f415c                nrf_dfu_init
 .text.sd_ble_gap_addr_set
                0x00000000000f4184        0x4 Output/Release_skip_CRC/Obj/beep_bootloader/nrf_dfu_ble.o
 .text.sd_ble_gap_addr_get
                0x00000000000f4188        0x4 Output/Release_skip_CRC/Obj/beep_bootloader/nrf_dfu_ble.o
 .text.sd_ble_gap_adv_set_configure
                0x00000000000f418c        0x4 Output/Release_skip_CRC/Obj/beep_bootloader/nrf_dfu_ble.o
 .text.sd_ble_gap_adv_start
                0x00000000000f4190        0x4 Output/Release_skip_CRC/Obj/beep_bootloader/nrf_dfu_ble.o
 .text.sd_ble_gap_adv_stop
                0x00000000000f4194        0x4 Output/Release_skip_CRC/Obj/beep_bootloader/nrf_dfu_ble.o
 .text.sd_ble_gap_conn_param_update
                0x00000000000f4198        0x4 Output/Release_skip_CRC/Obj/beep_bootloader/nrf_dfu_ble.o
 .text.sd_ble_gap_disconnect
                0x00000000000f419c        0x4 Output/Release_skip_CRC/Obj/beep_bootloader/nrf_dfu_ble.o
 .text.sd_ble_gap_ppcp_set
                0x00000000000f41a0        0x4 Output/Release_skip_CRC/Obj/beep_bootloader/nrf_dfu_ble.o
 .text.sd_ble_gap_device_name_set
                0x00000000000f41a4        0x4 Output/Release_skip_CRC/Obj/beep_bootloader/nrf_dfu_ble.o
 .text.sd_ble_gap_device_name_get
                0x00000000000f41a8        0x4 Output/Release_skip_CRC/Obj/beep_bootloader/nrf_dfu_ble.o
 .text.sd_ble_gap_sec_params_reply
                0x00000000000f41ac        0x4 Output/Release_skip_CRC/Obj/beep_bootloader/nrf_dfu_ble.o
 .text.sd_ble_gap_sec_info_reply
                0x00000000000f41b0        0x4 Output/Release_skip_CRC/Obj/beep_bootloader/nrf_dfu_ble.o
 .text.sd_ble_gap_phy_update
                0x00000000000f41b4        0x4 Output/Release_skip_CRC/Obj/beep_bootloader/nrf_dfu_ble.o
 .text.sd_ble_gap_data_length_update
                0x00000000000f41b8        0x4 Output/Release_skip_CRC/Obj/beep_bootloader/nrf_dfu_ble.o
 .text.sd_ble_gatts_service_add
                0x00000000000f41bc        0x4 Output/Release_skip_CRC/Obj/beep_bootloader/nrf_dfu_ble.o
 .text.sd_ble_gatts_characteristic_add
                0x00000000000f41c0        0x4 Output/Release_skip_CRC/Obj/beep_bootloader/nrf_dfu_ble.o
 .text.sd_ble_gatts_value_get
                0x00000000000f41c4        0x4 Output/Release_skip_CRC/Obj/beep_bootloader/nrf_dfu_ble.o
 .text.sd_ble_gatts_hvx
                0x00000000000f41c8        0x4 Output/Release_skip_CRC/Obj/beep_bootloader/nrf_dfu_ble.o
 .text.sd_ble_gatts_rw_authorize_reply
                0x00000000000f41cc        0x4 Output/Release_skip_CRC/Obj/beep_bootloader/nrf_dfu_ble.o
 .text.sd_ble_gatts_sys_attr_set
                0x00000000000f41d0        0x4 Output/Release_skip_CRC/Obj/beep_bootloader/nrf_dfu_ble.o
 .text.sd_ble_gatts_exchange_mtu_reply
                0x00000000000f41d4        0x4 Output/Release_skip_CRC/Obj/beep_bootloader/nrf_dfu_ble.o
 .text.sd_ble_uuid_vs_add
                0x00000000000f41d8        0x4 Output/Release_skip_CRC/Obj/beep_bootloader/nrf_dfu_ble.o
 .text.sd_ble_user_mem_reply
                0x00000000000f41dc        0x4 Output/Release_skip_CRC/Obj/beep_bootloader/nrf_dfu_ble.o
 .text.sd_softdevice_vector_table_base_set
                0x00000000000f41e0        0x4 Output/Release_skip_CRC/Obj/beep_bootloader/nrf_dfu_ble.o
 .text.on_flash_write
                0x00000000000f41e4        0xc Output/Release_skip_CRC/Obj/beep_bootloader/nrf_dfu_ble.o
 .text.advertising_start
                0x00000000000f41f0       0x98 Output/Release_skip_CRC/Obj/beep_bootloader/nrf_dfu_ble.o
 .text.ble_dfu_transport_close
                0x00000000000f4288       0x6c Output/Release_skip_CRC/Obj/beep_bootloader/nrf_dfu_ble.o
                0x00000000000f4288                ble_dfu_transport_close
 .text.ble_evt_handler
                0x00000000000f42f4      0x334 Output/Release_skip_CRC/Obj/beep_bootloader/nrf_dfu_ble.o
 .text.response_send.isra.0
                0x00000000000f4628       0x40 Output/Release_skip_CRC/Obj/beep_bootloader/nrf_dfu_ble.o
 .text.ble_dfu_req_handler_callback
                0x00000000000f4668       0xfc Output/Release_skip_CRC/Obj/beep_bootloader/nrf_dfu_ble.o
 .text.ble_dfu_init
                0x00000000000f4764      0x108 Output/Release_skip_CRC/Obj/beep_bootloader/nrf_dfu_ble.o
                0x00000000000f4764                ble_dfu_init
 .text.ble_dfu_transport_init
                0x00000000000f486c       0xf0 Output/Release_skip_CRC/Obj/beep_bootloader/nrf_dfu_ble.o
                0x00000000000f486c                ble_dfu_transport_init
 .text.dfu_fstorage_evt_handler
                0x00000000000f495c        0xa Output/Release_skip_CRC/Obj/beep_bootloader/nrf_dfu_flash.o
                0x00000000000f495c                dfu_fstorage_evt_handler
 *fill*         0x00000000000f4966        0x2 
 .text.nrf_dfu_flash_init
                0x00000000000f4968       0x24 Output/Release_skip_CRC/Obj/beep_bootloader/nrf_dfu_flash.o
                0x00000000000f4968                nrf_dfu_flash_init
 .text.nrf_dfu_flash_store
                0x00000000000f498c       0x1c Output/Release_skip_CRC/Obj/beep_bootloader/nrf_dfu_flash.o
                0x00000000000f498c                nrf_dfu_flash_store
 .text.nrf_dfu_flash_erase
                0x00000000000f49a8       0x10 Output/Release_skip_CRC/Obj/beep_bootloader/nrf_dfu_flash.o
                0x00000000000f49a8                nrf_dfu_flash_erase
 .text.ext_error_set
                0x00000000000f49b8        0xc Output/Release_skip_CRC/Obj/beep_bootloader/nrf_dfu_handling_error.o
                0x00000000000f49b8                ext_error_set
 .text.ext_error_get
                0x00000000000f49c4       0x10 Output/Release_skip_CRC/Obj/beep_bootloader/nrf_dfu_handling_error.o
                0x00000000000f49c4                ext_error_get
 .text.sd_mbr_command
                0x00000000000f49d4        0x4 Output/Release_skip_CRC/Obj/beep_bootloader/nrf_dfu_mbr.o
 .text.nrf_dfu_mbr_copy_bl
                0x00000000000f49d8       0x22 Output/Release_skip_CRC/Obj/beep_bootloader/nrf_dfu_mbr.o
                0x00000000000f49d8                nrf_dfu_mbr_copy_bl
 .text.nrf_dfu_mbr_init_sd
                0x00000000000f49fa       0x1a Output/Release_skip_CRC/Obj/beep_bootloader/nrf_dfu_mbr.o
                0x00000000000f49fa                nrf_dfu_mbr_init_sd
 .text.nrf_dfu_mbr_irq_forward_address_set
                0x00000000000f4a14        0xe Output/Release_skip_CRC/Obj/beep_bootloader/nrf_dfu_mbr.o
                0x00000000000f4a14                nrf_dfu_mbr_irq_forward_address_set
 *fill*         0x00000000000f4a22        0x2 
 .text.on_dfu_complete
                0x00000000000f4a24        0xc Output/Release_skip_CRC/Obj/beep_bootloader/nrf_dfu_req_handler.o
 .text.ext_err_code_handle
                0x00000000000f4a30        0xe Output/Release_skip_CRC/Obj/beep_bootloader/nrf_dfu_req_handler.o
 *fill*         0x00000000000f4a3e        0x2 
 .text.on_data_obj_execute_request_sched
                0x00000000000f4a40       0x84 Output/Release_skip_CRC/Obj/beep_bootloader/nrf_dfu_req_handler.o
 .text.nrf_dfu_req_handler_req
                0x00000000000f4ac4      0x330 Output/Release_skip_CRC/Obj/beep_bootloader/nrf_dfu_req_handler.o
 .text.nrf_dfu_req_handler_on_req
                0x00000000000f4df4       0x14 Output/Release_skip_CRC/Obj/beep_bootloader/nrf_dfu_req_handler.o
                0x00000000000f4df4                nrf_dfu_req_handler_on_req
 .text.nrf_dfu_req_handler_init
                0x00000000000f4e08       0x48 Output/Release_skip_CRC/Obj/beep_bootloader/nrf_dfu_req_handler.o
                0x00000000000f4e08                nrf_dfu_req_handler_init
 .text.settings_write
                0x00000000000f4e50       0x50 Output/Release_skip_CRC/Obj/beep_bootloader/nrf_dfu_settings.o
 .text.nrf_dfu_settings_write
                0x00000000000f4ea0       0x40 Output/Release_skip_CRC/Obj/beep_bootloader/nrf_dfu_settings.o
                0x00000000000f4ea0                nrf_dfu_settings_write
 .text.settings_backup
                0x00000000000f4ee0       0x14 Output/Release_skip_CRC/Obj/beep_bootloader/nrf_dfu_settings.o
                0x00000000000f4ee0                settings_backup
 .text.nrf_dfu_settings_backup
                0x00000000000f4ef4        0xc Output/Release_skip_CRC/Obj/beep_bootloader/nrf_dfu_settings.o
                0x00000000000f4ef4                nrf_dfu_settings_backup
 .text.nrf_dfu_settings_write_and_backup
                0x00000000000f4f00       0x20 Output/Release_skip_CRC/Obj/beep_bootloader/nrf_dfu_settings.o
                0x00000000000f4f00                nrf_dfu_settings_write_and_backup
 .text.nrf_dfu_settings_init
                0x00000000000f4f20      0x128 Output/Release_skip_CRC/Obj/beep_bootloader/nrf_dfu_settings.o
                0x00000000000f4f20                nrf_dfu_settings_init
 .text.sd_flash_write
                0x00000000000f5048        0x4 Output/Release_skip_CRC/Obj/beep_bootloader/nrf_dfu_settings_svci.o
 .text.nrf_dfu_settings_adv_name_write
                0x00000000000f504c       0x38 Output/Release_skip_CRC/Obj/beep_bootloader/nrf_dfu_settings_svci.o
                0x00000000000f504c                nrf_dfu_settings_adv_name_write
 .text.nrf_dfu_settings_adv_name_copy
                0x00000000000f5084       0x18 Output/Release_skip_CRC/Obj/beep_bootloader/nrf_dfu_settings_svci.o
                0x00000000000f5084                nrf_dfu_settings_adv_name_copy
 .text.nrf_dfu_settings_adv_name_is_valid
                0x00000000000f509c       0x20 Output/Release_skip_CRC/Obj/beep_bootloader/nrf_dfu_settings_svci.o
                0x00000000000f509c                nrf_dfu_settings_adv_name_is_valid
 .text.nrf_dfu_settings_additional_erase
                0x00000000000f50bc       0x30 Output/Release_skip_CRC/Obj/beep_bootloader/nrf_dfu_settings_svci.o
                0x00000000000f50bc                nrf_dfu_settings_additional_erase
 .text.nrf_dfu_transports_init
                0x00000000000f50ec       0x30 Output/Release_skip_CRC/Obj/beep_bootloader/nrf_dfu_transport.o
                0x00000000000f50ec                nrf_dfu_transports_init
 .text.nrf_dfu_transports_close
                0x00000000000f511c       0x30 Output/Release_skip_CRC/Obj/beep_bootloader/nrf_dfu_transport.o
                0x00000000000f511c                nrf_dfu_transports_close
 .text.nrf_dfu_bank_invalidate
                0x00000000000f514c       0x18 Output/Release_skip_CRC/Obj/beep_bootloader/nrf_dfu_utils.o
                0x00000000000f514c                nrf_dfu_bank_invalidate
 .text.nrf_dfu_bank0_start_addr
                0x00000000000f5164       0x28 Output/Release_skip_CRC/Obj/beep_bootloader/nrf_dfu_utils.o
                0x00000000000f5164                nrf_dfu_bank0_start_addr
 .text.nrf_dfu_bank1_start_addr
                0x00000000000f518c       0x20 Output/Release_skip_CRC/Obj/beep_bootloader/nrf_dfu_utils.o
                0x00000000000f518c                nrf_dfu_bank1_start_addr
 .text.nrf_dfu_app_start_address
                0x00000000000f51ac        0x4 Output/Release_skip_CRC/Obj/beep_bootloader/nrf_dfu_utils.o
                0x00000000000f51ac                nrf_dfu_app_start_address
 .text.nrf_dfu_softdevice_start_address
                0x00000000000f51b0        0x6 Output/Release_skip_CRC/Obj/beep_bootloader/nrf_dfu_utils.o
                0x00000000000f51b0                nrf_dfu_softdevice_start_address
 *fill*         0x00000000000f51b6        0x2 
 .text.nrf_dfu_cache_prepare
                0x00000000000f51b8       0xa8 Output/Release_skip_CRC/Obj/beep_bootloader/nrf_dfu_utils.o
                0x00000000000f51b8                nrf_dfu_cache_prepare
 .text.update_data_size_get
                0x00000000000f5260       0x50 Output/Release_skip_CRC/Obj/beep_bootloader/nrf_dfu_validation.o
 .text.dfu_progress_reset
                0x00000000000f52b0       0x28 Output/Release_skip_CRC/Obj/beep_bootloader/nrf_dfu_validation.o
 .text.stored_init_cmd_decode
                0x00000000000f52d8       0xec Output/Release_skip_CRC/Obj/beep_bootloader/nrf_dfu_validation.o
 .text.pb_decoding_callback
                0x00000000000f53c4       0x4c Output/Release_skip_CRC/Obj/beep_bootloader/nrf_dfu_validation.o
 .text.is_major_softdevice_update
                0x00000000000f5410       0x68 Output/Release_skip_CRC/Obj/beep_bootloader/nrf_dfu_validation.o
 .text.crypto_init.part.0
                0x00000000000f5478       0x3c Output/Release_skip_CRC/Obj/beep_bootloader/nrf_dfu_validation.o
 .text.nrf_dfu_validation_signature_check
                0x00000000000f54b4       0xa8 Output/Release_skip_CRC/Obj/beep_bootloader/nrf_dfu_validation.o
 .text.nrf_dfu_validation_hash_ok
                0x00000000000f555c       0x6c Output/Release_skip_CRC/Obj/beep_bootloader/nrf_dfu_validation.o
 .text.nrf_dfu_validation_init
                0x00000000000f55c8       0x1c Output/Release_skip_CRC/Obj/beep_bootloader/nrf_dfu_validation.o
                0x00000000000f55c8                nrf_dfu_validation_init
 .text.nrf_dfu_validation_init_cmd_create
                0x00000000000f55e4       0x30 Output/Release_skip_CRC/Obj/beep_bootloader/nrf_dfu_validation.o
                0x00000000000f55e4                nrf_dfu_validation_init_cmd_create
 .text.nrf_dfu_validation_init_cmd_append
                0x00000000000f5614       0x40 Output/Release_skip_CRC/Obj/beep_bootloader/nrf_dfu_validation.o
                0x00000000000f5614                nrf_dfu_validation_init_cmd_append
 .text.nrf_dfu_validation_init_cmd_present
                0x00000000000f5654        0xc Output/Release_skip_CRC/Obj/beep_bootloader/nrf_dfu_validation.o
                0x00000000000f5654                nrf_dfu_validation_init_cmd_present
 .text.nrf_dfu_validation_prevalidate
                0x00000000000f5660       0x50 Output/Release_skip_CRC/Obj/beep_bootloader/nrf_dfu_validation.o
                0x00000000000f5660                nrf_dfu_validation_prevalidate
 .text.nrf_dfu_validation_init_cmd_execute
                0x00000000000f56b0       0x90 Output/Release_skip_CRC/Obj/beep_bootloader/nrf_dfu_validation.o
                0x00000000000f56b0                nrf_dfu_validation_init_cmd_execute
 .text.fw_hash_ok
                0x00000000000f5740        0x8 Output/Release_skip_CRC/Obj/beep_bootloader/nrf_dfu_validation.o
                0x00000000000f5740                fw_hash_ok
 .text.nrf_dfu_validation_boot_validate
                0x00000000000f5748       0x58 Output/Release_skip_CRC/Obj/beep_bootloader/nrf_dfu_validation.o
                0x00000000000f5748                nrf_dfu_validation_boot_validate
 .text.boot_validation_extract.constprop.0
                0x00000000000f57a0       0x94 Output/Release_skip_CRC/Obj/beep_bootloader/nrf_dfu_validation.o
 .text.postvalidate
                0x00000000000f5834      0x198 Output/Release_skip_CRC/Obj/beep_bootloader/nrf_dfu_validation.o
                0x00000000000f5834                postvalidate
 .text.nrf_dfu_validation_activation_prepare
                0x00000000000f59cc        0x6 Output/Release_skip_CRC/Obj/beep_bootloader/nrf_dfu_validation.o
                0x00000000000f59cc                nrf_dfu_validation_activation_prepare
 *fill*         0x00000000000f59d2        0x2 
 .text.nrf_dfu_ver_validation_check
                0x00000000000f59d4       0x9c Output/Release_skip_CRC/Obj/beep_bootloader/nrf_dfu_ver_validation.o
                0x00000000000f59d4                nrf_dfu_ver_validation_check
 .text.ble_srv_is_notification_enabled
                0x00000000000f5a70        0x8 Output/Release_skip_CRC/Obj/beep_bootloader/ble_srv_common.o
                0x00000000000f5a70                ble_srv_is_notification_enabled
 .text.verify_context_ecdsa_verify_secp256r1
                0x00000000000f5a78       0x20 ../../nRF5_SDK_15.3/external/nrf_cc310_bl/lib/cortex-m4/hard-float/libnrf_cc310_bl_0.9.12.a(nrf_cc310_bl_ecdsa_verify_secp256r1.c.obj)
 .text.nrf_cc310_bl_ecdsa_verify_init_secp256r1
                0x00000000000f5a98       0x4c ../../nRF5_SDK_15.3/external/nrf_cc310_bl/lib/cortex-m4/hard-float/libnrf_cc310_bl_0.9.12.a(nrf_cc310_bl_ecdsa_verify_secp256r1.c.obj)
                0x00000000000f5a98                nrf_cc310_bl_ecdsa_verify_init_secp256r1
 .text.nrf_cc310_bl_ecdsa_verify_hash_secp256r1
                0x00000000000f5ae4      0x168 ../../nRF5_SDK_15.3/external/nrf_cc310_bl/lib/cortex-m4/hard-float/libnrf_cc310_bl_0.9.12.a(nrf_cc310_bl_ecdsa_verify_secp256r1.c.obj)
                0x00000000000f5ae4                nrf_cc310_bl_ecdsa_verify_hash_secp256r1
 .text.nrf_cc310_bl_ecdsa_verify_secp256r1
                0x00000000000f5c4c       0x26 ../../nRF5_SDK_15.3/external/nrf_cc310_bl/lib/cortex-m4/hard-float/libnrf_cc310_bl_0.9.12.a(nrf_cc310_bl_ecdsa_verify_secp256r1.c.obj)
                0x00000000000f5c4c                nrf_cc310_bl_ecdsa_verify_secp256r1
 *fill*         0x00000000000f5c72        0x2 
 .text.set_digest_in_hw_sha256
                0x00000000000f5c74       0x38 ../../nRF5_SDK_15.3/external/nrf_cc310_bl/lib/cortex-m4/hard-float/libnrf_cc310_bl_0.9.12.a(nrf_cc310_bl_hash_sha256.c.obj)
 .text.read_digest_in_hw_sha256
                0x00000000000f5cac       0x54 ../../nRF5_SDK_15.3/external/nrf_cc310_bl/lib/cortex-m4/hard-float/libnrf_cc310_bl_0.9.12.a(nrf_cc310_bl_hash_sha256.c.obj)
 .text.verify_context_hash_sha256
                0x00000000000f5d00       0x20 ../../nRF5_SDK_15.3/external/nrf_cc310_bl/lib/cortex-m4/hard-float/libnrf_cc310_bl_0.9.12.a(nrf_cc310_bl_hash_sha256.c.obj)
 .text.nrf_cc310_bl_hash_sha256_init
                0x00000000000f5d20       0x34 ../../nRF5_SDK_15.3/external/nrf_cc310_bl/lib/cortex-m4/hard-float/libnrf_cc310_bl_0.9.12.a(nrf_cc310_bl_hash_sha256.c.obj)
                0x00000000000f5d20                nrf_cc310_bl_hash_sha256_init
 .text.nrf_cc310_bl_hash_sha256_update
                0x00000000000f5d54       0xb0 ../../nRF5_SDK_15.3/external/nrf_cc310_bl/lib/cortex-m4/hard-float/libnrf_cc310_bl_0.9.12.a(nrf_cc310_bl_hash_sha256.c.obj)
                0x00000000000f5d54                nrf_cc310_bl_hash_sha256_update
 .text.nrf_cc310_bl_hash_sha256_finalize
                0x00000000000f5e04       0x60 ../../nRF5_SDK_15.3/external/nrf_cc310_bl/lib/cortex-m4/hard-float/libnrf_cc310_bl_0.9.12.a(nrf_cc310_bl_hash_sha256.c.obj)
                0x00000000000f5e04                nrf_cc310_bl_hash_sha256_finalize
 .text.nrf_cc310_bl_init
                0x00000000000f5e64       0x34 ../../nRF5_SDK_15.3/external/nrf_cc310_bl/lib/cortex-m4/hard-float/libnrf_cc310_bl_0.9.12.a(nrf_cc310_bl_init.c.obj)
                0x00000000000f5e64                nrf_cc310_bl_init
 .text.PkaSetRegsMapTab
                0x00000000000f5e98       0x48 ../../nRF5_SDK_15.3/external/nrf_cc310_bl/lib/cortex-m4/hard-float/libnrf_cc310_bl_0.9.12.a(pka.c.obj)
                0x00000000000f5e98                PkaSetRegsMapTab
 .text.PkaGetRegEffectiveSizeInBits
                0x00000000000f5ee0       0x8c ../../nRF5_SDK_15.3/external/nrf_cc310_bl/lib/cortex-m4/hard-float/libnrf_cc310_bl_0.9.12.a(pka.c.obj)
                0x00000000000f5ee0                PkaGetRegEffectiveSizeInBits
 .text.PkaGetNextMsBit
                0x00000000000f5f6c       0x74 ../../nRF5_SDK_15.3/external/nrf_cc310_bl/lib/cortex-m4/hard-float/libnrf_cc310_bl_0.9.12.a(pka.c.obj)
                0x00000000000f5f6c                PkaGetNextMsBit
 .text.PkaSetRegsSizesTab
                0x00000000000f5fe0       0x3c ../../nRF5_SDK_15.3/external/nrf_cc310_bl/lib/cortex-m4/hard-float/libnrf_cc310_bl_0.9.12.a(pka.c.obj)
                0x00000000000f5fe0                PkaSetRegsSizesTab
 .text.PkaInitPka
                0x00000000000f601c       0x74 ../../nRF5_SDK_15.3/external/nrf_cc310_bl/lib/cortex-m4/hard-float/libnrf_cc310_bl_0.9.12.a(pka.c.obj)
                0x00000000000f601c                PkaInitPka
 .text.PkaInitAndMutexLock
                0x00000000000f6090        0x8 ../../nRF5_SDK_15.3/external/nrf_cc310_bl/lib/cortex-m4/hard-float/libnrf_cc310_bl_0.9.12.a(pka.c.obj)
                0x00000000000f6090                PkaInitAndMutexLock
 .text.PkaClearBlockOfRegs
                0x00000000000f6098      0x130 ../../nRF5_SDK_15.3/external/nrf_cc310_bl/lib/cortex-m4/hard-float/libnrf_cc310_bl_0.9.12.a(pka.c.obj)
                0x00000000000f6098                PkaClearBlockOfRegs
 .text.PkaFinishAndMutexUnlock
                0x00000000000f61c8       0x24 ../../nRF5_SDK_15.3/external/nrf_cc310_bl/lib/cortex-m4/hard-float/libnrf_cc310_bl_0.9.12.a(pka.c.obj)
                0x00000000000f61c8                PkaFinishAndMutexUnlock
 .text.PkaCopyDataIntoPkaReg
                0x00000000000f61ec       0xb8 ../../nRF5_SDK_15.3/external/nrf_cc310_bl/lib/cortex-m4/hard-float/libnrf_cc310_bl_0.9.12.a(pka.c.obj)
                0x00000000000f61ec                PkaCopyDataIntoPkaReg
 .text.PkaEcdsaVerify
                0x00000000000f62a4      0x284 ../../nRF5_SDK_15.3/external/nrf_cc310_bl/lib/cortex-m4/hard-float/libnrf_cc310_bl_0.9.12.a(pka_ec_wrst_dsa_verify.c.obj)
                0x00000000000f62a4                PkaEcdsaVerify
 .text.SaSi_PalMemCopy
                0x00000000000f6528        0x4 ../../nRF5_SDK_15.3/external/nrf_cc310_bl/lib/cortex-m4/hard-float/libnrf_cc310_bl_0.9.12.a(ssi_pal_mem.c.obj)
                0x00000000000f6528                SaSi_PalMemCopy
 .text.SaSi_PalMemSet
                0x00000000000f652c        0x4 ../../nRF5_SDK_15.3/external/nrf_cc310_bl/lib/cortex-m4/hard-float/libnrf_cc310_bl_0.9.12.a(ssi_pal_mem.c.obj)
                0x00000000000f652c                SaSi_PalMemSet
 .text.SaSi_PalMemSetZero
                0x00000000000f6530        0x8 ../../nRF5_SDK_15.3/external/nrf_cc310_bl/lib/cortex-m4/hard-float/libnrf_cc310_bl_0.9.12.a(ssi_pal_mem.c.obj)
                0x00000000000f6530                SaSi_PalMemSetZero
 .text.CRYS_COMMON_ReverseMemcpy32
                0x00000000000f6538       0x1a ../../nRF5_SDK_15.3/external/nrf_cc310_bl/lib/cortex-m4/hard-float/libnrf_cc310_bl_0.9.12.a(crys_common_conv_endian.c.obj)
                0x00000000000f6538                CRYS_COMMON_ReverseMemcpy32
 *fill*         0x00000000000f6552        0x2 
 .text.nrf_cc310_bl_hash_update_internal
                0x00000000000f6554       0xf0 ../../nRF5_SDK_15.3/external/nrf_cc310_bl/lib/cortex-m4/hard-float/libnrf_cc310_bl_0.9.12.a(nrf_cc310_bl_hash.c.obj)
                0x00000000000f6554                nrf_cc310_bl_hash_update_internal
 .text.PkaDoubleMdf2Mdf
                0x00000000000f6644      0x1ac ../../nRF5_SDK_15.3/external/nrf_cc310_bl/lib/cortex-m4/hard-float/libnrf_cc310_bl_0.9.12.a(pka_ec_wrst.c.obj)
                0x00000000000f6644                PkaDoubleMdf2Mdf
 .text.PkaDoubleMdf2Jcb
                0x00000000000f67f0      0x178 ../../nRF5_SDK_15.3/external/nrf_cc310_bl/lib/cortex-m4/hard-float/libnrf_cc310_bl_0.9.12.a(pka_ec_wrst.c.obj)
                0x00000000000f67f0                PkaDoubleMdf2Jcb
 .text.PkaAddJcbAfn2Mdf
                0x00000000000f6968      0x194 ../../nRF5_SDK_15.3/external/nrf_cc310_bl/lib/cortex-m4/hard-float/libnrf_cc310_bl_0.9.12.a(pka_ec_wrst.c.obj)
                0x00000000000f6968                PkaAddJcbAfn2Mdf
 .text.PkaJcb2Afn
                0x00000000000f6afc       0xb0 ../../nRF5_SDK_15.3/external/nrf_cc310_bl/lib/cortex-m4/hard-float/libnrf_cc310_bl_0.9.12.a(pka_ec_wrst.c.obj)
                0x00000000000f6afc                PkaJcb2Afn
 .text.PkaAddAff
                0x00000000000f6bac      0x114 ../../nRF5_SDK_15.3/external/nrf_cc310_bl/lib/cortex-m4/hard-float/libnrf_cc310_bl_0.9.12.a(pka_ec_wrst.c.obj)
                0x00000000000f6bac                PkaAddAff
 .text.PkaSum2ScalarMullt
                0x00000000000f6cc0      0x1e4 ../../nRF5_SDK_15.3/external/nrf_cc310_bl/lib/cortex-m4/hard-float/libnrf_cc310_bl_0.9.12.a(pka_ec_wrst.c.obj)
                0x00000000000f6cc0                PkaSum2ScalarMullt
 .text.SaSi_HalClearInterruptBit
                0x00000000000f6ea4        0xc ../../nRF5_SDK_15.3/external/nrf_cc310_bl/lib/cortex-m4/hard-float/libnrf_cc310_bl_0.9.12.a(ssi_hal.c.obj)
                0x00000000000f6ea4                SaSi_HalClearInterruptBit
 .text.SaSi_HalMaskInterrupt
                0x00000000000f6eb0        0xc ../../nRF5_SDK_15.3/external/nrf_cc310_bl/lib/cortex-m4/hard-float/libnrf_cc310_bl_0.9.12.a(ssi_hal.c.obj)
                0x00000000000f6eb0                SaSi_HalMaskInterrupt
 .text.SaSi_HalWaitInterrupt
                0x00000000000f6ebc       0x34 ../../nRF5_SDK_15.3/external/nrf_cc310_bl/lib/cortex-m4/hard-float/libnrf_cc310_bl_0.9.12.a(ssi_hal.c.obj)
                0x00000000000f6ebc                SaSi_HalWaitInterrupt
 .text.CRYPTOCELL_IRQHandler
                0x00000000000f6ef0       0x24 ../../nRF5_SDK_15.3/external/nrf_cc310_bl/lib/cortex-m4/hard-float/libnrf_cc310_bl_0.9.12.a(ssi_hal.c.obj)
                0x00000000000f6ef0                CRYPTOCELL_IRQHandler
 .text.libc.memcmp
                0x00000000000f6f14       0x6e /usr/share/segger_embedded_studio_for_arm_5.42a/lib/libc_v7em_fpv4_sp_d16_hard_t_le_eabi.a(libc2.o)
                0x00000000000f6f14                memcmp
 .text.libc.memcpy
                0x00000000000f6f82       0x52 /usr/share/segger_embedded_studio_for_arm_5.42a/lib/libc_v7em_fpv4_sp_d16_hard_t_le_eabi.a(libc2_asm.o)
                0x00000000000f6f82                memcpy
                0x00000000000f6f82                __aeabi_memcpy
                0x00000000000f6f8e                __aeabi_memcpy4
                0x00000000000f6f8e                __aeabi_memcpy8
 .text.libc.memset
                0x00000000000f6fd4       0x66 /usr/share/segger_embedded_studio_for_arm_5.42a/lib/libc_v7em_fpv4_sp_d16_hard_t_le_eabi.a(libc2_asm.o)
                0x00000000000f6fd4                memset
 .text.libc.strlen
                0x00000000000f703a       0x60 /usr/share/segger_embedded_studio_for_arm_5.42a/lib/libc_v7em_fpv4_sp_d16_hard_t_le_eabi.a(libc2_asm.o)
                0x00000000000f703a                strlen
                0x00000000000f709a                __text_end__ = (__text_start__ + SIZEOF (.text))
                0x0000000000005cde                __text_size__ = SIZEOF (.text)
                0x00000000000f709a                __text_load_end__ = __text_end__

.vfp11_veneer   0x0000000100000000        0x0
 .vfp11_veneer  0x0000000100000000        0x0 linker stubs

.v4_bx          0x0000000100000000        0x0
 .v4_bx         0x0000000100000000        0x0 linker stubs

.iplt           0x0000000100000000        0x0
 .iplt          0x0000000100000000        0x0 Output/Release_skip_CRC/Obj/beep_bootloader/thumb_crt0.o
                0x0000000000000001                . = ASSERT (((__text_start__ == __text_end__) || ((__text_end__ - __FLASH_segment_start__) <= __FLASH_segment_size__)), error: .text is too large to fit in FLASH memory segment)
                0x00000000000f709c                __crypto_data_load_start__ = ALIGN (__text_end__, 0x4)

.crypto_data    0x00000000000f709c        0x8
                0x00000000000f709c                __crypto_data_start__ = .
                0x00000000000f709c                __start_crypto_data = __crypto_data_start__
 *(SORT_BY_NAME(.crypto_data*))
 .crypto_data   0x00000000000f709c        0x8 Output/Release_skip_CRC/Obj/beep_bootloader/cc310_bl_backend_init.o
                0x00000000000f709c                cc310_bl_backend
                0x00000000000f70a4                __crypto_data_end__ = (__crypto_data_start__ + SIZEOF (.crypto_data))
                0x0000000000000008                __crypto_data_size__ = SIZEOF (.crypto_data)
                0x00000000000f70a4                __stop_crypto_data = __crypto_data_end__
                0x00000000000f70a4                __crypto_data_load_end__ = __crypto_data_end__
                0x0000000000000001                . = ASSERT (((__crypto_data_start__ == __crypto_data_end__) || ((__crypto_data_end__ - __FLASH_segment_start__) <= __FLASH_segment_size__)), error: .crypto_data is too large to fit in FLASH memory segment)
                0x00000000000f70a4                __nrf_queue_load_start__ = ALIGN (__crypto_data_end__, 0x4)

.nrf_queue      0x00000000000f70a4        0x0
                0x00000000000f70a4                __nrf_queue_start__ = .
                0x00000000000f70a4                __start_nrf_queue = __nrf_queue_start__
 *(.nrf_queue*)
                0x00000000000f70a4                __nrf_queue_end__ = (__nrf_queue_start__ + SIZEOF (.nrf_queue))
                0x0000000000000000                __nrf_queue_size__ = SIZEOF (.nrf_queue)
                0x00000000000f70a4                __stop_nrf_queue = __nrf_queue_end__
                0x00000000000f70a4                __nrf_queue_load_end__ = __nrf_queue_end__
                0x0000000000000001                . = ASSERT (((__nrf_queue_start__ == __nrf_queue_end__) || ((__nrf_queue_end__ - __FLASH_segment_start__) <= __FLASH_segment_size__)), error: .nrf_queue is too large to fit in FLASH memory segment)
                0x00000000000f70a4                __dfu_trans_load_start__ = ALIGN (__nrf_queue_end__, 0x4)

.dfu_trans      0x00000000000f70a4        0x8
                0x00000000000f70a4                __dfu_trans_start__ = .
                0x00000000000f70a4                __start_dfu_trans = __dfu_trans_start__
 *(SORT_BY_NAME(.dfu_trans*))
 .dfu_trans     0x00000000000f70a4        0x8 Output/Release_skip_CRC/Obj/beep_bootloader/nrf_dfu_ble.o
                0x00000000000f70a4                ble_dfu_transport
                0x00000000000f70ac                __dfu_trans_end__ = (__dfu_trans_start__ + SIZEOF (.dfu_trans))
                0x0000000000000008                __dfu_trans_size__ = SIZEOF (.dfu_trans)
                0x00000000000f70ac                __stop_dfu_trans = __dfu_trans_end__
                0x00000000000f70ac                __dfu_trans_load_end__ = __dfu_trans_end__
                0x0000000000000001                . = ASSERT (((__dfu_trans_start__ == __dfu_trans_end__) || ((__dfu_trans_end__ - __FLASH_segment_start__) <= __FLASH_segment_size__)), error: .dfu_trans is too large to fit in FLASH memory segment)
                0x00000000000f70ac                __svc_data_load_start__ = ALIGN (__dfu_trans_end__, 0x4)

.svc_data       0x00000000000f70ac        0xc
                0x00000000000f70ac                __svc_data_start__ = .
                0x00000000000f70ac                __start_svc_data = __svc_data_start__
 *(.svc_data*)
 .svc_data      0x00000000000f70ac        0xc Output/Release_skip_CRC/Obj/beep_bootloader/nrf_dfu_svci_handler.o
                0x00000000000f70ac                nrf_dfu_set_adv_name_var
                0x00000000000f70b8                __svc_data_end__ = (__svc_data_start__ + SIZEOF (.svc_data))
                0x000000000000000c                __svc_data_size__ = SIZEOF (.svc_data)
                0x00000000000f70b8                __stop_svc_data = __svc_data_end__
                0x00000000000f70b8                __svc_data_load_end__ = __svc_data_end__
                0x0000000000000001                . = ASSERT (((__svc_data_start__ == __svc_data_end__) || ((__svc_data_end__ - __FLASH_segment_start__) <= __FLASH_segment_size__)), error: .svc_data is too large to fit in FLASH memory segment)
                0x00000000000f70b8                __log_const_data_load_start__ = ALIGN (__svc_data_end__, 0x4)

.log_const_data
                0x00000000000f70b8        0x0
                0x00000000000f70b8                __log_const_data_start__ = .
                0x00000000000f70b8                __start_log_const_data = __log_const_data_start__
 *(SORT_BY_NAME(.log_const_data*))
                0x00000000000f70b8                __log_const_data_end__ = (__log_const_data_start__ + SIZEOF (.log_const_data))
                0x0000000000000000                __log_const_data_size__ = SIZEOF (.log_const_data)
                0x00000000000f70b8                __stop_log_const_data = __log_const_data_end__
                0x00000000000f70b8                __log_const_data_load_end__ = __log_const_data_end__
                0x0000000000000001                . = ASSERT (((__log_const_data_start__ == __log_const_data_end__) || ((__log_const_data_end__ - __FLASH_segment_start__) <= __FLASH_segment_size__)), error: .log_const_data is too large to fit in FLASH memory segment)
                0x00000000000f70b8                __nrf_balloc_load_start__ = ALIGN (__log_const_data_end__, 0x4)

.nrf_balloc     0x00000000000f70b8       0x14
                0x00000000000f70b8                __nrf_balloc_start__ = .
                0x00000000000f70b8                __start_nrf_balloc = __nrf_balloc_start__
 *(.nrf_balloc*)
 .nrf_balloc    0x00000000000f70b8       0x14 Output/Release_skip_CRC/Obj/beep_bootloader/nrf_dfu_ble.o
                0x00000000000f70b8                m_buffer_pool
                0x00000000000f70cc                __nrf_balloc_end__ = (__nrf_balloc_start__ + SIZEOF (.nrf_balloc))
                0x0000000000000014                __nrf_balloc_size__ = SIZEOF (.nrf_balloc)
                0x00000000000f70cc                __stop_nrf_balloc = __nrf_balloc_end__
                0x00000000000f70cc                __nrf_balloc_load_end__ = __nrf_balloc_end__
                0x0000000000000001                . = ASSERT (((__nrf_balloc_start__ == __nrf_balloc_end__) || ((__nrf_balloc_end__ - __FLASH_segment_start__) <= __FLASH_segment_size__)), error: .nrf_balloc is too large to fit in FLASH memory segment)
                0x00000000000f70cc                __sdh_ble_observers_load_start__ = ALIGN (__nrf_balloc_end__, 0x4)

.sdh_ble_observers
                0x00000000000f70cc        0x8
                0x00000000000f70cc                __sdh_ble_observers_start__ = .
                0x00000000000f70cc                __start_sdh_ble_observers = __sdh_ble_observers_start__
 *(SORT_BY_NAME(.sdh_ble_observers*))
 .sdh_ble_observers2
                0x00000000000f70cc        0x8 Output/Release_skip_CRC/Obj/beep_bootloader/nrf_dfu_ble.o
                0x00000000000f70d4                __sdh_ble_observers_end__ = (__sdh_ble_observers_start__ + SIZEOF (.sdh_ble_observers))
                0x0000000000000008                __sdh_ble_observers_size__ = SIZEOF (.sdh_ble_observers)
                0x00000000000f70d4                __stop_sdh_ble_observers = __sdh_ble_observers_end__
                0x00000000000f70d4                __sdh_ble_observers_load_end__ = __sdh_ble_observers_end__
                0x0000000000000001                . = ASSERT (((__sdh_ble_observers_start__ == __sdh_ble_observers_end__) || ((__sdh_ble_observers_end__ - __FLASH_segment_start__) <= __FLASH_segment_size__)), error: .sdh_ble_observers is too large to fit in FLASH memory segment)
                0x00000000000f70d4                __log_backends_load_start__ = ALIGN (__sdh_ble_observers_end__, 0x4)

.log_backends   0x00000000000f70d4        0x0
                0x00000000000f70d4                __log_backends_start__ = .
                0x00000000000f70d4                __start_log_backends = __log_backends_start__
 *(SORT_BY_NAME(.log_backends*))
                0x00000000000f70d4                __log_backends_end__ = (__log_backends_start__ + SIZEOF (.log_backends))
                0x0000000000000000                __log_backends_size__ = SIZEOF (.log_backends)
                0x00000000000f70d4                __stop_log_backends = __log_backends_end__
                0x00000000000f70d4                __log_backends_load_end__ = __log_backends_end__
                0x0000000000000001                . = ASSERT (((__log_backends_start__ == __log_backends_end__) || ((__log_backends_end__ - __FLASH_segment_start__) <= __FLASH_segment_size__)), error: .log_backends is too large to fit in FLASH memory segment)
                0x00000000000f70d4                __sdh_req_observers_load_start__ = ALIGN (__log_backends_end__, 0x4)

.sdh_req_observers
                0x00000000000f70d4        0x8
                0x00000000000f70d4                __sdh_req_observers_start__ = .
                0x00000000000f70d4                __start_sdh_req_observers = __sdh_req_observers_start__
 *(SORT_BY_NAME(.sdh_req_observers*))
 .sdh_req_observers0
                0x00000000000f70d4        0x8 Output/Release_skip_CRC/Obj/beep_bootloader/nrf_fstorage_sd.o
                0x00000000000f70d4                m_req_obs
                0x00000000000f70dc                __sdh_req_observers_end__ = (__sdh_req_observers_start__ + SIZEOF (.sdh_req_observers))
                0x0000000000000008                __sdh_req_observers_size__ = SIZEOF (.sdh_req_observers)
                0x00000000000f70dc                __stop_sdh_req_observers = __sdh_req_observers_end__
                0x00000000000f70dc                __sdh_req_observers_load_end__ = __sdh_req_observers_end__
                0x0000000000000001                . = ASSERT (((__sdh_req_observers_start__ == __sdh_req_observers_end__) || ((__sdh_req_observers_end__ - __FLASH_segment_start__) <= __FLASH_segment_size__)), error: .sdh_req_observers is too large to fit in FLASH memory segment)
                0x00000000000f70dc                __sdh_state_observers_load_start__ = ALIGN (__sdh_req_observers_end__, 0x4)

.sdh_state_observers
                0x00000000000f70dc        0x8
                0x00000000000f70dc                __sdh_state_observers_start__ = .
                0x00000000000f70dc                __start_sdh_state_observers = __sdh_state_observers_start__
 *(SORT_BY_NAME(.sdh_state_observers*))
 .sdh_state_observers0
                0x00000000000f70dc        0x8 Output/Release_skip_CRC/Obj/beep_bootloader/nrf_fstorage_sd.o
                0x00000000000f70e4                __sdh_state_observers_end__ = (__sdh_state_observers_start__ + SIZEOF (.sdh_state_observers))
                0x0000000000000008                __sdh_state_observers_size__ = SIZEOF (.sdh_state_observers)
                0x00000000000f70e4                __stop_sdh_state_observers = __sdh_state_observers_end__
                0x00000000000f70e4                __sdh_state_observers_load_end__ = __sdh_state_observers_end__
                0x0000000000000001                . = ASSERT (((__sdh_state_observers_start__ == __sdh_state_observers_end__) || ((__sdh_state_observers_end__ - __FLASH_segment_start__) <= __FLASH_segment_size__)), error: .sdh_state_observers is too large to fit in FLASH memory segment)
                0x00000000000f70e4                __sdh_stack_observers_load_start__ = ALIGN (__sdh_state_observers_end__, 0x4)

.sdh_stack_observers
                0x00000000000f70e4       0x10
                0x00000000000f70e4                __sdh_stack_observers_start__ = .
                0x00000000000f70e4                __start_sdh_stack_observers = __sdh_stack_observers_start__
 *(SORT_BY_NAME(.sdh_stack_observers*))
 .sdh_stack_observers0
                0x00000000000f70e4        0x8 Output/Release_skip_CRC/Obj/beep_bootloader/nrf_sdh_ble.o
 .sdh_stack_observers0
                0x00000000000f70ec        0x8 Output/Release_skip_CRC/Obj/beep_bootloader/nrf_sdh_soc.o